I=  384 T=    32 | v3     85.5 null     85.0 cand     84.4us | pro   19.0->  19.3 s1    39.3->   37.7 s2    20.4->   20.5 cb    6.8->   6.9 | gain  +1.3% noise  0.6% noise | diff 1.3e-01
I=  384 T=    64 | v3     98.4 null     98.1 cand     98.6us | pro   18.6->  19.0 s1    46.9->   46.5 s2    25.9->   26.0 cb    7.0->   7.0 | gain  -0.2% noise  0.3% noise | diff 1.3e-01
I=  384 T=   128 | v3    108.8 null    109.4 cand    110.4us | pro   18.5->  18.7 s1    54.4->   55.6 s2    29.0->   29.1 cb    7.0->   7.0 | gain  -1.5% noise  0.6% noise | diff 1.3e-01
I=  384 T=   256 | v3    116.5 null    117.6 cand    116.9us | pro   18.5->  18.9 s1    59.7->   59.4 s2    31.4->   31.6 cb    6.9->   7.0 | gain  -0.4% noise  1.0% noise | diff 1.3e-01
I=  384 T=   512 | v3    134.7 null    134.7 cand    132.7us | pro   26.6->  26.6 s1    65.3->   65.0 s2    35.4->   33.8 cb    7.4->   7.2 | gain  +1.5% noise  0.0% noise | diff 1.2e-01
I=  384 T=  1024 | v3    145.3 null    144.9 cand    145.5us | pro   20.8->  21.0 s1    69.7->   69.4 s2    41.8->   42.0 cb   13.1->  13.1 | gain  -0.1% noise  0.3% noise | diff 1.2e-01
I=  384 T=  2048 | v3    202.3 null    201.2 cand    200.5us | pro   37.5->  37.9 s1    80.5->   78.5 s2    60.1->   60.0 cb   24.3->  24.1 | gain  +0.9% noise  0.6% noise | diff 1.2e-01
I=  384 T=  4096 | v3    296.2 null    299.7 cand    296.6us | pro   47.7->  50.2 s1    99.6->   96.9 s2   101.1->  101.7 cb   47.8->  47.7 | gain  -0.1% noise  1.2% noise | diff 1.2e-01
I=  384 T=  8192 | v3    506.4 null    508.7 cand    502.5us | pro   60.7->  61.8 s1   151.6->  146.3 s2   170.6->  170.8 cb  123.4-> 123.5 | gain  +0.8% noise  0.4% noise | diff 1.2e-01
I=  384 T= 16384 | v3    945.4 null    949.7 cand    927.6us | pro   93.8->  95.3 s1   288.0->  247.4 s2   319.8->  344.8 cb  243.8-> 240.1 | gain  +1.9% noise  0.5% noise | diff 1.2e-01
I=  384 T= 32768 | v3   1743.7 null   1746.1 cand   1732.6us | pro  169.4-> 171.5 s1   470.2->  449.9 s2   619.2->  632.2 cb  485.0-> 479.1 | gain  +0.6% noise  0.1% noise | diff 1.2e-01
I=  768 T=    32 | v3    140.4 null    139.2 cand    141.1us | pro   23.1->  23.0 s1    77.6->   76.9 s2    32.4->   33.3 cb    7.4->   7.9 | gain  -0.4% noise  0.9% noise | diff 1.3e-01
I=  768 T=    64 | v3    174.0 null    173.5 cand    174.0us | pro   19.9->  20.8 s1    99.4->   97.9 s2    47.2->   47.6 cb    7.6->   7.7 | gain  +0.0% noise  0.3% noise | diff 1.2e-01
I=  768 T=   128 | v3    201.3 null    201.9 cand    203.2us | pro   20.0->  21.1 s1   111.9->  113.2 s2    61.6->   61.3 cb    7.8->   7.7 | gain  -1.0% noise  0.3% noise | diff 1.3e-01
I=  768 T=   256 | v3    213.1 null    213.7 cand    214.6us | pro   20.8->  21.0 s1   115.7->  116.4 s2    69.1->   69.5 cb    7.5->   7.6 | gain  -0.7% noise  0.3% noise | diff 1.3e-01
I=  768 T=   512 | v3    226.0 null    225.1 cand    224.1us | pro   20.2->  20.6 s1   121.2->  121.5 s2    77.1->   74.5 cb    7.5->   7.5 | gain  +0.8% noise  0.4% noise | diff 1.2e-01
I=  768 T=  1024 | v3    250.9 null    252.3 cand    246.9us | pro   20.2->  21.0 s1   129.0->  129.7 s2    88.6->   83.2 cb   13.2->  13.1 | gain  +1.6% noise  0.6% noise | diff 1.2e-01
I=  768 T=  2048 | v3    320.6 null    322.3 cand    312.1us | pro   38.0->  37.5 s1   150.2->  149.4 s2   108.2->  124.0 cb   24.1->   1.2 | gain  +2.6% noise  0.5% WIN | diff 1.2e-01
I=  768 T=  4096 | v3    458.3 null    458.5 cand    437.5us | pro   48.8->  47.7 s1   194.6->  188.5 s2   167.0->  153.2 cb   47.9->  48.1 | gain  +4.5% noise  0.0% WIN | diff 1.2e-01
I=  768 T=  8192 | v3    764.6 null    765.2 cand    723.4us | pro   50.7->  60.8 s1   308.8->  293.4 s2   282.8->  368.0 cb  122.3->   1.2 | gain  +5.4% noise  0.1% WIN | diff 1.2e-01
I=  768 T= 16384 | v3   1368.7 null   1376.6 cand   1228.1us | pro   93.8->  94.0 s1   531.9->  463.8 s2   500.6->  669.2 cb  242.4->   1.2 | gain +10.3% noise  0.6% WIN | diff 1.2e-01
I=  768 T= 32768 | v3   2487.0 null   2504.3 cand   2311.4us | pro  168.3-> 169.9 s1   901.1->  875.1 s2   934.8-> 1265.0 cb  482.8->   1.3 | gain  +7.1% noise  0.7% WIN | diff 1.2e-01
I= 1536 T=    32 | v3    248.5 null    248.5 cand    250.6us | pro   18.5->  19.1 s1   144.3->  145.2 s2    78.9->   79.6 cb    6.8->   6.7 | gain  -0.9% noise  0.0% noise | diff 1.3e-01
I= 1536 T=    64 | v3    327.9 null    328.3 cand    329.8us | pro   18.6->  18.9 s1   195.3->  196.2 s2   107.1->  107.7 cb    6.9->   7.0 | gain  -0.6% noise  0.1% noise | diff 1.2e-01
I= 1536 T=   128 | v3    363.1 null    365.4 cand    364.7us | pro   23.0->  23.4 s1   214.6->  214.5 s2   118.3->  119.8 cb    7.1->   7.0 | gain  -0.4% noise  0.6% noise | diff 1.3e-01
I= 1536 T=   256 | v3    376.1 null    378.0 cand    377.7us | pro   20.7->  21.0 s1   220.7->  220.1 s2   127.4->  129.0 cb    7.3->   7.6 | gain  -0.4% noise  0.5% noise | diff 1.2e-01
I= 1536 T=   512 | v3    406.8 null    406.8 cand    397.0us | pro   26.4->  26.5 s1   232.8->  230.6 s2   139.9->  132.1 cb    7.8->   7.7 | gain  +2.4% noise  0.0% WIN | diff 1.2e-01
I= 1536 T=  1024 | v3    436.3 null    437.2 cand    427.6us | pro   20.5->  20.7 s1   249.6->  248.9 s2   152.8->  144.9 cb   13.3->  13.1 | gain  +2.0% noise  0.2% noise | diff 1.2e-01
I= 1536 T=  2048 | v3    526.5 null    526.9 cand    507.8us | pro   40.5->  38.3 s1   273.7->  266.6 s2   187.8->  201.6 cb   24.4->   1.2 | gain  +3.5% noise  0.1% WIN | diff 1.2e-01
I= 1536 T=  4096 | v3    723.6 null    731.3 cand    693.1us | pro   48.7->  48.1 s1   367.6->  357.6 s2   259.2->  286.0 cb   48.1->   1.3 | gain  +4.2% noise  1.1% WIN | diff 1.2e-01
I= 1536 T=  8192 | v3   1252.2 null   1248.1 cand   1156.4us | pro   60.3->  62.1 s1   660.4->  562.4 s2   409.9->  410.4 cb  121.6-> 121.5 | gain  +7.6% noise  0.3% WIN | diff 1.2e-01
I= 1536 T= 16384 | v3   2099.9 null   2092.0 cand   2046.2us | pro   94.0->  95.2 s1  1018.3->  968.6 s2   745.9->  741.8 cb  241.8-> 240.6 | gain  +2.6% noise  0.4% WIN | diff 1.2e-01
I= 1536 T= 32768 | v3   3816.8 null   3811.9 cand   3780.2us | pro  169.9-> 172.9 s1  1789.7-> 1709.4 s2  1372.0-> 1417.0 cb  485.1-> 481.0 | gain  +1.0% noise  0.1% noise | diff 1.2e-01
