I=  384 T=    32 | v4     87.0 null     87.2 cand     87.1us | pro   20.2->  20.3 s1    39.2->   39.1 s2    20.6->   20.6 cb    7.0->   7.1 | gain  -0.1% noise  0.2% noise | diff 0.0e+00
I=  384 T=    64 | v4    101.0 null    100.8 cand    101.0us | pro   20.5->  20.5 s1    47.1->   46.8 s2    26.2->   26.4 cb    7.1->   7.2 | gain  +0.0% noise  0.1% noise | diff 0.0e+00
I=  384 T=   128 | v4    111.8 null    112.2 cand    112.8us | pro   20.7->  20.7 s1    54.7->   55.7 s2    29.2->   29.2 cb    7.2->   7.1 | gain  -0.9% noise  0.3% noise | diff 0.0e+00
I=  384 T=   256 | v4    118.8 null    118.8 cand    119.5us | pro   20.6->  20.5 s1    59.7->   60.2 s2    31.5->   31.8 cb    7.1->   7.1 | gain  -0.6% noise  0.1% noise | diff 0.0e+00
I=  384 T=   512 | v4    132.4 null    133.0 cand    126.0us | pro   27.0->  20.5 s1    64.2->   64.4 s2    33.6->   33.5 cb    7.6->   7.6 | gain  +4.9% noise  0.5% WIN | diff 0.0e+00
I=  384 T=  1024 | v4    146.9 null    144.3 cand    146.4us | pro   22.1->  22.1 s1    70.1->   69.7 s2    41.8->   41.7 cb   12.9->  13.0 | gain  +0.3% noise  1.8% noise | diff 0.0e+00
I=  384 T=  2048 | v4    203.2 null    199.4 cand    183.4us | pro   38.9->  28.7 s1    79.5->   78.1 s2    60.6->   51.6 cb   24.4->  25.0 | gain  +9.8% noise  1.9% WIN | diff 0.0e+00
I=  384 T=  4096 | v4    296.0 null    298.9 cand    260.5us | pro   49.4->  31.1 s1    96.4->   96.2 s2   102.5->   79.8 cb   47.7->  53.4 | gain +12.0% noise  1.0% WIN | diff 0.0e+00
I=  384 T=  8192 | v4    505.4 null    504.7 cand    441.0us | pro   63.6->  40.3 s1   146.1->  144.9 s2   172.4->  134.3 cb  123.2-> 121.5 | gain +12.7% noise  0.1% WIN | diff 0.0e+00
I=  384 T= 16384 | v4    925.0 null    921.3 cand    801.7us | pro   96.3->  66.7 s1   245.9->  247.5 s2   342.4->  247.8 cb  240.5-> 239.7 | gain +13.3% noise  0.4% WIN | diff 0.0e+00
I=  384 T= 32768 | v4   1728.5 null   1727.2 cand   1539.1us | pro  171.3-> 129.3 s1   452.3->  452.1 s2   625.3->  479.6 cb  479.5-> 478.2 | gain +11.0% noise  0.1% WIN | diff 0.0e+00
I=  768 T=    32 | v4    137.8 null    138.1 cand    134.0us | pro   22.6->  18.8 s1    76.0->   76.0 s2    32.2->   32.3 cb    7.0->   6.9 | gain  +2.7% noise  0.2% WIN | diff 0.0e+00
I=  768 T=    64 | v4    171.7 null    171.6 cand    170.0us | pro   18.9->  19.2 s1    98.2->   96.8 s2    47.7->   47.2 cb    6.9->   6.8 | gain  +1.0% noise  0.1% noise | diff 0.0e+00
I=  768 T=   128 | v4    199.8 null    199.7 cand    198.1us | pro   19.1->  19.0 s1   112.8->  112.5 s2    61.0->   59.5 cb    6.9->   7.0 | gain  +0.8% noise  0.1% noise | diff 0.0e+00
I=  768 T=   256 | v4    212.1 null    211.7 cand    212.2us | pro   19.1->  19.1 s1   116.7->  116.4 s2    69.5->   69.8 cb    6.8->   6.8 | gain  -0.0% noise  0.2% noise | diff 0.0e+00
I=  768 T=   512 | v4    223.4 null    223.4 cand    223.6us | pro   20.4->  20.8 s1   121.0->  121.4 s2    74.3->   73.7 cb    7.7->   7.6 | gain  -0.1% noise  0.0% noise | diff 0.0e+00
I=  768 T=  1024 | v4    245.0 null    245.7 cand    245.8us | pro   20.3->  20.6 s1   128.9->  128.9 s2    82.8->   83.2 cb   13.0->  13.0 | gain  -0.3% noise  0.3% noise | diff 0.0e+00
I=  768 T=  2048 | v4    313.1 null    315.8 cand    303.7us | pro   39.0->  29.7 s1   149.0->  148.8 s2   123.7->  123.9 cb    1.4->   1.3 | gain  +3.0% noise  0.9% WIN | diff 0.0e+00
I=  768 T=  4096 | v4    428.7 null    429.9 cand    412.7us | pro   48.0->  31.1 s1   184.5->  186.7 s2   148.2->  146.7 cb   47.9->  48.1 | gain  +3.7% noise  0.3% WIN | diff 0.0e+00
I=  768 T=  8192 | v4    720.7 null    717.1 cand    689.0us | pro   60.9->  39.8 s1   291.8->  290.8 s2   366.8->  238.3 cb    1.3-> 120.2 | gain  +4.4% noise  0.5% WIN | diff 4.8e-07
I=  768 T= 16384 | v4   1215.4 null   1212.3 cand   1182.4us | pro   93.7->  64.9 s1   450.0->  449.7 s2   670.4->  666.6 cb    1.3->   1.3 | gain  +2.7% noise  0.3% WIN | diff 0.0e+00
I=  768 T= 32768 | v4   2293.7 null   2285.3 cand   2236.8us | pro  169.5-> 126.8 s1   856.9->  844.7 s2  1266.2-> 1264.1 cb    1.2->   1.3 | gain  +2.5% noise  0.4% WIN | diff 0.0e+00
I= 1536 T=    32 | v4    250.0 null    249.0 cand    250.6us | pro   18.8->  19.2 s1   145.0->  144.5 s2    79.1->   80.0 cb    7.0->   6.9 | gain  -0.2% noise  0.4% noise | diff 0.0e+00
I= 1536 T=    64 | v4    329.3 null    328.2 cand    328.6us | pro   19.3->  19.4 s1   196.5->  194.5 s2   106.6->  107.8 cb    6.9->   6.9 | gain  +0.2% noise  0.4% noise | diff 0.0e+00
I= 1536 T=   128 | v4    364.2 null    365.0 cand    361.7us | pro   23.3->  19.1 s1   214.3->  214.5 s2   119.5->  120.8 cb    7.2->   7.2 | gain  +0.7% noise  0.2% noise | diff 0.0e+00
I= 1536 T=   256 | v4    374.3 null    375.3 cand    375.8us | pro   19.2->  19.2 s1   220.3->  220.2 s2   127.8->  129.3 cb    7.0->   7.1 | gain  -0.4% noise  0.3% noise | diff 0.0e+00
I= 1536 T=   512 | v4    395.4 null    394.8 cand    387.3us | pro   27.0->  18.9 s1   229.7->  229.5 s2   131.3->  131.5 cb    7.4->   7.4 | gain  +2.0% noise  0.2% WIN | diff 0.0e+00
I= 1536 T=  1024 | v4    427.6 null    426.2 cand    425.9us | pro   21.0->  19.0 s1   248.5->  248.3 s2   145.0->  145.3 cb   13.2->  13.2 | gain  +0.4% noise  0.3% noise | diff 0.0e+00
I= 1536 T=  2048 | v4    508.6 null    506.4 cand    473.6us | pro   39.8->  26.3 s1   267.6->  263.5 s2   200.1->  159.2 cb    1.1->  24.7 | gain  +6.9% noise  0.4% WIN | diff 0.0e+00
I= 1536 T=  4096 | v4    673.8 null    680.6 cand    646.8us | pro   49.2->  31.0 s1   338.3->  344.1 s2   285.2->  220.6 cb    1.1->  51.1 | gain  +4.0% noise  1.0% WIN | diff 3.6e-12
I= 1536 T=  8192 | v4   1156.2 null   1159.2 cand   1078.6us | pro   62.0->  40.3 s1   563.8->  558.9 s2   409.2->  478.3 cb  121.2->   1.1 | gain  +6.7% noise  0.3% WIN | diff 5.2e-12
I= 1536 T= 16384 | v4   2033.1 null   2043.3 cand   1894.1us | pro   94.8->  62.5 s1   953.9->  958.7 s2   743.0->  871.8 cb  241.5->   1.2 | gain  +6.8% noise  0.5% WIN | diff 9.6e-07
I= 1536 T= 32768 | v4   3746.0 null   3765.5 cand   3473.0us | pro  169.9-> 127.0 s1  1680.7-> 1699.6 s2  1415.5-> 1644.7 cb  479.9->   1.8 | gain  +7.3% noise  0.5% WIN | diff 7.9e-07
