I=  384 T=    32 | v4     87.2 null     85.8 cand     85.8us | pro   19.9->  20.4 s1    39.6->   37.7 s2    20.6->   20.7 cb    7.1->   7.1 | gain  +1.7% noise  1.7% noise | diff 0.0e+00
I=  384 T=    64 | v4    100.2 null     99.3 cand    100.1us | pro   20.2->  20.3 s1    46.8->   46.4 s2    26.1->   26.3 cb    7.0->   7.1 | gain  +0.1% noise  1.0% noise | diff 0.0e+00
I=  384 T=   128 | v4    111.1 null    111.2 cand    112.1us | pro   19.9->  20.1 s1    55.1->   55.8 s2    29.1->   29.2 cb    6.9->   7.0 | gain  -0.9% noise  0.0% noise | diff 0.0e+00
I=  384 T=   256 | v4    118.7 null    118.3 cand    118.8us | pro   20.1->  20.3 s1    60.0->   59.8 s2    31.5->   31.6 cb    7.1->   7.1 | gain  -0.1% noise  0.4% noise | diff 0.0e+00
I=  384 T=   512 | v4    132.9 null    131.9 cand    126.7us | pro   27.1->  19.9 s1    64.9->   65.6 s2    33.6->   33.6 cb    7.3->   7.5 | gain  +4.7% noise  0.8% WIN | diff 0.0e+00
I=  384 T=  1024 | v4    145.5 null    143.6 cand    144.0us | pro   21.2->  19.8 s1    69.6->   69.1 s2    41.7->   42.0 cb   12.9->  13.1 | gain  +1.0% noise  1.3% noise | diff 0.0e+00
I=  384 T=  2048 | v4    199.9 null    200.7 cand    190.0us | pro   37.7->  26.2 s1    78.1->   77.7 s2    59.9->   61.4 cb   24.2->  24.7 | gain  +5.0% noise  0.4% WIN | diff 0.0e+00
I=  384 T=  4096 | v4    296.5 null    299.3 cand    257.3us | pro   50.2->  30.9 s1    95.4->   96.1 s2   103.1->   77.6 cb   47.8->  52.8 | gain +13.2% noise  1.0% WIN | diff 0.0e+00
I=  384 T=  8192 | v4    504.6 null    504.7 cand    438.6us | pro   62.9->  40.2 s1   145.2->  145.6 s2   174.1->  131.4 cb  122.4-> 121.4 | gain +13.1% noise  0.0% WIN | diff 0.0e+00
I=  384 T= 16384 | v4    919.9 null    917.2 cand    794.2us | pro   95.8->  66.3 s1   245.9->  244.6 s2   338.1->  243.3 cb  240.0-> 240.0 | gain +13.7% noise  0.3% WIN | diff 0.0e+00
I=  384 T= 32768 | v4   1726.3 null   1727.5 cand   1533.1us | pro  170.6-> 128.8 s1   454.0->  450.8 s2   622.5->  474.9 cb  479.2-> 478.6 | gain +11.2% noise  0.1% WIN | diff 0.0e+00
I=  768 T=    32 | v4    138.1 null    138.4 cand    134.6us | pro   22.6->  18.6 s1    76.5->   77.1 s2    32.3->   32.2 cb    6.8->   6.7 | gain  +2.5% noise  0.2% WIN | diff 0.0e+00
I=  768 T=    64 | v4    171.5 null    171.2 cand    170.6us | pro   18.7->  18.8 s1    98.4->   97.8 s2    47.4->   47.1 cb    7.0->   6.9 | gain  +0.6% noise  0.2% noise | diff 0.0e+00
I=  768 T=   128 | v4    200.1 null    200.0 cand    197.2us | pro   18.9->  18.9 s1   111.8->  112.1 s2    62.3->   59.1 cb    7.0->   7.0 | gain  +1.5% noise  0.1% noise | diff 0.0e+00
I=  768 T=   256 | v4    212.6 null    211.4 cand    211.6us | pro   19.1->  19.0 s1   116.5->  115.8 s2    70.0->   69.8 cb    7.1->   6.9 | gain  +0.5% noise  0.6% noise | diff 0.0e+00
I=  768 T=   512 | v4    221.0 null    220.6 cand    221.1us | pro   18.8->  18.7 s1   120.7->  120.9 s2    74.4->   74.2 cb    7.1->   7.2 | gain  -0.0% noise  0.2% noise | diff 0.0e+00
I=  768 T=  1024 | v4    247.4 null    245.4 cand    243.8us | pro   21.4->  18.5 s1   130.0->  128.9 s2    83.0->   83.3 cb   13.0->  13.2 | gain  +1.4% noise  0.8% noise | diff 0.0e+00
I=  768 T=  2048 | v4    311.5 null    313.7 cand    304.1us | pro   39.0->  26.0 s1   148.3->  148.6 s2   123.1->  104.7 cb    1.1->  24.8 | gain  +2.4% noise  0.7% WIN | diff 3.7e-09
I=  768 T=  4096 | v4    427.3 null    430.1 cand    414.7us | pro   49.4->  30.5 s1   183.0->  184.9 s2   147.1->  150.7 cb   47.7->  48.5 | gain  +2.9% noise  0.6% WIN | diff 0.0e+00
I=  768 T=  8192 | v4    722.9 null    726.3 cand    696.3us | pro   61.2->  39.8 s1   292.4->  295.7 s2   368.1->  240.4 cb    1.2-> 120.4 | gain  +3.7% noise  0.5% WIN | diff 4.8e-07
I=  768 T= 16384 | v4   1229.9 null   1227.8 cand   1184.4us | pro   93.9->  64.9 s1   464.9->  454.6 s2   669.6->  425.2 cb    1.5-> 239.6 | gain  +3.7% noise  0.2% WIN | diff 7.6e-07
I=  768 T= 32768 | v4   2290.9 null   2293.1 cand   2250.5us | pro  169.5-> 126.8 s1   853.0->  855.0 s2  1267.3-> 1267.5 cb    1.1->   1.2 | gain  +1.8% noise  0.1% noise | diff 0.0e+00
I= 1536 T=    32 | v4    249.4 null    247.7 cand    250.0us | pro   18.6->  19.2 s1   144.5->  144.4 s2    79.2->   79.6 cb    7.0->   6.9 | gain  -0.2% noise  0.7% noise | diff 0.0e+00
I= 1536 T=    64 | v4    328.1 null    329.8 cand    328.2us | pro   19.0->  19.1 s1   195.2->  194.4 s2   107.1->  107.8 cb    6.7->   7.0 | gain  -0.0% noise  0.5% noise | diff 0.0e+00
I= 1536 T=   128 | v4    362.7 null    365.8 cand    360.9us | pro   23.1->  18.9 s1   213.6->  214.4 s2   119.3->  120.6 cb    6.8->   7.0 | gain  +0.5% noise  0.8% noise | diff 0.0e+00
I= 1536 T=   256 | v4    375.2 null    376.9 cand    378.0us | pro   20.3->  20.8 s1   219.9->  220.6 s2   127.5->  128.9 cb    7.4->   7.7 | gain  -0.8% noise  0.5% noise | diff 0.0e+00
I= 1536 T=   512 | v4    395.3 null    395.3 cand    386.6us | pro   26.9->  19.2 s1   229.4->  229.1 s2   131.6->  130.9 cb    7.3->   7.4 | gain  +2.2% noise  0.0% WIN | diff 0.0e+00
I= 1536 T=  1024 | v4    426.7 null    427.4 cand    424.8us | pro   20.8->  19.1 s1   249.0->  248.5 s2   143.9->  144.3 cb   13.1->  13.0 | gain  +0.5% noise  0.1% noise | diff 0.0e+00
I= 1536 T=  2048 | v4    505.6 null    507.0 cand    476.7us | pro   38.6->  27.7 s1   265.0->  264.1 s2   200.5->  160.1 cb    1.6->  24.8 | gain  +5.7% noise  0.3% WIN | diff 0.0e+00
I= 1536 T=  4096 | v4    685.8 null    687.8 cand    657.4us | pro   49.5->  30.7 s1   348.8->  355.8 s2   286.4->  219.5 cb    1.1->  51.4 | gain  +4.1% noise  0.3% WIN | diff 3.6e-12
I= 1536 T=  8192 | v4   1160.5 null   1159.8 cand   1101.1us | pro   62.0->  40.2 s1   566.8->  571.9 s2   410.7->  487.9 cb  121.0->   1.1 | gain  +5.1% noise  0.1% WIN | diff 5.2e-12
I= 1536 T= 16384 | v4   2029.0 null   2041.6 cand   1902.7us | pro   94.0->  65.8 s1   953.9->  963.6 s2   740.6->  872.5 cb  240.5->   0.9 | gain  +6.2% noise  0.6% WIN | diff 9.6e-07
I= 1536 T= 32768 | v4   3758.6 null   3761.9 cand   3477.7us | pro  171.2-> 127.3 s1  1685.3-> 1711.1 s2  1419.8-> 1638.3 cb  482.2->   1.1 | gain  +7.5% noise  0.1% WIN | diff 7.9e-07
