I=  384 T=   512 table                                                                  s1    65.2 s2    33.5 cb    7.5 total   127.5 | s2+cb  +0.0% vs table
I=  384 T=   512 BM=64,NW=4,pipe=hybrid2,D=2,diag=wpe3+s2nt                             s1    65.0 s2    34.7 cb    7.5 total   128.8 | s2+cb  -2.9% vs table
I=  384 T=   512 BM=128,NW=4,pipe=hybrid2,D=2,diag=wpe2+s2nt                            s1    64.5 s2    53.2 cb    7.4 total   146.8 | s2+cb -47.8% vs table
I=  384 T=   512 BM=128,NW=4,pipe=hybrid2,D=2,diag=wpe2+s2nt,HT=1                       s1    65.2 s2    66.7 cb    7.6 total   161.2 | s2+cb -81.3% vs table
I=  384 T=   512 BM=64,NW=4,pipe=hybrid2,D=3,diag=wpe3+s2nt                             s1    65.4 s2    35.7 cb    7.6 total   129.9 | s2+cb  -5.5% vs table
I=  384 T=  1024 table                                                                  s1    68.6 s2    41.4 cb   12.9 total   142.7 | s2+cb  +0.0% vs table
I=  384 T=  1024 BM=64,NW=4,pipe=hybrid2,D=2,diag=wpe3+s2nt                             s1    68.8 s2    40.6 cb   13.1 total   142.3 | s2+cb  +1.1% vs table
I=  384 T=  1024 BM=128,NW=4,pipe=hybrid2,D=2,diag=wpe2+s2nt                            s1    68.2 s2    57.4 cb   13.2 total   158.6 | s2+cb -30.0% vs table
I=  384 T=  1024 BM=128,NW=4,pipe=hybrid2,D=2,diag=wpe2+s2nt,HT=1                       s1    68.3 s2    71.5 cb   13.1 total   172.8 | s2+cb -55.9% vs table
I=  384 T=  1024 BM=64,NW=4,pipe=hybrid2,D=3,diag=wpe3+s2nt                             s1    68.9 s2    41.1 cb   13.4 total   143.0 | s2+cb  -0.3% vs table
I=  384 T=  4096 table                                                                  s1    97.5 s2   102.5 cb   47.5 total   279.3 | s2+cb  +0.0% vs table
I=  384 T=  4096 BM=64,NW=4,pipe=hybrid2,D=2,diag=wpe3+s2nt                             s1    96.3 s2    79.0 cb   52.7 total   258.3 | s2+cb +12.2% vs table
I=  384 T=  4096 BM=128,NW=4,pipe=hybrid2,D=2,diag=wpe2+s2nt                            s1    97.7 s2    91.1 cb   52.3 total   272.3 | s2+cb  +4.4% vs table
I=  384 T=  4096 BM=128,NW=4,pipe=hybrid2,D=2,diag=wpe2+s2nt,HT=1                       s1    95.4 s2   112.1 cb   53.0 total   291.1 | s2+cb -10.1% vs table
I=  384 T=  4096 BM=64,NW=4,pipe=hybrid2,D=3,diag=wpe3+s2nt                             s1    94.5 s2    76.2 cb   51.1 total   252.2 | s2+cb +15.1% vs table
I=  768 T=   512 table                                                                  s1   119.9 s2    74.1 cb    7.5 total   222.0 | s2+cb  +0.0% vs table
I=  768 T=   512 BM=128,NW=4,pipe=hybrid2,D=2,diag=wpe2+s2nt                            s1   120.4 s2    91.6 cb    7.3 total   239.9 | s2+cb -21.1% vs table
I=  768 T=   512 BM=128,NW=4,pipe=hybrid2,D=2,diag=wpe2+s2nt,FC=1                       s1   119.8 s2   121.4 cb    1.4 total   263.2 | s2+cb -50.5% vs table
I=  768 T=   512 BM=128,NW=4,pipe=hybrid2,D=2,diag=wpe2+s2nt,HT=1                       s1   119.4 s2    91.6 cb    7.4 total   239.6 | s2+cb -21.3% vs table
I=  768 T=   512 BM=128,NW=4,pipe=hybrid2,D=2,diag=wpe2+s2nt,HT=1,FC=1                  s1   119.3 s2   124.2 cb    1.4 total   265.7 | s2+cb -53.9% vs table
I=  768 T=   512 BM=64,NW=4,pipe=hybrid2,D=2,diag=wpe3+s2nt                             s1   119.3 s2    77.1 cb    7.4 total   225.4 | s2+cb  -3.6% vs table
I=  768 T=  1024 table                                                                  s1   129.7 s2    83.7 cb   12.8 total   246.7 | s2+cb  +0.0% vs table
I=  768 T=  1024 BM=128,NW=4,pipe=hybrid2,D=2,diag=wpe2+s2nt                            s1   128.8 s2    96.0 cb   13.2 total   258.8 | s2+cb -13.1% vs table
I=  768 T=  1024 BM=128,NW=4,pipe=hybrid2,D=2,diag=wpe2+s2nt,FC=1                       s1   129.2 s2   128.5 cb    1.2 total   279.7 | s2+cb -34.4% vs table
I=  768 T=  1024 BM=128,NW=4,pipe=hybrid2,D=2,diag=wpe2+s2nt,HT=1                       s1   129.4 s2    94.9 cb   13.1 total   258.7 | s2+cb -11.9% vs table
I=  768 T=  1024 BM=128,NW=4,pipe=hybrid2,D=2,diag=wpe2+s2nt,HT=1,FC=1                  s1   128.5 s2   131.9 cb    1.5 total   282.9 | s2+cb -38.2% vs table
I=  768 T=  1024 BM=64,NW=4,pipe=hybrid2,D=2,diag=wpe3+s2nt                             s1   129.2 s2    84.5 cb   13.3 total   248.4 | s2+cb  -1.3% vs table
I=  768 T=  2048 table                                                                  s1   147.8 s2   122.9 cb    1.8 total   299.0 | s2+cb  +0.0% vs table
I=  768 T=  2048 BM=128,NW=4,pipe=hybrid2,D=2,diag=wpe2+s2nt                            s1   148.2 s2   103.9 cb   24.6 total   303.3 | s2+cb  -3.0% vs table
I=  768 T=  2048 BM=128,NW=4,pipe=hybrid2,D=2,diag=wpe2+s2nt,FC=1                       s1   146.8 s2   149.3 cb    1.7 total   324.2 | s2+cb -21.1% vs table
I=  768 T=  2048 BM=128,NW=4,pipe=hybrid2,D=2,diag=wpe2+s2nt,HT=1                       s1   147.2 s2   103.0 cb   24.6 total   301.4 | s2+cb  -2.3% vs table
I=  768 T=  2048 BM=128,NW=4,pipe=hybrid2,D=2,diag=wpe2+s2nt,HT=1,FC=1                  s1   148.0 s2   154.2 cb    1.7 total   329.9 | s2+cb -25.0% vs table
I=  768 T=  2048 BM=64,NW=4,pipe=hybrid2,D=2,diag=wpe3+s2nt                             s1   147.8 s2   100.1 cb   24.4 total   299.1 | s2+cb  +0.1% vs table
I=  768 T=  4096 table                                                                  s1   187.3 s2   147.6 cb   48.2 total   413.7 | s2+cb  +0.0% vs table
I=  768 T=  4096 BM=128,NW=4,pipe=hybrid2,D=2,diag=wpe2+s2nt                            s1   185.8 s2   148.0 cb   51.8 total   416.5 | s2+cb  -2.0% vs table
I=  768 T=  4096 BM=128,NW=4,pipe=hybrid2,D=2,diag=wpe2+s2nt,FC=1                       s1   186.0 s2   226.4 cb    1.7 total   445.7 | s2+cb -16.5% vs table
I=  768 T=  4096 BM=128,NW=4,pipe=hybrid2,D=2,diag=wpe2+s2nt,HT=1                       s1   184.4 s2   144.4 cb   52.2 total   411.1 | s2+cb  -0.4% vs table
I=  768 T=  4096 BM=128,NW=4,pipe=hybrid2,D=2,diag=wpe2+s2nt,HT=1,FC=1                  s1   184.9 s2   229.1 cb    2.0 total   447.7 | s2+cb -18.0% vs table
I=  768 T=  4096 BM=64,NW=4,pipe=hybrid2,D=2,diag=wpe3+s2nt                             s1   186.5 s2   150.2 cb   50.6 total   417.6 | s2+cb  -2.6% vs table
I=  768 T=  8192 table                                                                  s1   286.0 s2   360.6 cb    1.7 total   688.5 | s2+cb  +0.0% vs table
I=  768 T=  8192 BM=128,NW=4,pipe=hybrid2,D=2,diag=wpe2+s2nt                            s1   285.3 s2   236.4 cb  120.4 total   681.8 | s2+cb  +1.5% vs table
I=  768 T=  8192 BM=128,NW=4,pipe=hybrid2,D=2,diag=wpe2+s2nt,FC=1                       s1   286.7 s2   353.4 cb    1.5 total   681.7 | s2+cb  +2.1% vs table
I=  768 T=  8192 BM=128,NW=4,pipe=hybrid2,D=2,diag=wpe2+s2nt,HT=1                       s1   283.0 s2   235.9 cb  120.4 total   678.9 | s2+cb  +1.7% vs table
I=  768 T=  8192 BM=128,NW=4,pipe=hybrid2,D=2,diag=wpe2+s2nt,HT=1,FC=1                  s1   283.5 s2   364.3 cb    1.7 total   689.8 | s2+cb  -1.0% vs table
I=  768 T=  8192 BM=64,NW=4,pipe=hybrid2,D=2,diag=wpe3+s2nt                             s1   285.4 s2   254.1 cb  121.1 total   700.4 | s2+cb  -3.6% vs table
I=  768 T= 16384 table                                                                  s1   459.1 s2   669.3 cb    1.9 total  1196.7 | s2+cb  +0.0% vs table
I=  768 T= 16384 BM=128,NW=4,pipe=hybrid2,D=2,diag=wpe2+s2nt                            s1   460.2 s2   425.2 cb  240.1 total  1190.5 | s2+cb  +0.9% vs table
I=  768 T= 16384 BM=128,NW=4,pipe=hybrid2,D=2,diag=wpe2+s2nt,FC=1                       s1   463.7 s2   653.3 cb    1.8 total  1185.0 | s2+cb  +2.4% vs table
I=  768 T= 16384 BM=128,NW=4,pipe=hybrid2,D=2,diag=wpe2+s2nt,HT=1                       s1   460.0 s2   435.4 cb  240.4 total  1200.6 | s2+cb  -0.7% vs table
I=  768 T= 16384 BM=128,NW=4,pipe=hybrid2,D=2,diag=wpe2+s2nt,HT=1,FC=1                  s1   462.1 s2   687.8 cb    1.6 total  1217.0 | s2+cb  -2.7% vs table
I=  768 T= 16384 BM=64,NW=4,pipe=hybrid2,D=2,diag=wpe3+s2nt                             s1   457.2 s2   472.1 cb  240.1 total  1234.9 | s2+cb  -6.1% vs table
I= 1536 T=   512 table                                                                  s1   229.2 s2   132.2 cb    7.5 total   389.8 | s2+cb  +0.0% vs table
I= 1536 T=   512 BM=128,NW=4,pipe=hybrid2,D=2,diag=wpe2+s2nt                            s1   233.0 s2   137.9 cb    7.6 total   399.2 | s2+cb  -4.1% vs table
I= 1536 T=   512 BM=128,NW=4,pipe=hybrid2,D=2,diag=wpe2+s2nt,FC=1                       s1   233.4 s2   171.2 cb    1.7 total   427.1 | s2+cb -23.7% vs table
I= 1536 T=   512 BM=128,NW=4,pipe=hybrid2,D=2,diag=wpe2+s2nt,HT=1                       s1   229.2 s2   334.9 cb    7.7 total   593.4 | s2+cb -145.2% vs table
I= 1536 T=   512 BM=128,NW=4,pipe=hybrid2,D=2,diag=wpe2+s2nt,HT=1,FC=1                  s1   229.7 s2   372.1 cb    1.5 total   624.0 | s2+cb -167.2% vs table
I= 1536 T=   512 BM=64,NW=4,pipe=hybrid2,D=2,diag=wpe3+s2nt                             s1   231.8 s2   140.3 cb    7.6 total   401.2 | s2+cb  -5.8% vs table
I= 1536 T=  1024 table                                                                  s1   249.6 s2   145.2 cb   13.0 total   428.6 | s2+cb  +0.0% vs table
I= 1536 T=  1024 BM=128,NW=4,pipe=hybrid2,D=2,diag=wpe2+s2nt                            s1   250.2 s2   143.1 cb   13.5 total   429.1 | s2+cb  +1.0% vs table
I= 1536 T=  1024 BM=128,NW=4,pipe=hybrid2,D=2,diag=wpe2+s2nt,FC=1                       s1   249.9 s2   179.3 cb    1.7 total   451.4 | s2+cb -14.4% vs table
I= 1536 T=  1024 BM=128,NW=4,pipe=hybrid2,D=2,diag=wpe2+s2nt,HT=1                       s1   248.8 s2   346.3 cb   13.4 total   629.8 | s2+cb -127.3% vs table
I= 1536 T=  1024 BM=128,NW=4,pipe=hybrid2,D=2,diag=wpe2+s2nt,HT=1,FC=1                  s1   248.9 s2   378.8 cb    1.8 total   650.2 | s2+cb -140.5% vs table
I= 1536 T=  1024 BM=64,NW=4,pipe=hybrid2,D=2,diag=wpe3+s2nt                             s1   249.5 s2   149.8 cb   13.3 total   433.7 | s2+cb  -3.1% vs table
I= 1536 T=  2048 table                                                                  s1   268.4 s2   200.4 cb    1.6 total   496.8 | s2+cb  +0.0% vs table
I= 1536 T=  2048 BM=128,NW=4,pipe=hybrid2,D=2,diag=wpe2+s2nt                            s1   265.9 s2   160.3 cb   24.7 total   477.6 | s2+cb  +8.4% vs table
I= 1536 T=  2048 BM=128,NW=4,pipe=hybrid2,D=2,diag=wpe2+s2nt,FC=1                       s1   266.7 s2   206.3 cb    1.2 total   500.5 | s2+cb  -2.8% vs table
I= 1536 T=  2048 BM=128,NW=4,pipe=hybrid2,D=2,diag=wpe2+s2nt,HT=1                       s1   264.8 s2   372.1 cb   24.4 total   687.8 | s2+cb -96.3% vs table
I= 1536 T=  2048 BM=128,NW=4,pipe=hybrid2,D=2,diag=wpe2+s2nt,HT=1,FC=1                  s1   266.2 s2   406.3 cb    1.5 total   700.8 | s2+cb -101.9% vs table
I= 1536 T=  2048 BM=64,NW=4,pipe=hybrid2,D=2,diag=wpe3+s2nt                             s1   266.0 s2   176.2 cb   24.6 total   493.5 | s2+cb  +0.6% vs table
I= 1536 T=  4096 table                                                                  s1   350.5 s2   288.4 cb    1.7 total   674.0 | s2+cb  +0.0% vs table
I= 1536 T=  4096 BM=128,NW=4,pipe=hybrid2,D=2,diag=wpe2+s2nt                            s1   354.1 s2   220.7 cb   52.2 total   659.8 | s2+cb  +5.9% vs table
I= 1536 T=  4096 BM=128,NW=4,pipe=hybrid2,D=2,diag=wpe2+s2nt,FC=1                       s1   352.0 s2   302.3 cb    1.9 total   688.6 | s2+cb  -4.8% vs table
I= 1536 T=  4096 BM=128,NW=4,pipe=hybrid2,D=2,diag=wpe2+s2nt,HT=1                       s1   346.7 s2   543.7 cb   51.4 total   972.4 | s2+cb -105.1% vs table
I= 1536 T=  4096 BM=128,NW=4,pipe=hybrid2,D=2,diag=wpe2+s2nt,HT=1,FC=1                  s1   355.8 s2   615.5 cb    1.8 total  1003.6 | s2+cb -112.8% vs table
I= 1536 T=  4096 BM=64,NW=4,pipe=hybrid2,D=2,diag=wpe3+s2nt                             s1   367.3 s2   254.4 cb   52.7 total   705.0 | s2+cb  -5.9% vs table
I= 1536 T=  8192 table                                                                  s1   580.9 s2   413.0 cb  122.2 total  1156.1 | s2+cb  +0.0% vs table
I= 1536 T=  8192 BM=128,NW=4,pipe=hybrid2,D=2,diag=wpe2+s2nt                            s1   570.7 s2   362.2 cb  120.5 total  1093.2 | s2+cb  +9.8% vs table
I= 1536 T=  8192 BM=128,NW=4,pipe=hybrid2,D=2,diag=wpe2+s2nt,FC=1                       s1   567.9 s2   479.4 cb    2.1 total  1090.0 | s2+cb +10.0% vs table
I= 1536 T=  8192 BM=128,NW=4,pipe=hybrid2,D=2,diag=wpe2+s2nt,HT=1                       s1   564.1 s2   858.7 cb  120.8 total  1583.6 | s2+cb -83.0% vs table
I= 1536 T=  8192 BM=128,NW=4,pipe=hybrid2,D=2,diag=wpe2+s2nt,HT=1,FC=1                  s1   580.2 s2   960.0 cb    2.1 total  1582.7 | s2+cb -79.8% vs table
I= 1536 T=  8192 BM=64,NW=4,pipe=hybrid2,D=2,diag=wpe3+s2nt                             s1   575.2 s2   432.3 cb  120.7 total  1168.5 | s2+cb  -3.3% vs table
I= 1536 T= 16384 table                                                                  s1   974.0 s2   742.5 cb  240.4 total  2022.4 | s2+cb  +0.0% vs table
I= 1536 T= 16384 BM=128,NW=4,pipe=hybrid2,D=2,diag=wpe2+s2nt                            s1   965.1 s2   651.7 cb  239.4 total  1918.4 | s2+cb  +9.3% vs table
I= 1536 T= 16384 BM=128,NW=4,pipe=hybrid2,D=2,diag=wpe2+s2nt,FC=1                       s1   964.4 s2   873.1 cb    1.2 total  1904.6 | s2+cb +11.0% vs table
I= 1536 T= 16384 BM=128,NW=4,pipe=hybrid2,D=2,diag=wpe2+s2nt,HT=1                       s1   947.2 s2  1449.4 cb  240.0 total  2702.2 | s2+cb -71.9% vs table
I= 1536 T= 16384 BM=128,NW=4,pipe=hybrid2,D=2,diag=wpe2+s2nt,HT=1,FC=1                  s1   982.2 s2  1638.6 cb    1.3 total  2688.4 | s2+cb -66.8% vs table
I= 1536 T= 16384 BM=64,NW=4,pipe=hybrid2,D=2,diag=wpe3+s2nt                             s1   983.0 s2   795.1 cb  240.5 total  2084.0 | s2+cb  -5.4% vs table
