I=  384 T=   512 table                                                                  s1    64.9 s2    33.7 cb    7.2 total   124.5 | s2+cb  +0.0% vs table
I=  384 T=   512 BM=64,NW=4,pipe=hybrid2,D=2,diag=wpe3+s2nt                             s1    64.5 s2    34.4 cb    7.2 total   124.8 | s2+cb  -1.6% vs table
I=  384 T=   512 BM=64,NW=4,pipe=hybrid2,D=3,diag=wpe3+s2nt                             s1    63.6 s2    35.7 cb    7.2 total   125.3 | s2+cb  -4.9% vs table
I=  384 T=   512 BM=128,NW=4,pipe=hybrid2,D=2,diag=wpe2+s2nt                            s1    63.7 s2    52.2 cb    7.2 total   141.9 | s2+cb -45.2% vs table
I=  384 T=   512 BM=128,NW=4,pipe=hybrid2,D=2,diag=wpe2+s2nt,HT=1                       s1    64.0 s2    66.2 cb    7.2 total   156.0 | s2+cb -79.4% vs table
I=  384 T=   512 BM=128,NW=4,pipe=hybrid2,D=2,diag=wpe2                                 s1    64.8 s2    52.9 cb    7.2 total   143.6 | s2+cb -46.9% vs table
I=  384 T=  1024 table                                                                  s1    68.9 s2    41.3 cb   12.9 total   141.4 | s2+cb  +0.0% vs table
I=  384 T=  1024 BM=64,NW=4,pipe=hybrid2,D=2,diag=wpe3+s2nt                             s1    68.7 s2    41.5 cb   13.3 total   141.7 | s2+cb  -1.0% vs table
I=  384 T=  1024 BM=64,NW=4,pipe=hybrid2,D=3,diag=wpe3+s2nt                             s1    68.6 s2    40.6 cb   13.2 total   140.7 | s2+cb  +0.7% vs table
I=  384 T=  1024 BM=128,NW=4,pipe=hybrid2,D=2,diag=wpe2+s2nt                            s1    68.8 s2    56.8 cb   13.3 total   157.2 | s2+cb -29.3% vs table
I=  384 T=  1024 BM=128,NW=4,pipe=hybrid2,D=2,diag=wpe2+s2nt,HT=1                       s1    68.2 s2    71.1 cb   13.3 total   170.9 | s2+cb -55.6% vs table
I=  384 T=  1024 BM=128,NW=4,pipe=hybrid2,D=2,diag=wpe2                                 s1    69.0 s2    59.1 cb   12.9 total   159.2 | s2+cb -32.7% vs table
I=  384 T=  2048 table                                                                  s1    77.2 s2    60.7 cb   24.3 total   187.2 | s2+cb  +0.0% vs table
I=  384 T=  2048 BM=64,NW=4,pipe=hybrid2,D=2,diag=wpe3+s2nt                             s1    77.0 s2    53.1 cb   24.6 total   179.9 | s2+cb  +8.4% vs table
I=  384 T=  2048 BM=64,NW=4,pipe=hybrid2,D=3,diag=wpe3+s2nt                             s1    78.0 s2    51.9 cb   24.7 total   179.6 | s2+cb  +9.8% vs table
I=  384 T=  2048 BM=128,NW=4,pipe=hybrid2,D=2,diag=wpe2+s2nt                            s1    76.7 s2    63.4 cb   24.7 total   189.7 | s2+cb  -3.7% vs table
I=  384 T=  2048 BM=128,NW=4,pipe=hybrid2,D=2,diag=wpe2+s2nt,HT=1                       s1    77.1 s2    77.2 cb   24.7 total   204.2 | s2+cb -20.1% vs table
I=  384 T=  2048 BM=128,NW=4,pipe=hybrid2,D=2,diag=wpe2                                 s1    77.0 s2    72.5 cb   24.3 total   198.8 | s2+cb -14.1% vs table
I=  384 T=  4096 table                                                                  s1    94.0 s2   103.0 cb   47.6 total   274.9 | s2+cb  +0.0% vs table
I=  384 T=  4096 BM=64,NW=4,pipe=hybrid2,D=2,diag=wpe3+s2nt                             s1    95.1 s2    79.4 cb   52.6 total   257.6 | s2+cb +12.4% vs table
I=  384 T=  4096 BM=64,NW=4,pipe=hybrid2,D=3,diag=wpe3+s2nt                             s1    97.4 s2    76.9 cb   52.3 total   257.9 | s2+cb +14.2% vs table
I=  384 T=  4096 BM=128,NW=4,pipe=hybrid2,D=2,diag=wpe2+s2nt                            s1    95.4 s2    90.7 cb   52.1 total   269.0 | s2+cb  +5.2% vs table
I=  384 T=  4096 BM=128,NW=4,pipe=hybrid2,D=2,diag=wpe2+s2nt,HT=1                       s1    93.7 s2   115.6 cb   50.5 total   289.9 | s2+cb -10.3% vs table
I=  384 T=  4096 BM=128,NW=4,pipe=hybrid2,D=2,diag=wpe2                                 s1    95.5 s2   117.7 cb   47.3 total   291.1 | s2+cb  -9.6% vs table
I=  384 T=  8192 table                                                                  s1   143.2 s2   173.1 cb  123.0 total   478.6 | s2+cb  +0.0% vs table
I=  384 T=  8192 BM=64,NW=4,pipe=hybrid2,D=2,diag=wpe3+s2nt                             s1   142.9 s2   131.7 cb  120.7 total   435.6 | s2+cb +14.7% vs table
I=  384 T=  8192 BM=64,NW=4,pipe=hybrid2,D=3,diag=wpe3+s2nt                             s1   143.4 s2   134.5 cb  121.0 total   439.1 | s2+cb +13.7% vs table
I=  384 T=  8192 BM=128,NW=4,pipe=hybrid2,D=2,diag=wpe2+s2nt                            s1   144.0 s2   147.9 cb  120.1 total   452.3 | s2+cb  +9.5% vs table
I=  384 T=  8192 BM=128,NW=4,pipe=hybrid2,D=2,diag=wpe2+s2nt,HT=1                       s1   143.1 s2   183.9 cb  120.6 total   487.4 | s2+cb  -2.9% vs table
I=  384 T=  8192 BM=128,NW=4,pipe=hybrid2,D=2,diag=wpe2                                 s1   143.8 s2   194.4 cb  122.8 total   501.0 | s2+cb  -7.2% vs table
I=  384 T= 16384 table                                                                  s1   243.2 s2   337.4 cb  240.4 total   883.5 | s2+cb  +0.0% vs table
I=  384 T= 16384 BM=64,NW=4,pipe=hybrid2,D=2,diag=wpe3+s2nt                             s1   248.7 s2   249.1 cb  239.3 total   804.1 | s2+cb +15.5% vs table
I=  384 T= 16384 BM=64,NW=4,pipe=hybrid2,D=3,diag=wpe3+s2nt                             s1   248.4 s2   238.7 cb  239.6 total   793.1 | s2+cb +17.2% vs table
I=  384 T= 16384 BM=128,NW=4,pipe=hybrid2,D=2,diag=wpe2+s2nt                            s1   248.1 s2   272.3 cb  240.4 total   826.5 | s2+cb +11.3% vs table
I=  384 T= 16384 BM=128,NW=4,pipe=hybrid2,D=2,diag=wpe2+s2nt,HT=1                       s1   245.0 s2   328.5 cb  239.8 total   875.2 | s2+cb  +1.6% vs table
I=  384 T= 16384 BM=128,NW=4,pipe=hybrid2,D=2,diag=wpe2                                 s1   245.5 s2   353.4 cb  243.3 total   907.5 | s2+cb  -3.3% vs table
I=  384 T= 32768 table                                                                  s1   451.4 s2   627.3 cb  479.7 total  1685.0 | s2+cb  +0.0% vs table
I=  384 T= 32768 BM=64,NW=4,pipe=hybrid2,D=2,diag=wpe3+s2nt                             s1   449.7 s2   480.6 cb  479.0 total  1539.0 | s2+cb +13.3% vs table
I=  384 T= 32768 BM=64,NW=4,pipe=hybrid2,D=3,diag=wpe3+s2nt                             s1   455.8 s2   478.7 cb  478.1 total  1541.5 | s2+cb +13.6% vs table
I=  384 T= 32768 BM=128,NW=4,pipe=hybrid2,D=2,diag=wpe2+s2nt                            s1   452.0 s2   508.2 cb  478.6 total  1565.9 | s2+cb +10.9% vs table
I=  384 T= 32768 BM=128,NW=4,pipe=hybrid2,D=2,diag=wpe2+s2nt,HT=1                       s1   444.0 s2   621.0 cb  478.6 total  1670.4 | s2+cb  +0.7% vs table
I=  384 T= 32768 BM=128,NW=4,pipe=hybrid2,D=2,diag=wpe2                                 s1   451.8 s2   676.8 cb  482.8 total  1738.7 | s2+cb  -4.7% vs table
I=  768 T=   512 table                                                                  s1   119.5 s2    74.5 cb    7.5 total   224.6 | s2+cb  +0.0% vs table
I=  768 T=   512 BM=128,NW=4,pipe=hybrid2,D=2,diag=wpe2+s2nt                            s1   120.9 s2    91.8 cb    7.5 total   241.7 | s2+cb -21.1% vs table
I=  768 T=   512 BM=128,NW=4,pipe=hybrid2,D=2,diag=wpe2+s2nt,FC=1                       s1   120.3 s2   121.5 cb    1.3 total   264.7 | s2+cb -49.7% vs table
I=  768 T=   512 BM=128,NW=4,pipe=hybrid2,D=2,diag=wpe2+s2nt,HT=1                       s1   120.1 s2    91.6 cb    7.4 total   242.0 | s2+cb -20.7% vs table
I=  768 T=   512 BM=128,NW=4,pipe=hybrid2,D=2,diag=wpe2+s2nt,HT=1,FC=1                  s1   120.5 s2   124.1 cb    1.3 total   267.2 | s2+cb -52.9% vs table
I=  768 T=   512 BM=64,NW=4,pipe=hybrid2,D=2,diag=wpe3+s2nt                             s1   119.6 s2    77.0 cb    7.6 total   227.1 | s2+cb  -3.2% vs table
I=  768 T=   512 BM=128,NW=4,pipe=hybrid2,D=2,diag=wpe2,FC=1                            s1   120.5 s2   112.3 cb    1.2 total   255.7 | s2+cb -38.5% vs table
I=  768 T=  1024 table                                                                  s1   129.1 s2    84.0 cb   13.1 total   245.6 | s2+cb  +0.0% vs table
I=  768 T=  1024 BM=128,NW=4,pipe=hybrid2,D=2,diag=wpe2+s2nt                            s1   129.1 s2    95.7 cb   13.3 total   257.2 | s2+cb -12.3% vs table
I=  768 T=  1024 BM=128,NW=4,pipe=hybrid2,D=2,diag=wpe2+s2nt,FC=1                       s1   128.6 s2   128.9 cb    1.2 total   277.5 | s2+cb -33.9% vs table
I=  768 T=  1024 BM=128,NW=4,pipe=hybrid2,D=2,diag=wpe2+s2nt,HT=1                       s1   129.4 s2    95.9 cb   13.2 total   257.8 | s2+cb -12.4% vs table
I=  768 T=  1024 BM=128,NW=4,pipe=hybrid2,D=2,diag=wpe2+s2nt,HT=1,FC=1                  s1   129.0 s2   131.7 cb    1.6 total   280.9 | s2+cb -37.3% vs table
I=  768 T=  1024 BM=64,NW=4,pipe=hybrid2,D=2,diag=wpe3+s2nt                             s1   128.8 s2    84.6 cb   13.3 total   246.0 | s2+cb  -0.8% vs table
I=  768 T=  1024 BM=128,NW=4,pipe=hybrid2,D=2,diag=wpe2,FC=1                            s1   129.0 s2   120.1 cb    1.2 total   269.1 | s2+cb -24.9% vs table
I=  768 T=  2048 table                                                                  s1   148.3 s2   122.8 cb    1.2 total   299.3 | s2+cb  +0.0% vs table
I=  768 T=  2048 BM=128,NW=4,pipe=hybrid2,D=2,diag=wpe2+s2nt                            s1   147.9 s2   105.1 cb   24.8 total   304.8 | s2+cb  -4.8% vs table
I=  768 T=  2048 BM=128,NW=4,pipe=hybrid2,D=2,diag=wpe2+s2nt,FC=1                       s1   147.0 s2   149.2 cb    1.4 total   323.7 | s2+cb -21.5% vs table
I=  768 T=  2048 BM=128,NW=4,pipe=hybrid2,D=2,diag=wpe2+s2nt,HT=1                       s1   147.1 s2   104.3 cb   24.6 total   303.1 | s2+cb  -4.0% vs table
I=  768 T=  2048 BM=128,NW=4,pipe=hybrid2,D=2,diag=wpe2+s2nt,HT=1,FC=1                  s1   146.8 s2   153.6 cb    1.3 total   328.2 | s2+cb -25.0% vs table
I=  768 T=  2048 BM=64,NW=4,pipe=hybrid2,D=2,diag=wpe3+s2nt                             s1   147.7 s2   101.0 cb   25.2 total   301.4 | s2+cb  -1.8% vs table
I=  768 T=  2048 BM=128,NW=4,pipe=hybrid2,D=2,diag=wpe2,FC=1                            s1   148.0 s2   141.7 cb    1.1 total   317.4 | s2+cb -15.3% vs table
I=  768 T=  4096 table                                                                  s1   183.4 s2   147.1 cb   48.5 total   409.1 | s2+cb  +0.0% vs table
I=  768 T=  4096 BM=128,NW=4,pipe=hybrid2,D=2,diag=wpe2+s2nt                            s1   183.0 s2   147.5 cb   52.3 total   413.2 | s2+cb  -2.2% vs table
I=  768 T=  4096 BM=128,NW=4,pipe=hybrid2,D=2,diag=wpe2+s2nt,FC=1                       s1   183.2 s2   227.7 cb    1.7 total   443.8 | s2+cb -17.3% vs table
I=  768 T=  4096 BM=128,NW=4,pipe=hybrid2,D=2,diag=wpe2+s2nt,HT=1                       s1   181.8 s2   143.3 cb   51.9 total   406.8 | s2+cb  +0.2% vs table
I=  768 T=  4096 BM=128,NW=4,pipe=hybrid2,D=2,diag=wpe2+s2nt,HT=1,FC=1                  s1   182.7 s2   228.5 cb    1.6 total   443.4 | s2+cb -17.7% vs table
I=  768 T=  4096 BM=64,NW=4,pipe=hybrid2,D=2,diag=wpe3+s2nt                             s1   183.4 s2   150.6 cb   50.3 total   414.7 | s2+cb  -2.8% vs table
I=  768 T=  4096 BM=128,NW=4,pipe=hybrid2,D=2,diag=wpe2,FC=1                            s1   185.7 s2   219.8 cb    1.7 total   438.7 | s2+cb -13.3% vs table
I=  768 T=  8192 table                                                                  s1   287.6 s2   362.7 cb    1.6 total   692.5 | s2+cb  +0.0% vs table
I=  768 T=  8192 BM=128,NW=4,pipe=hybrid2,D=2,diag=wpe2+s2nt                            s1   284.5 s2   237.0 cb  120.6 total   681.8 | s2+cb  +1.9% vs table
I=  768 T=  8192 BM=128,NW=4,pipe=hybrid2,D=2,diag=wpe2+s2nt,FC=1                       s1   286.6 s2   362.3 cb    1.5 total   691.1 | s2+cb  +0.1% vs table
I=  768 T=  8192 BM=128,NW=4,pipe=hybrid2,D=2,diag=wpe2+s2nt,HT=1                       s1   285.4 s2   240.0 cb  120.8 total   686.3 | s2+cb  +1.0% vs table
I=  768 T=  8192 BM=128,NW=4,pipe=hybrid2,D=2,diag=wpe2+s2nt,HT=1,FC=1                  s1   288.8 s2   368.7 cb    1.7 total   699.9 | s2+cb  -1.7% vs table
I=  768 T=  8192 BM=64,NW=4,pipe=hybrid2,D=2,diag=wpe3+s2nt                             s1   289.6 s2   254.3 cb  120.5 total   704.8 | s2+cb  -2.9% vs table
I=  768 T=  8192 BM=128,NW=4,pipe=hybrid2,D=2,diag=wpe2,FC=1                            s1   289.7 s2   358.8 cb    1.5 total   690.4 | s2+cb  +1.1% vs table
I=  768 T= 16384 table                                                                  s1   464.4 s2   673.0 cb    1.2 total  1200.6 | s2+cb  +0.0% vs table
I=  768 T= 16384 BM=128,NW=4,pipe=hybrid2,D=2,diag=wpe2+s2nt                            s1   457.2 s2   429.5 cb  240.0 total  1192.1 | s2+cb  +0.7% vs table
I=  768 T= 16384 BM=128,NW=4,pipe=hybrid2,D=2,diag=wpe2+s2nt,FC=1                       s1   462.1 s2   654.0 cb    1.2 total  1183.0 | s2+cb  +2.8% vs table
I=  768 T= 16384 BM=128,NW=4,pipe=hybrid2,D=2,diag=wpe2+s2nt,HT=1                       s1   457.8 s2   436.4 cb  240.2 total  1199.7 | s2+cb  -0.4% vs table
I=  768 T= 16384 BM=128,NW=4,pipe=hybrid2,D=2,diag=wpe2+s2nt,HT=1,FC=1                  s1   460.9 s2   687.8 cb    1.4 total  1215.4 | s2+cb  -2.2% vs table
I=  768 T= 16384 BM=64,NW=4,pipe=hybrid2,D=2,diag=wpe3+s2nt                             s1   461.1 s2   475.0 cb  239.7 total  1238.0 | s2+cb  -6.0% vs table
I=  768 T= 16384 BM=128,NW=4,pipe=hybrid2,D=2,diag=wpe2,FC=1                            s1   465.0 s2   669.5 cb    1.1 total  1202.0 | s2+cb  +0.5% vs table
I=  768 T= 32768 table                                                                  s1   851.5 s2  1270.1 cb    1.2 total  2249.8 | s2+cb  +0.0% vs table
I=  768 T= 32768 BM=128,NW=4,pipe=hybrid2,D=2,diag=wpe2+s2nt                            s1   849.5 s2   808.2 cb  479.0 total  2264.2 | s2+cb  -1.3% vs table
I=  768 T= 32768 BM=128,NW=4,pipe=hybrid2,D=2,diag=wpe2+s2nt,FC=1                       s1   872.4 s2  1247.8 cb    1.1 total  2248.2 | s2+cb  +1.8% vs table
I=  768 T= 32768 BM=128,NW=4,pipe=hybrid2,D=2,diag=wpe2+s2nt,HT=1                       s1   851.7 s2   840.1 cb  480.0 total  2298.0 | s2+cb  -3.8% vs table
I=  768 T= 32768 BM=128,NW=4,pipe=hybrid2,D=2,diag=wpe2+s2nt,HT=1,FC=1                  s1   858.2 s2  1328.2 cb    1.2 total  2315.1 | s2+cb  -4.6% vs table
I=  768 T= 32768 BM=64,NW=4,pipe=hybrid2,D=2,diag=wpe3+s2nt                             s1   856.0 s2   910.3 cb  478.6 total  2373.5 | s2+cb  -9.2% vs table
I=  768 T= 32768 BM=128,NW=4,pipe=hybrid2,D=2,diag=wpe2,FC=1                            s1   871.0 s2  1263.4 cb    1.2 total  2262.5 | s2+cb  +0.5% vs table
I= 1536 T=   512 table                                                                  s1   230.3 s2   132.2 cb    7.8 total   390.5 | s2+cb  +0.0% vs table
I= 1536 T=   512 BM=128,NW=4,pipe=hybrid2,D=2,diag=wpe2+s2nt                            s1   231.8 s2   138.1 cb    7.5 total   397.3 | s2+cb  -4.1% vs table
I= 1536 T=   512 BM=128,NW=4,pipe=hybrid2,D=2,diag=wpe2+s2nt,FC=1                       s1   232.4 s2   170.7 cb    1.6 total   424.5 | s2+cb -23.2% vs table
I= 1536 T=   512 BM=128,NW=4,pipe=hybrid2,D=2,diag=wpe2+s2nt,HT=1                       s1   229.9 s2   335.6 cb    7.6 total   593.9 | s2+cb -145.3% vs table
I= 1536 T=   512 BM=128,NW=4,pipe=hybrid2,D=2,diag=wpe2+s2nt,HT=1,FC=1                  s1   230.4 s2   371.1 cb    1.7 total   623.3 | s2+cb -166.4% vs table
I= 1536 T=   512 BM=64,NW=4,pipe=hybrid2,D=2,diag=wpe3+s2nt                             s1   232.9 s2   140.4 cb    7.5 total   400.9 | s2+cb  -5.7% vs table
I= 1536 T=   512 BM=128,NW=4,pipe=hybrid2,D=2,diag=wpe2,FC=1                            s1   232.9 s2   175.6 cb    1.7 total   429.8 | s2+cb -26.7% vs table
I= 1536 T=  1024 table                                                                  s1   249.0 s2   144.9 cb   13.3 total   426.5 | s2+cb  +0.0% vs table
I= 1536 T=  1024 BM=128,NW=4,pipe=hybrid2,D=2,diag=wpe2+s2nt                            s1   248.4 s2   142.4 cb   13.3 total   422.6 | s2+cb  +1.6% vs table
I= 1536 T=  1024 BM=128,NW=4,pipe=hybrid2,D=2,diag=wpe2+s2nt,FC=1                       s1   249.5 s2   178.0 cb    1.2 total   447.3 | s2+cb -13.3% vs table
I= 1536 T=  1024 BM=128,NW=4,pipe=hybrid2,D=2,diag=wpe2+s2nt,HT=1                       s1   248.8 s2   345.6 cb   13.3 total   626.6 | s2+cb -126.8% vs table
I= 1536 T=  1024 BM=128,NW=4,pipe=hybrid2,D=2,diag=wpe2+s2nt,HT=1,FC=1                  s1   248.9 s2   378.6 cb    1.2 total   647.3 | s2+cb -140.1% vs table
I= 1536 T=  1024 BM=64,NW=4,pipe=hybrid2,D=2,diag=wpe3+s2nt                             s1   250.2 s2   150.1 cb   13.2 total   432.7 | s2+cb  -3.2% vs table
I= 1536 T=  1024 BM=128,NW=4,pipe=hybrid2,D=2,diag=wpe2,FC=1                            s1   249.6 s2   186.8 cb    1.6 total   456.5 | s2+cb -19.1% vs table
I= 1536 T=  2048 table                                                                  s1   268.2 s2   200.0 cb    1.6 total   495.3 | s2+cb  +0.0% vs table
I= 1536 T=  2048 BM=128,NW=4,pipe=hybrid2,D=2,diag=wpe2+s2nt                            s1   266.6 s2   160.0 cb   25.0 total   477.2 | s2+cb  +8.2% vs table
I= 1536 T=  2048 BM=128,NW=4,pipe=hybrid2,D=2,diag=wpe2+s2nt,FC=1                       s1   266.1 s2   206.1 cb    1.1 total   498.5 | s2+cb  -2.7% vs table
I= 1536 T=  2048 BM=128,NW=4,pipe=hybrid2,D=2,diag=wpe2+s2nt,HT=1                       s1   265.0 s2   372.0 cb   24.7 total   687.2 | s2+cb -96.7% vs table
I= 1536 T=  2048 BM=128,NW=4,pipe=hybrid2,D=2,diag=wpe2+s2nt,HT=1,FC=1                  s1   266.7 s2   405.0 cb    1.4 total   698.2 | s2+cb -101.5% vs table
I= 1536 T=  2048 BM=64,NW=4,pipe=hybrid2,D=2,diag=wpe3+s2nt                             s1   268.3 s2   176.9 cb   24.7 total   495.6 | s2+cb  +0.0% vs table
I= 1536 T=  2048 BM=128,NW=4,pipe=hybrid2,D=2,diag=wpe2,FC=1                            s1   267.9 s2   214.9 cb    1.6 total   510.7 | s2+cb  -7.4% vs table
I= 1536 T=  4096 table                                                                  s1   351.4 s2   286.0 cb    1.2 total   669.8 | s2+cb  +0.0% vs table
I= 1536 T=  4096 BM=128,NW=4,pipe=hybrid2,D=2,diag=wpe2+s2nt                            s1   352.0 s2   221.4 cb   51.2 total   655.6 | s2+cb  +5.0% vs table
I= 1536 T=  4096 BM=128,NW=4,pipe=hybrid2,D=2,diag=wpe2+s2nt,FC=1                       s1   353.6 s2   303.0 cb    1.2 total   689.5 | s2+cb  -5.9% vs table
I= 1536 T=  4096 BM=128,NW=4,pipe=hybrid2,D=2,diag=wpe2+s2nt,HT=1                       s1   350.9 s2   544.4 cb   51.7 total   977.7 | s2+cb -107.6% vs table
I= 1536 T=  4096 BM=128,NW=4,pipe=hybrid2,D=2,diag=wpe2+s2nt,HT=1,FC=1                  s1   352.5 s2   614.6 cb    1.3 total   999.6 | s2+cb -114.5% vs table
I= 1536 T=  4096 BM=64,NW=4,pipe=hybrid2,D=2,diag=wpe3+s2nt                             s1   366.5 s2   253.7 cb   52.7 total   703.8 | s2+cb  -6.7% vs table
I= 1536 T=  4096 BM=128,NW=4,pipe=hybrid2,D=2,diag=wpe2,FC=1                            s1   359.8 s2   307.8 cb    1.2 total   701.8 | s2+cb  -7.6% vs table
I= 1536 T=  8192 table                                                                  s1   557.8 s2   409.4 cb  120.5 total  1127.5 | s2+cb  +0.0% vs table
I= 1536 T=  8192 BM=128,NW=4,pipe=hybrid2,D=2,diag=wpe2+s2nt                            s1   566.6 s2   364.9 cb  120.6 total  1091.8 | s2+cb  +8.4% vs table
I= 1536 T=  8192 BM=128,NW=4,pipe=hybrid2,D=2,diag=wpe2+s2nt,FC=1                       s1   567.7 s2   478.7 cb    1.1 total  1088.0 | s2+cb  +9.4% vs table
I= 1536 T=  8192 BM=128,NW=4,pipe=hybrid2,D=2,diag=wpe2+s2nt,HT=1                       s1   548.2 s2   858.4 cb  120.1 total  1566.4 | s2+cb -84.7% vs table
I= 1536 T=  8192 BM=128,NW=4,pipe=hybrid2,D=2,diag=wpe2+s2nt,HT=1,FC=1                  s1   583.8 s2   959.9 cb    1.2 total  1585.2 | s2+cb -81.4% vs table
I= 1536 T=  8192 BM=64,NW=4,pipe=hybrid2,D=2,diag=wpe3+s2nt                             s1   590.2 s2   432.4 cb  121.6 total  1184.1 | s2+cb  -4.6% vs table
I= 1536 T=  8192 BM=128,NW=4,pipe=hybrid2,D=2,diag=wpe2,FC=1                            s1   580.2 s2   489.2 cb    1.2 total  1110.9 | s2+cb  +7.5% vs table
I= 1536 T= 16384 table                                                                  s1   950.5 s2   742.4 cb  242.5 total  2001.3 | s2+cb  +0.0% vs table
I= 1536 T= 16384 BM=128,NW=4,pipe=hybrid2,D=2,diag=wpe2+s2nt                            s1   960.4 s2   655.1 cb  240.2 total  1921.8 | s2+cb  +9.1% vs table
I= 1536 T= 16384 BM=128,NW=4,pipe=hybrid2,D=2,diag=wpe2+s2nt,FC=1                       s1   960.6 s2   871.1 cb    1.2 total  1899.2 | s2+cb +11.4% vs table
I= 1536 T= 16384 BM=128,NW=4,pipe=hybrid2,D=2,diag=wpe2+s2nt,HT=1                       s1   937.4 s2  1451.8 cb  239.2 total  2694.3 | s2+cb -71.7% vs table
I= 1536 T= 16384 BM=128,NW=4,pipe=hybrid2,D=2,diag=wpe2+s2nt,HT=1,FC=1                  s1   973.7 s2  1640.7 cb    1.5 total  2681.9 | s2+cb -66.7% vs table
I= 1536 T= 16384 BM=64,NW=4,pipe=hybrid2,D=2,diag=wpe3+s2nt                             s1   978.9 s2   794.0 cb  240.4 total  2079.6 | s2+cb  -5.0% vs table
I= 1536 T= 16384 BM=128,NW=4,pipe=hybrid2,D=2,diag=wpe2,FC=1                            s1   966.8 s2   895.8 cb    1.7 total  1926.3 | s2+cb  +8.9% vs table
I= 1536 T= 32768 table                                                                  s1  1667.9 s2  1417.7 cb  481.0 total  3694.6 | s2+cb  +0.0% vs table
I= 1536 T= 32768 BM=128,NW=4,pipe=hybrid2,D=2,diag=wpe2+s2nt                            s1  1701.0 s2  1229.9 cb  479.4 total  3538.1 | s2+cb +10.0% vs table
I= 1536 T= 32768 BM=128,NW=4,pipe=hybrid2,D=2,diag=wpe2+s2nt,FC=1                       s1  1702.3 s2  1638.5 cb    1.3 total  3470.5 | s2+cb +13.6% vs table
I= 1536 T= 32768 BM=128,NW=4,pipe=hybrid2,D=2,diag=wpe2+s2nt,HT=1                       s1  1666.4 s2  2597.0 cb  480.7 total  4871.6 | s2+cb -62.1% vs table
I= 1536 T= 32768 BM=128,NW=4,pipe=hybrid2,D=2,diag=wpe2+s2nt,HT=1,FC=1                  s1  1708.4 s2  2980.3 cb    1.4 total  4817.4 | s2+cb -57.0% vs table
I= 1536 T= 32768 BM=64,NW=4,pipe=hybrid2,D=2,diag=wpe3+s2nt                             s1  1714.9 s2  1519.9 cb  480.0 total  3844.0 | s2+cb  -5.3% vs table
I= 1536 T= 32768 BM=128,NW=4,pipe=hybrid2,D=2,diag=wpe2,FC=1                            s1  1701.4 s2  1680.8 cb    2.1 total  3512.3 | s2+cb +11.4% vs table
