I=  384 T=    32 | v5     86.0 null     84.2 cand     74.8us | pro   18.8->  13.3 s1    39.7->   35.2 s2    20.5->   19.4 cb    7.0->   6.9 | gain +13.0% noise  2.1% WIN | diff 0.0e+00
I=  384 T=    64 | v5     99.0 null     98.3 cand     91.9us | pro   19.3->  13.3 s1    46.5->   47.0 s2    26.1->   24.4 cb    7.1->   7.1 | gain  +7.2% noise  0.7% WIN | diff 0.0e+00
I=  384 T=   128 | v5    109.7 null    110.7 cand    110.1us | pro   18.7->  19.3 s1    54.6->   55.6 s2    29.1->   28.1 cb    7.3->   7.1 | gain  -0.4% noise  0.9% noise | diff 0.0e+00
I=  384 T=   256 | v5    117.5 null    116.8 cand    110.3us | pro   18.8->  13.2 s1    60.2->   59.5 s2    31.7->   30.7 cb    6.9->   6.9 | gain  +6.1% noise  0.6% WIN | diff 0.0e+00
I=  384 T=   512 | v5    124.4 null    124.0 cand    119.8us | pro   19.0->  13.6 s1    64.5->   65.0 s2    33.8->   34.2 cb    7.1->   7.0 | gain  +3.7% noise  0.3% WIN | diff 0.0e+00
I=  384 T=  1024 | v5    141.5 null    141.7 cand    143.0us | pro   18.5->  19.3 s1    68.6->   69.4 s2    41.4->   41.5 cb   13.0->  12.9 | gain  -1.1% noise  0.1% noise | diff 0.0e+00
I=  384 T=  2048 | v5    180.0 null    180.2 cand    182.0us | pro   24.8->  25.4 s1    78.4->   78.9 s2    52.1->   52.8 cb   24.6->  24.9 | gain  -1.1% noise  0.1% noise | diff 0.0e+00
I=  384 T=  4096 | v5    260.9 null    261.8 cand    254.1us | pro   31.9->  31.1 s1    97.1->   91.0 s2    79.0->   79.6 cb   52.9->  52.4 | gain  +2.6% noise  0.3% WIN | diff 0.0e+00
I=  384 T=  8192 | v5    439.9 null    439.9 cand    425.5us | pro   40.3->  40.9 s1   144.1->  132.1 s2   134.6->  132.3 cb  120.9-> 120.2 | gain  +3.3% noise  0.0% WIN | diff 0.0e+00
I=  384 T= 16384 | v5    792.3 null    788.4 cand    778.3us | pro   65.5->  62.6 s1   246.6->  226.0 s2   239.8->  249.8 cb  240.2-> 239.8 | gain  +1.8% noise  0.5% noise | diff 0.0e+00
I=  384 T= 32768 | v5   1528.1 null   1533.5 cand   1492.2us | pro  129.1-> 129.0 s1   446.3->  408.3 s2   474.8->  476.5 cb  478.0-> 478.3 | gain  +2.4% noise  0.4% WIN | diff 0.0e+00
I=  768 T=    32 | v5    135.5 null    134.3 cand    124.4us | pro   18.9->  13.2 s1    77.4->   72.3 s2    32.4->   32.0 cb    6.8->   6.9 | gain  +8.2% noise  0.9% WIN | diff 0.0e+00
I=  768 T=    64 | v5    172.5 null    172.0 cand    167.5us | pro   19.0->  19.3 s1    98.6->   95.9 s2    47.8->   45.1 cb    7.1->   7.1 | gain  +2.9% noise  0.3% WIN | diff 0.0e+00
I=  768 T=   128 | v5    202.0 null    200.7 cand    194.0us | pro   19.0->  13.3 s1   113.4->  113.2 s2    62.7->   60.5 cb    6.9->   7.0 | gain  +4.0% noise  0.6% WIN | diff 0.0e+00
I=  768 T=   256 | v5    212.1 null    212.3 cand    204.5us | pro   18.9->  19.3 s1   116.9->  115.3 s2    69.2->   62.7 cb    7.2->   7.2 | gain  +3.6% noise  0.1% WIN | diff 0.0e+00
I=  768 T=   512 | v5    221.1 null    221.4 cand    215.8us | pro   18.9->  19.3 s1   121.0->  121.7 s2    74.0->   67.4 cb    7.2->   7.3 | gain  +2.4% noise  0.1% WIN | diff 0.0e+00
I=  768 T=  1024 | v5    243.1 null    245.4 cand    238.3us | pro   18.8->  19.2 s1   128.7->  129.4 s2    82.6->   76.4 cb   13.1->  13.3 | gain  +2.0% noise  0.9% noise | diff 0.0e+00
I=  768 T=  2048 | v5    298.4 null    298.9 cand    293.9us | pro   25.0->  26.7 s1   148.8->  148.2 s2   123.5->   94.2 cb    1.1->  24.8 | gain  +1.5% noise  0.2% noise | diff 3.7e-09
I=  768 T=  4096 | v5    413.2 null    414.2 cand    407.4us | pro   30.4->  30.4 s1   185.3->  175.4 s2   149.8->  153.5 cb   47.7->  48.2 | gain  +1.4% noise  0.2% noise | diff 0.0e+00
I=  768 T=  8192 | v5    682.4 null    683.3 cand    656.2us | pro   39.5->  40.0 s1   288.9->  266.2 s2   232.7->  348.8 cb  121.2->   1.2 | gain  +3.8% noise  0.1% WIN | diff 4.8e-07
I=  768 T= 16384 | v5   1181.6 null   1184.2 cand   1079.4us | pro   66.0->  65.3 s1   448.5->  409.0 s2   665.9->  603.8 cb    1.2->   1.2 | gain  +8.7% noise  0.2% WIN | diff 0.0e+00
I=  768 T= 32768 | v5   2238.5 null   2228.9 cand   2101.9us | pro  127.3-> 126.9 s1   845.0->  775.3 s2  1265.0-> 1198.6 cb    1.2->   1.1 | gain  +6.1% noise  0.4% WIN | diff 0.0e+00
I= 1536 T=    32 | v5    249.8 null    251.5 cand    240.7us | pro   19.1->  19.4 s1   144.2->  138.8 s2    79.7->   75.5 cb    6.9->   7.0 | gain  +3.7% noise  0.7% WIN | diff 0.0e+00
I= 1536 T=    64 | v5    330.1 null    329.4 cand    328.4us | pro   19.3->  20.6 s1   195.7->  195.8 s2   107.9->  104.8 cb    7.2->   7.2 | gain  +0.5% noise  0.2% noise | diff 0.0e+00
I= 1536 T=   128 | v5    360.0 null    360.2 cand    359.0us | pro   18.9->  19.8 s1   214.7->  214.5 s2   119.2->  117.6 cb    7.1->   7.1 | gain  +0.3% noise  0.1% noise | diff 0.0e+00
I= 1536 T=   256 | v5    374.2 null    376.2 cand    370.6us | pro   18.9->  19.7 s1   220.4->  220.3 s2   127.8->  123.4 cb    7.1->   7.2 | gain  +1.0% noise  0.5% noise | diff 0.0e+00
I= 1536 T=   512 | v5    386.9 null    387.9 cand    389.0us | pro   19.0->  19.7 s1   229.0->  229.7 s2   131.7->  132.2 cb    7.2->   7.3 | gain  -0.5% noise  0.2% noise | diff 0.0e+00
I= 1536 T=  1024 | v5    425.8 null    427.5 cand    427.9us | pro   19.3->  19.8 s1   249.2->  249.2 s2   144.2->  145.6 cb   13.2->  13.3 | gain  -0.5% noise  0.4% noise | diff 0.0e+00
I= 1536 T=  2048 | v5    483.3 null    483.6 cand    476.4us | pro   24.7->  25.3 s1   265.5->  266.2 s2   168.4->  160.1 cb   24.7->  24.7 | gain  +1.4% noise  0.1% noise | diff 0.0e+00
I= 1536 T=  4096 | v5    659.8 null    650.7 cand    638.1us | pro   31.0->  31.2 s1   352.7->  328.3 s2   225.4->  228.0 cb   50.7->  50.6 | gain  +3.3% noise  1.4% WIN | diff 0.0e+00
I= 1536 T=  8192 | v5   1079.1 null   1084.9 cand    983.7us | pro   40.7->  40.3 s1   552.7->  503.0 s2   484.4->  439.1 cb    1.3->   1.3 | gain  +8.8% noise  0.5% WIN | diff 0.0e+00
I= 1536 T= 16384 | v5   1893.8 null   1891.0 cand   1685.1us | pro   66.5->  65.7 s1   941.6->  857.2 s2   884.5->  761.0 cb    1.1->   1.2 | gain +11.0% noise  0.1% WIN | diff 0.0e+00
I= 1536 T= 32768 | v5   3464.4 null   3468.8 cand   3056.5us | pro  127.3-> 127.1 s1  1673.4-> 1523.3 s2  1662.6-> 1404.8 cb    1.1->   1.3 | gain +11.8% noise  0.1% WIN | diff 0.0e+00
