peak 7.43 PF, read 5.87 TB/s, write 5.50 TB/s (stream 5.14, row stores 5.50)
I=  384 T=    32 total    74.8 us | pro    13.3/   0.1   1% mem | s1    35.2/  35.4 101% mem | s2    19.4/  18.0  93% mem | cb     6.9/   0.4   6% mem | mall
                floor current    53.9 ( 72%)  minimal-unfused    53.2 ( 71%) | s1 minimal   35.3 (100%) | s2+cb minimal   17.7 mem ( 67% of 26.4)
                s1 on-chip   11.0 (ta, q=0.98, 1 rounds @20/CU) binding   35.4 hbm (101%) | s2 on-chip    5.5 (ta, q=0.98, 2 rounds @20/CU) binding   18.0 hbm ( 93%)
I=  384 T=    64 total    91.9 us | pro    13.3/   0.2   1% mem | s1    47.0/  48.1 102% mem | s2    24.4/  24.7 101% mem | cb     7.1/   0.8  11% mem | mall
                floor current    73.8 ( 80%)  minimal-unfused    72.3 ( 79%) | s1 minimal   48.0 (102%) | s2+cb minimal   24.1 mem ( 77% of 31.5)
                s1 on-chip   16.5 (ta, q=0.90, 1 rounds @8/CU) binding   48.1 hbm (102%) | s2 on-chip    7.5 (ta, q=0.98, 3 rounds @20/CU) binding   24.7 hbm (101%)
I=  384 T=   128 total   110.1 us | pro    19.3/   0.3   2% mem | s1    55.6/  54.5  98% mem | s2    28.1/  28.5 102% mem | cb     7.1/   1.6  23% mem | mall
                floor current    85.1 ( 77%)  minimal-unfused    82.0 ( 74%) | s1 minimal   54.3 ( 98%) | s2+cb minimal   27.4 mem ( 78% of 35.2)
                s1 on-chip   19.2 (ta, q=0.90, 1 rounds @7/CU) binding   54.5 hbm ( 98%) | s2 on-chip    8.7 (ta, q=0.98, 3 rounds @20/CU) binding   28.5 hbm (102%)
I=  384 T=   256 total   110.3 us | pro    13.2/   0.7   5% mem | s1    59.5/  55.9  94% mem | s2    30.7/  30.5  99% mem | cb     6.9/   3.3  47% mem | mall
                floor current    90.2 ( 82%)  minimal-unfused    84.1 ( 76%) | s1 minimal   55.3 ( 93%) | s2+cb minimal   28.2 mem ( 75% of 37.7)
                s1 on-chip   19.2 (ta, q=0.97, 1 rounds @8/CU) binding   55.9 hbm ( 94%) | s2 on-chip    9.4 (ta, q=0.98, 3 rounds @20/CU) binding   30.5 hbm ( 99%)
I=  384 T=   512 total   119.8 us | pro    13.6/   1.4  10% mem | s1    65.0/  56.6  87% mem | s2    34.2/  33.4  98% mem | cb     7.0/   6.5  92% mem | mall
                floor current    97.9 ( 82%)  minimal-unfused    85.6 ( 71%) | s1 minimal   55.5 ( 85%) | s2+cb minimal   28.8 mem ( 70% of 41.2)
                s1 on-chip   21.9 (ta, q=0.80, 1 rounds @2/CU) binding   56.6 hbm ( 87%) | s2 on-chip    8.6 (ta, q=0.96, 4 rounds @7/CU) binding   33.4 hbm ( 98%)
I=  384 T=  1024 total   143.0 us | pro    19.3/   2.8  14% mem | s1    69.4/  58.1  84% mem | s2    41.5/  39.2  94% mem | cb    12.9/  13.0 101% mem | mall
                floor current   113.1 ( 79%)  minimal-unfused    88.6 ( 62%) | s1 minimal   55.9 ( 81%) | s2+cb minimal   30.0 mem ( 55% of 54.4)
                s1 on-chip   21.9 (ta, q=0.84, 1 rounds @2/CU) binding   58.1 hbm ( 84%) | s2 on-chip    9.6 (ta, q=0.96, 4 rounds @4/CU) binding   39.2 hbm ( 94%)
I=  384 T=  2048 total   182.0 us | pro    25.4/   5.5  22% mem | s1    78.9/  61.2  78% mem | s2    52.8/  50.8  96% mem | cb    24.9/  26.0 105% mem | mall
                floor current   143.5 ( 79%)  minimal-unfused    94.6 ( 52%) | s1 minimal   56.6 ( 72%) | s2+cb minimal   32.5 mem ( 42% of 77.7)
                s1 on-chip   28.1 (ta, q=0.84, 2 rounds @1/CU) binding   61.2 hbm ( 78%) | s2 on-chip   14.4 (ta, q=0.98, 7 rounds @3/CU) binding   50.8 hbm ( 96%)
I=  384 T=  4096 total   254.1 us | pro    31.1/  11.0  35% mem | s1    91.0/  67.3  74% mem | s2    79.6/  74.0  93% mem | cb    52.4/  52.0  99% mem | mall
                floor current   204.3 ( 80%)  minimal-unfused   106.6 ( 42%) | s1 minimal   58.1 ( 64%) | s2+cb minimal   37.4 mem ( 28% of 132.0)
                s1 on-chip   44.8 (mfma, q=0.84, 1 rounds @1/CU) binding   67.3 hbm ( 74%) | s2 on-chip   24.7 (ta, q=0.99, 12 rounds @3/CU) binding   74.0 hbm ( 93%)
I=  384 T=  8192 total   425.5 us | pro    40.9/  22.0  54% mem | s1   132.1/  79.4  60% mem | s2   132.3/ 120.5  91% mem | cb   120.2/ 104.1  87% mem
                floor current   326.0 ( 77%)  minimal-unfused   130.5 ( 31%) | s1 minimal   61.2 ( 46%) | s2+cb minimal   47.3 mem ( 19% of 252.5)
                s1 on-chip   67.2 (mfma, q=0.87, 1 rounds @1/CU) binding   79.4 hbm ( 60%) | s2 on-chip   45.3 (ta, q=1.00, 22 rounds @3/CU) binding  120.5 hbm ( 91%)
I=  384 T= 16384 total   778.3 us | pro    62.6/  44.0  70% mem | s1   226.0/ 104.1  46% mfma | s2   249.8/ 213.4  85% mem | cb   239.8/ 208.2  87% mem
                floor current   569.7 ( 73%)  minimal-unfused   215.1 ( 28%) | s1 minimal  104.1 ( 46%) | s2+cb minimal   67.0 mem ( 14% of 489.6)
                s1 on-chip  112.0 (mfma, q=0.90, 1 rounds @1/CU) binding  112.0 mfma ( 50%) | s2 on-chip   86.4 (ta, q=1.00, 42 rounds @3/CU) binding  213.4 hbm ( 85%)
I=  384 T= 32768 total  1492.2 us | pro   129.0/  88.1  68% mem | s1   408.3/ 208.1  51% mfma | s2   476.5/ 399.3  84% mem | cb   478.3/ 416.3  87% mem
                floor current  1111.8 ( 75%)  minimal-unfused   402.6 ( 27%) | s1 minimal  208.1 ( 51%) | s2+cb minimal  106.5 mem ( 11% of 954.9)
                s1 on-chip  201.7 (mfma, q=0.92, 1 rounds @1/CU) binding  208.1 mfma ( 51%) | s2 on-chip  168.7 (ta, q=1.00, 82 rounds @3/CU) binding  399.3 hbm ( 84%)
I=  768 T=    32 total   124.4 us | pro    13.2/   0.1   1% mem | s1    72.3/  70.7  98% mem | s2    32.0/  35.7 111% mem | cb     6.9/   0.4   6% mem | mall
                floor current   106.9 ( 86%)  minimal-unfused   106.1 ( 85%) | s1 minimal   70.6 ( 98%) | s2+cb minimal   35.4 mem ( 91% of 38.9)
                s1 on-chip   21.9 (ta, q=0.98, 1 rounds @8/CU) binding   70.7 hbm ( 98%) | s2 on-chip   11.0 (ta, q=0.98, 2 rounds @20/CU) binding   35.7 hbm (111%)
I=  768 T=    64 total   167.5 us | pro    19.3/   0.2   1% mem | s1    95.9/  96.1 100% mem | s2    45.1/  48.7 108% mem | cb     7.1/   0.8  11% mem | mall
                floor current   145.7 ( 87%)  minimal-unfused   144.2 ( 86%) | s1 minimal   95.9 (100%) | s2+cb minimal   48.1 mem ( 92% of 52.3)
                s1 on-chip   30.2 (ta, q=0.98, 1 rounds @16/CU) binding   96.1 hbm (100%) | s2 on-chip   15.1 (ta, q=0.98, 3 rounds @16/CU) binding   48.7 hbm (108%)
I=  768 T=   128 total   194.0 us | pro    13.3/   0.3   3% mem | s1   113.2/ 108.7  96% mem | s2    60.5/  55.6  92% mem | cb     7.0/   1.6  23% mem | mall
                floor current   166.4 ( 86%)  minimal-unfused   163.3 ( 84%) | s1 minimal  108.5 ( 96%) | s2+cb minimal   54.5 mem ( 81% of 67.5)
                s1 on-chip   35.7 (ta, q=0.96, 1 rounds @20/CU) binding  108.7 hbm ( 96%) | s2 on-chip   17.5 (ta, q=0.98, 3 rounds @20/CU) binding   55.6 hbm ( 92%)
I=  768 T=   256 total   204.5 us | pro    19.3/   0.7   4% mem | s1   115.3/ 111.0  96% mem | s2    62.7/  58.0  93% mem | cb     7.2/   3.3  45% mem | mall
                floor current   173.0 ( 85%)  minimal-unfused   166.9 ( 82%) | s1 minimal  110.4 ( 96%) | s2+cb minimal   55.8 mem ( 80% of 69.9)
                s1 on-chip   38.4 (ta, q=0.97, 1 rounds @16/CU) binding  111.0 hbm ( 96%) | s2 on-chip   17.8 (ta, q=0.98, 4 rounds @8/CU) binding   58.0 hbm ( 93%)
I=  768 T=   512 total   215.8 us | pro    19.3/   1.4   7% mem | s1   121.7/ 111.8  92% mem | s2    67.4/  61.0  90% mem | cb     7.3/   6.5  89% mem | mall
                floor current   180.7 ( 84%)  minimal-unfused   168.5 ( 78%) | s1 minimal  110.7 ( 91%) | s2+cb minimal   56.4 mem ( 75% of 74.8)
                s1 on-chip   38.4 (ta, q=0.96, 3 rounds @3/CU) binding  111.8 hbm ( 92%) | s2 on-chip   17.8 (ta, q=0.98, 5 rounds @3/CU) binding   61.0 hbm ( 90%)
I=  768 T=  1024 total   238.3 us | pro    19.2/   2.8  14% mem | s1   129.4/ 113.4  88% mem | s2    76.4/  66.9  88% mem | cb    13.3/  13.0  98% mem | mall
                floor current   196.1 ( 82%)  minimal-unfused   171.7 ( 72%) | s1 minimal  111.2 ( 86%) | s2+cb minimal   57.8 mem ( 64% of 89.7)
                s1 on-chip   43.9 (ta, q=0.84, 2 rounds @2/CU) binding  113.4 hbm ( 88%) | s2 on-chip   19.2 (ta, q=0.96, 5 rounds @3/CU) binding   66.9 hbm ( 88%)
I=  768 T=  2048 total   293.9 us | pro    26.7/   5.5  21% mem | s1   148.2/ 116.7  79% mem | s2    94.2/  78.7  84% mem | cb    24.8/  26.0 105% mem | mall
                floor current   226.9 ( 77%)  minimal-unfused   178.0 ( 61%) | s1 minimal  112.1 ( 76%) | s2+cb minimal   60.4 mem ( 51% of 119.0)
                s1 on-chip   56.2 (ta, q=0.84, 4 rounds @1/CU) binding  116.7 hbm ( 79%) | s2 on-chip   28.8 (ta, q=0.98, 7 rounds @3/CU) binding   78.7 hbm ( 84%)
I=  768 T=  4096 total   407.4 us | pro    30.4/  11.0  36% mem | s1   175.4/ 123.1  70% mem | s2   153.5/ 102.3  67% mem | cb    48.2/  52.0 108% mem | mall
                floor current   288.5 ( 71%)  minimal-unfused   190.7 ( 47%) | s1 minimal  114.0 ( 65%) | s2+cb minimal   65.7 mem ( 33% of 201.6)
                s1 on-chip   89.6 (mfma, q=0.84, 1 rounds @1/CU) binding  123.1 hbm ( 70%) | s2 on-chip   36.9 (ta, q=0.99, 11 rounds @2/CU) binding  102.3 hbm ( 67%)
I=  768 T=  8192 total   656.2 us | pro    40.0/  22.0  55% mem | s1   266.2/ 136.0  51% mem | s2   348.8/ 218.1  63% mem
                floor current   376.1 ( 57%)  minimal-unfused   216.1 ( 33%) | s1 minimal  117.8 ( 44%) | s2+cb minimal   76.3 mem ( 22% of 350.0)
                s1 on-chip  134.5 (mfma, q=0.87, 1 rounds @1/CU) binding  136.0 hbm ( 51%) | s2 on-chip   58.8 (mfma, q=0.99, 1 rounds @1/CU) binding  218.1 hbm ( 63%)
I=  768 T= 16384 total  1079.4 us | pro    65.3/  44.0  67% mem | s1   409.0/ 208.1  51% mfma | s2   603.8/ 381.1  63% mem
                floor current   633.2 ( 59%)  minimal-unfused   356.2 ( 33%) | s1 minimal  208.1 ( 51%) | s2+cb minimal  104.1 mfma ( 17% of 605.1)
                s1 on-chip  201.7 (mfma, q=1.00, 1 rounds @1/CU) binding  208.1 mfma ( 51%) | s2 on-chip  100.8 (mfma, q=1.00, 1 rounds @1/CU) binding  381.1 hbm ( 63%)
I=  768 T= 32768 total  2101.9 us | pro   126.9/  88.1  69% mem | s1   775.3/ 416.2  54% mfma | s2  1198.6/ 707.1  59% mem
                floor current  1211.3 ( 58%)  minimal-unfused   712.4 ( 34%) | s1 minimal  416.2 ( 54%) | s2+cb minimal  208.1 mfma ( 17% of 1199.7)
                s1 on-chip  380.9 (mfma, q=0.97, 1 rounds @1/CU) binding  416.2 mfma ( 54%) | s2 on-chip  221.1 (ta, q=1.00, 63 rounds @2/CU) binding  707.1 hbm ( 59%)
I= 1536 T=    32 total   240.7 us | pro    19.4/   0.1   0% mem | s1   138.8/ 141.4 102% mem | s2    75.5/  71.0  94% mem | cb     7.0/   0.4   6% mem | mall
                floor current   212.8 ( 88%)  minimal-unfused   212.1 ( 88%) | s1 minimal  141.3 (102%) | s2+cb minimal   70.7 mem ( 86% of 82.5)
                s1 on-chip   43.9 (ta, q=0.98, 1 rounds @16/CU) binding  141.4 hbm (102%) | s2 on-chip   21.9 (ta, q=0.98, 2 rounds @16/CU) binding   71.0 hbm ( 94%)
I= 1536 T=    64 total   328.4 us | pro    20.6/   0.2   1% mem | s1   195.8/ 192.0  98% mem | s2   104.8/  96.6  92% mem | cb     7.2/   0.8  11% mem | mall
                floor current   289.6 ( 88%)  minimal-unfused   288.1 ( 88%) | s1 minimal  191.8 ( 98%) | s2+cb minimal   96.1 mem ( 86% of 112.0)
                s1 on-chip   60.4 (ta, q=0.98, 4 rounds @7/CU) binding  192.0 hbm ( 98%) | s2 on-chip   30.2 (ta, q=0.98, 3 rounds @16/CU) binding   96.6 hbm ( 92%)
I= 1536 T=   128 total   359.0 us | pro    19.8/   0.3   2% mem | s1   214.5/ 217.1 101% mem | s2   117.6/ 109.9  93% mem | cb     7.1/   1.6  23% mem | mall
                floor current   328.9 ( 92%)  minimal-unfused   325.9 ( 91%) | s1 minimal  216.8 (101%) | s2+cb minimal  108.7 mem ( 87% of 124.7)
                s1 on-chip   71.3 (ta, q=0.94, 5 rounds @3/CU) binding  217.1 hbm (101%) | s2 on-chip   35.0 (ta, q=0.98, 4 rounds @16/CU) binding  109.9 hbm ( 93%)
I= 1536 T=   256 total   370.6 us | pro    19.7/   0.7   4% mem | s1   220.3/ 221.3 100% mem | s2   123.4/ 113.2  92% mem | cb     7.2/   3.3  45% mem | mall
                floor current   338.4 ( 91%)  minimal-unfused   332.3 ( 90%) | s1 minimal  220.7 (100%) | s2+cb minimal  110.9 mem ( 85% of 130.6)
                s1 on-chip   71.3 (ta, q=0.98, 5 rounds @3/CU) binding  221.3 hbm (100%) | s2 on-chip   35.7 (ta, q=0.95, 5 rounds @3/CU) binding  113.2 hbm ( 92%)
I= 1536 T=   512 total   389.0 us | pro    19.7/   1.4   7% mem | s1   229.7/ 222.2  97% mem | s2   132.2/ 116.3  88% mem | cb     7.3/   6.5  89% mem | mall
                floor current   346.4 ( 89%)  minimal-unfused   334.2 ( 86%) | s1 minimal  221.1 ( 96%) | s2+cb minimal  111.7 mem ( 80% of 139.6)
                s1 on-chip   76.8 (ta, q=0.96, 5 rounds @3/CU) binding  222.2 hbm ( 97%) | s2 on-chip   32.1 (ta, q=0.98, 5 rounds @3/CU) binding  116.3 hbm ( 88%)
I= 1536 T=  1024 total   427.9 us | pro    19.8/   2.8  14% mem | s1   249.2/ 224.0  90% mem | s2   145.6/ 122.4  84% mem | cb    13.3/  13.0  98% mem | mall
                floor current   362.2 ( 85%)  minimal-unfused   337.7 ( 79%) | s1 minimal  221.8 ( 89%) | s2+cb minimal  113.2 mem ( 71% of 158.8)
                s1 on-chip   76.8 (ta, q=0.96, 4 rounds @2/CU) binding  224.0 hbm ( 90%) | s2 on-chip   34.6 (ta, q=0.96, 5 rounds @3/CU) binding  122.4 hbm ( 84%)
I= 1536 T=  2048 total   476.4 us | pro    25.3/   5.5  22% mem | s1   266.2/ 227.6  86% mem | s2   160.1/ 134.5  84% mem | cb    24.7/  26.0 105% mem | mall
                floor current   393.7 ( 83%)  minimal-unfused   344.8 ( 72%) | s1 minimal  223.1 ( 84%) | s2+cb minimal  116.2 mem ( 63% of 184.8)
                s1 on-chip   98.3 (ta, q=0.96, 7 rounds @1/CU) binding  227.6 hbm ( 86%) | s2 on-chip   49.1 (ta, q=0.96, 7 rounds @2/CU) binding  134.5 hbm ( 84%)
I= 1536 T=  4096 total   638.1 us | pro    31.2/  11.0  35% mem | s1   328.3/ 234.9  72% mem | s2   228.0/ 158.8  70% mem | cb    50.6/  52.0 103% mem | mall
                floor current   456.7 ( 72%)  minimal-unfused   359.0 ( 56%) | s1 minimal  225.7 ( 69%) | s2+cb minimal  122.2 mem ( 44% of 278.6)
                s1 on-chip  156.9 (mfma, q=0.96, 1 rounds @1/CU) binding  234.9 hbm ( 72%) | s2 on-chip   73.7 (ta, q=0.99, 11 rounds @2/CU) binding  158.8 hbm ( 70%)
I= 1536 T=  8192 total   983.7 us | pro    40.3/  22.0  55% mem | s1   503.0/ 249.3  50% mem | s2   439.1/ 276.0  63% mem
                floor current   547.4 ( 56%)  minimal-unfused   387.3 ( 39%) | s1 minimal  231.1 ( 46%) | s2+cb minimal  134.2 mem ( 30% of 440.3)
                s1 on-chip  246.5 (mfma, q=0.95, 1 rounds @1/CU) binding  249.3 hbm ( 50%) | s2 on-chip  117.6 (mfma, q=0.99, 1 rounds @1/CU) binding  276.0 hbm ( 63%)
I= 1536 T= 16384 total  1685.1 us | pro    65.7/  44.0  67% mem | s1   857.2/ 416.2  49% mfma | s2   761.0/ 441.9  58% mem
                floor current   902.1 ( 54%)  minimal-unfused   668.3 ( 40%) | s1 minimal  416.2 ( 49%) | s2+cb minimal  208.1 mfma ( 27% of 762.2)
                s1 on-chip  403.4 (mfma, q=1.00, 1 rounds @1/CU) binding  416.2 mfma ( 49%) | s2 on-chip  201.7 (mfma, q=1.00, 1 rounds @1/CU) binding  441.9 hbm ( 58%)
I= 1536 T= 32768 total  3056.5 us | pro   127.1/  88.1  69% mem | s1  1523.3/ 832.4  55% mfma | s2  1404.8/ 773.6  55% mem
                floor current  1694.0 ( 55%)  minimal-unfused  1336.7 ( 44%) | s1 minimal  832.4 ( 55%) | s2+cb minimal  416.2 mfma ( 30% of 1406.1)
                s1 on-chip  739.5 (mfma, q=1.00, 1 rounds @1/CU) binding  832.4 mfma ( 55%) | s2 on-chip  369.7 (mfma, q=1.00, 1 rounds @1/CU) binding  773.6 hbm ( 55%)
