s1a-it1 I=  384 T=    32 table                                                            s1    37.6 s2    20.5 total    86.0 | s1  +0.0% vs table
s1a-it1 I=  384 T=    32 diag1=s1st                                                       s1    38.3 s2    20.5 total    86.5 | s1  -1.8% vs table
s1a-it1 I=  384 T=   256 table                                                            s1    58.4 s2    31.3 total   117.2 | s1  +0.0% vs table
s1a-it1 I=  384 T=   256 diag1=s1st                                                       s1    58.4 s2    31.4 total   117.2 | s1  -0.0% vs table
s1a-it1 REJECT diag1=s1st: h_q mismatched bytes 395589, h_s 228, out rel diff 0.00e+00
s1a-it1 I=  384 T=   512 table                                                            s1    63.0 s2    34.3 total   124.2 | s1  +0.0% vs table
s1a-it1 I=  384 T=  1024 table                                                            s1    69.1 s2    42.1 total   146.0 | s1  +0.0% vs table
s1a-it1 I=  384 T=  1024 diag1=s1st                                                       s1    68.1 s2    42.0 total   145.0 | s1  +1.5% vs table
s1a-it1 I=  384 T=  2048 table                                                            s1    77.5 s2    52.1 total   181.8 | s1  +0.0% vs table
s1a-it1 I=  384 T=  2048 diag1=s1st                                                       s1    77.5 s2    52.2 total   181.8 | s1  +0.0% vs table
s1a-it1 I=  384 T=  4096 table                                                            s1    98.5 s2    79.5 total   260.7 | s1  +0.0% vs table
s1a-it1 I=  384 T=  4096 diag1=s1st                                                       s1    98.7 s2    79.1 total   260.1 | s1  -0.2% vs table
s1a-it1 I=  768 T=    32 table                                                            s1    75.7 s2    32.3 total   135.0 | s1  +0.0% vs table
s1a-it1 I=  768 T=    32 diag1=s1st                                                       s1    74.6 s2    32.2 total   133.7 | s1  +1.5% vs table
s1a-it1 I=  768 T=   256 table                                                            s1   114.8 s2    63.5 total   204.7 | s1  +0.0% vs table
s1a-it1 I=  768 T=   256 diag1=s1st                                                       s1   115.1 s2    63.7 total   205.2 | s1  -0.2% vs table
s1a-it1 I=  768 T=   512 table                                                            s1   120.7 s2    74.6 total   221.3 | s1  +0.0% vs table
s1a-it1 I=  768 T=   512 diag1=s1st                                                       s1   118.4 s2    74.9 total   219.3 | s1  +1.9% vs table
s1a-it1 I=  768 T=  1024 table                                                            s1   129.2 s2    84.2 total   245.9 | s1  +0.0% vs table
s1a-it1 I=  768 T=  1024 diag1=s1st                                                       s1   129.7 s2    79.0 total   241.0 | s1  -0.4% vs table
s1a-it1 REJECT diag1=s1st: h_q mismatched bytes 2251490, h_s 1178, out rel diff 0.00e+00
s1a-it1 I=  768 T=  2048 table                                                            s1   151.6 s2   125.7 total   309.7 | s1  +0.0% vs table
s1a-it1 I=  768 T=  4096 table                                                            s1   187.1 s2   150.0 total   415.4 | s1  +0.0% vs table
s1a-it1 I=  768 T=  4096 diag1=skip+s1st                                                  s1   187.6 s2   147.8 total   412.8 | s1  -0.2% vs table
s1a-it1 I= 1536 T=    32 table                                                            s1   140.8 s2    76.2 total   247.9 | s1  +0.0% vs table
s1a-it1 I= 1536 T=    32 diag1=s1st                                                       s1   141.9 s2    76.0 total   248.2 | s1  -0.8% vs table
s1a-it1 I= 1536 T=   256 table                                                            s1   213.9 s2   118.4 total   361.2 | s1  +0.0% vs table
s1a-it1 I= 1536 T=   256 diag1=s1st                                                       s1   214.1 s2   119.3 total   362.5 | s1  -0.1% vs table
s1a-it1 REJECT diag1=s1st: h_q mismatched bytes 1371236, h_s 704, out rel diff 0.00e+00
s1a-it1 I= 1536 T=   512 table                                                            s1   221.7 s2   121.2 total   369.9 | s1  +0.0% vs table
s1a-it1 REJECT diag1=s1st: h_q mismatched bytes 3047861, h_s 1530, out rel diff 0.00e+00
s1a-it1 I= 1536 T=  1024 table                                                            s1   239.8 s2   132.4 total   407.0 | s1  +0.0% vs table
s1a-it1 I= 1536 T=  2048 table                                                            s1   263.6 s2   157.3 total   472.7 | s1  +0.0% vs table
s1a-it1 I= 1536 T=  2048 diag1=s1st                                                       s1   263.2 s2   156.3 total   471.7 | s1  +0.1% vs table
s1a-it1 I= 1536 T=  4096 table                                                            s1   349.1 s2   218.4 total   650.3 | s1  +0.0% vs table
s1a-it1 I= 1536 T=  4096 diag1=skip+s1st                                                  s1   343.8 s2   217.7 total   643.0 | s1  +1.5% vs table
s1a-it2 I=  384 T=    32 table                                                            s1    38.4 s2    20.2 total    87.9 | s1  +0.0% vs table
s1a-it2 I=  384 T=    32 diag1=s1st                                                       s1    38.4 s2    20.2 total    88.0 | s1  +0.1% vs table
s1a-it2 I=  384 T=    32 diag1=s1st+s1sd                                                  s1    39.1 s2    20.2 total    88.5 | s1  -1.9% vs table
s1a-it2 I=  384 T=   256 table                                                            s1    60.0 s2    31.7 total   118.1 | s1  +0.0% vs table
s1a-it2 I=  384 T=   256 diag1=s1st                                                       s1    59.4 s2    31.6 total   117.3 | s1  +1.1% vs table
s1a-it2 I=  384 T=   256 diag1=s1st+s1sd                                                  s1    65.7 s2    31.7 total   123.5 | s1  -9.4% vs table
s1a-it2 I=  384 T=   512 table                                                            s1    63.9 s2    33.5 total   125.9 | s1  +0.0% vs table
s1a-it2 I=  384 T=   512 diag1=s1st                                                       s1    63.1 s2    33.8 total   125.4 | s1  +1.3% vs table
s1a-it2 I=  384 T=   512 diag1=s1st+s1sd                                                  s1    63.3 s2    33.7 total   125.4 | s1  +0.9% vs table
s1a-it2 I=  384 T=  1024 table                                                            s1    66.9 s2    41.2 total   140.7 | s1  +0.0% vs table
s1a-it2 I=  384 T=  1024 diag1=s1st                                                       s1    66.4 s2    41.8 total   140.6 | s1  +0.8% vs table
s1a-it2 I=  384 T=  1024 diag1=s1st+s1sd                                                  s1    67.1 s2    41.1 total   140.6 | s1  -0.3% vs table
s1a-it2 I=  384 T=  2048 table                                                            s1    77.1 s2    52.4 total   181.9 | s1  +0.0% vs table
s1a-it2 I=  384 T=  2048 diag1=s1st                                                       s1    74.9 s2    52.2 total   179.5 | s1  +2.9% vs table
s1a-it2 I=  384 T=  2048 diag1=s1st+s1sd                                                  s1    75.2 s2    52.0 total   179.4 | s1  +2.6% vs table
s1a-it2 I=  384 T=  4096 table                                                            s1    97.4 s2    78.8 total   258.6 | s1  +0.0% vs table
s1a-it2 I=  384 T=  4096 diag1=s1st                                                       s1    95.0 s2    78.6 total   254.9 | s1  +2.4% vs table
s1a-it2 I=  384 T=  4096 diag1=s1st+s1sd                                                  s1    96.1 s2    78.7 total   256.2 | s1  +1.3% vs table
s1a-it2 I=  768 T=    32 table                                                            s1    75.9 s2    32.6 total   135.3 | s1  +0.0% vs table
s1a-it2 I=  768 T=    32 diag1=s1st                                                       s1    75.1 s2    32.8 total   134.3 | s1  +1.1% vs table
s1a-it2 I=  768 T=    32 diag1=s1st+s1sd                                                  s1    79.8 s2    32.8 total   139.1 | s1  -5.1% vs table
s1a-it2 I=  768 T=   256 table                                                            s1   115.1 s2    69.5 total   211.4 | s1  +0.0% vs table
s1a-it2 I=  768 T=   256 diag1=s1st                                                       s1   115.0 s2    69.7 total   211.6 | s1  +0.0% vs table
s1a-it2 I=  768 T=   256 diag1=s1st+s1sd                                                  s1   114.6 s2    70.2 total   211.7 | s1  +0.4% vs table
s1a-it2 I=  768 T=   512 table                                                            s1   118.9 s2    74.3 total   219.6 | s1  +0.0% vs table
s1a-it2 I=  768 T=   512 diag1=s1st                                                       s1   116.3 s2    74.7 total   217.4 | s1  +2.2% vs table
s1a-it2 I=  768 T=   512 diag1=s1st+s1sd                                                  s1   116.0 s2    74.3 total   217.0 | s1  +2.5% vs table
s1a-it2 I=  768 T=  1024 table                                                            s1   127.8 s2    83.9 total   244.8 | s1  +0.0% vs table
s1a-it2 I=  768 T=  1024 diag1=s1st                                                       s1   127.6 s2    78.6 total   239.6 | s1  +0.2% vs table
s1a-it2 I=  768 T=  1024 diag1=s1st+s1sd                                                  s1   127.6 s2    83.7 total   244.3 | s1  +0.1% vs table
s1a-it2 I=  768 T=  2048 table                                                            s1   148.0 s2   125.5 total   305.7 | s1  +0.0% vs table
s1a-it2 I=  768 T=  2048 diag1=s1st                                                       s1   147.1 s2   125.6 total   304.0 | s1  +0.7% vs table
s1a-it2 I=  768 T=  2048 diag1=s1st+s1sd                                                  s1   147.1 s2   120.5 total   299.2 | s1  +0.7% vs table
s1a-it2 I=  768 T=  4096 table                                                            s1   183.1 s2   146.6 total   408.1 | s1  +0.0% vs table
s1a-it2 I=  768 T=  4096 diag1=skip+s1st                                                  s1   179.4 s2   145.4 total   401.8 | s1  +2.0% vs table
s1a-it2 I=  768 T=  4096 diag1=skip+s1st+s1sd                                             s1   178.2 s2   143.6 total   399.5 | s1  +2.7% vs table
s1a-it2 I= 1536 T=    32 table                                                            s1   139.7 s2    75.8 total   242.5 | s1  +0.0% vs table
s1a-it2 I= 1536 T=    32 diag1=s1st                                                       s1   140.9 s2    76.1 total   243.7 | s1  -0.9% vs table
s1a-it2 I= 1536 T=    32 diag1=s1st+s1sd                                                  s1   138.4 s2    76.2 total   241.4 | s1  +0.9% vs table
s1a-it2 I= 1536 T=   256 table                                                            s1   214.3 s2   118.4 total   362.0 | s1  +0.0% vs table
s1a-it2 I= 1536 T=   256 diag1=s1st                                                       s1   214.9 s2   118.4 total   362.6 | s1  -0.3% vs table
s1a-it2 I= 1536 T=   256 diag1=s1st+s1sd                                                  s1   214.3 s2   118.5 total   362.4 | s1  +0.0% vs table
s1a-it2 I= 1536 T=   512 table                                                            s1   220.8 s2   121.2 total   371.1 | s1  +0.0% vs table
s1a-it2 I= 1536 T=   512 diag1=s1st                                                       s1   221.7 s2   120.9 total   371.9 | s1  -0.4% vs table
s1a-it2 I= 1536 T=   512 diag1=s1st+s1sd                                                  s1   221.8 s2   120.3 total   371.4 | s1  -0.5% vs table
s1a-it2 I= 1536 T=  1024 table                                                            s1   237.7 s2   132.9 total   404.3 | s1  +0.0% vs table
s1a-it2 I= 1536 T=  1024 diag1=s1st                                                       s1   237.7 s2   132.2 total   403.5 | s1  +0.0% vs table
s1a-it2 I= 1536 T=  1024 diag1=s1st+s1sd                                                  s1   237.3 s2   132.3 total   403.0 | s1  +0.2% vs table
s1a-it2 I= 1536 T=  2048 table                                                            s1   262.2 s2   154.8 total   467.7 | s1  +0.0% vs table
s1a-it2 I= 1536 T=  2048 diag1=s1st                                                       s1   260.5 s2   155.0 total   466.4 | s1  +0.7% vs table
s1a-it2 I= 1536 T=  2048 diag1=s1st+s1sd                                                  s1   259.5 s2   158.2 total   468.5 | s1  +1.0% vs table
s1a-it2 I= 1536 T=  4096 table                                                            s1   340.2 s2   218.3 total   641.5 | s1  +0.0% vs table
s1a-it2 I= 1536 T=  4096 diag1=skip+s1st                                                  s1   339.8 s2   218.9 total   639.9 | s1  +0.1% vs table
s1a-it2 I= 1536 T=  4096 diag1=skip+s1st+s1sd                                             s1   337.1 s2   216.9 total   635.7 | s1  +0.9% vs table
