I=  768 T=  2048 table                                                                  s1   148.8 s2   125.2 cb    1.8 total   301.7 | s2+cb  +0.0% vs table
I=  768 T=  2048 BM=64,NW=4,pipe=hybrid2,D=2,diag=wpe3+s2nt                             s1   148.7 s2   100.0 cb   24.9 total   300.9 | s2+cb  +1.7% vs table
I=  768 T=  2048 BM=64,NW=4,pipe=hybrid2,D=2,diag=wpe3+s2nt+ag48                        s1   149.3 s2    93.6 cb   24.7 total   293.8 | s2+cb  +6.9% vs table
I=  768 T=  2048 BM=64,NW=4,pipe=hybrid2,D=2,diag=wpe3+s2nt+ag64                        s1   149.0 s2    94.6 cb   24.8 total   294.5 | s2+cb  +6.0% vs table
I=  768 T=  2048 BM=64,NW=4,pipe=hybrid2,D=3,diag=wpe3+s2nt+ag48                        s1   149.0 s2    98.6 cb   24.5 total   298.0 | s2+cb  +3.1% vs table
I=  768 T=  4096 table                                                                  s1   183.4 s2   150.0 cb   48.2 total   411.7 | s2+cb  +0.0% vs table
I=  768 T=  4096 BM=64,NW=4,pipe=hybrid2,D=2,diag=wpe3+s2nt                             s1   183.5 s2   145.3 cb   52.6 total   412.1 | s2+cb  +0.1% vs table
I=  768 T=  4096 BM=64,NW=4,pipe=hybrid2,D=2,diag=wpe3+s2nt+ag48                        s1   183.8 s2   136.8 cb   51.2 total   402.7 | s2+cb  +5.2% vs table
I=  768 T=  4096 BM=64,NW=4,pipe=hybrid2,D=2,diag=wpe3+s2nt+ag64                        s1   184.7 s2   138.1 cb   51.4 total   405.6 | s2+cb  +4.4% vs table
I=  768 T=  4096 BM=64,NW=4,pipe=hybrid2,D=3,diag=wpe3+s2nt+ag48                        s1   184.9 s2   149.1 cb   51.0 total   416.0 | s2+cb  -1.0% vs table
I=  768 T=  8192 table                                                                  s1   294.1 s2   234.2 cb  112.5 total   680.4 | s2+cb  +0.0% vs table
I=  768 T=  8192 BM=64,NW=4,pipe=hybrid2,D=2,diag=wpe3+s2nt                             s1   296.9 s2   258.4 cb  120.8 total   716.4 | s2+cb  -9.4% vs table
I=  768 T=  8192 BM=64,NW=4,pipe=hybrid2,D=2,diag=wpe3+s2nt+ag48                        s1   292.9 s2   227.8 cb  112.2 total   673.0 | s2+cb  +1.9% vs table
I=  768 T=  8192 BM=64,NW=4,pipe=hybrid2,D=2,diag=wpe3+s2nt+ag64                        s1   287.8 s2   228.7 cb  112.9 total   669.7 | s2+cb  +1.5% vs table
I=  768 T=  8192 BM=64,NW=4,pipe=hybrid2,D=3,diag=wpe3+s2nt+ag48                        s1   288.6 s2   246.9 cb  112.2 total   687.7 | s2+cb  -3.6% vs table
I= 1536 T=  2048 table                                                                  s1   261.5 s2   160.4 cb   24.9 total   472.8 | s2+cb  +0.0% vs table
I= 1536 T=  2048 BM=64,NW=4,pipe=hybrid2,D=2,diag=wpe3+s2nt                             s1   259.5 s2   175.5 cb   24.7 total   485.8 | s2+cb  -8.0% vs table
I= 1536 T=  2048 BM=64,NW=4,pipe=hybrid2,D=2,diag=wpe3+s2nt+ag48                        s1   263.0 s2   167.6 cb   24.7 total   481.3 | s2+cb  -3.8% vs table
I= 1536 T=  2048 BM=64,NW=4,pipe=hybrid2,D=2,diag=wpe3+s2nt+ag64                        s1   264.7 s2   167.3 cb   24.7 total   482.8 | s2+cb  -3.6% vs table
I= 1536 T=  2048 BM=64,NW=4,pipe=hybrid2,D=3,diag=wpe3+s2nt+ag48                        s1   260.6 s2   182.9 cb   24.9 total   494.4 | s2+cb -12.1% vs table
I= 1536 T=  4096 table                                                                  s1   349.6 s2   220.8 cb   51.9 total   652.9 | s2+cb  +0.0% vs table
I= 1536 T=  4096 BM=64,NW=4,pipe=hybrid2,D=2,diag=wpe3+s2nt                             s1   346.8 s2   251.7 cb   51.4 total   681.6 | s2+cb -11.1% vs table
I= 1536 T=  4096 BM=64,NW=4,pipe=hybrid2,D=2,diag=wpe3+s2nt+ag48                        s1   345.9 s2   234.3 cb   50.7 total   661.9 | s2+cb  -4.5% vs table
I= 1536 T=  4096 BM=64,NW=4,pipe=hybrid2,D=2,diag=wpe3+s2nt+ag64                        s1   343.8 s2   234.8 cb   49.9 total   660.2 | s2+cb  -4.4% vs table
I= 1536 T=  4096 BM=64,NW=4,pipe=hybrid2,D=3,diag=wpe3+s2nt+ag48                        s1   350.5 s2   255.8 cb   52.0 total   689.5 | s2+cb -12.9% vs table
I=  768 T=  1024 table                                                                  s1   130.1 s2    84.7 cb   13.2 total   247.8 | s2+cb  +0.0% vs table
I=  768 T=  1024 BM=64,NW=4,pipe=hybrid2,D=2,diag=wpe3+s2nt                             s1   129.1 s2    82.3 cb   13.4 total   244.7 | s2+cb  +2.2% vs table
I=  768 T=  1024 BM=64,NW=4,pipe=hybrid2,D=2,diag=wpe3+s2nt+ag32                        s1   129.7 s2    77.0 cb   13.3 total   239.6 | s2+cb  +7.7% vs table
I=  768 T=  1024 BM=64,NW=4,pipe=hybrid2,D=2,diag=wpe3+s2nt+ag48                        s1   129.7 s2    76.6 cb   13.4 total   239.5 | s2+cb  +8.0% vs table
I=  768 T=  1024 BM=64,NW=4,pipe=hybrid2,D=2,diag=wpe3+s2nt+ag64                        s1   129.0 s2    75.9 cb   13.3 total   237.7 | s2+cb  +8.9% vs table
I=  384 T=  1024 table                                                                  s1    68.3 s2    41.8 cb   12.9 total   144.3 | s2+cb  +0.0% vs table
I=  384 T=  1024 BM=64,NW=4,pipe=hybrid2,D=2,diag=wpe3+s2nt                             s1    68.3 s2    41.7 cb   13.2 total   144.4 | s2+cb  -0.4% vs table
I=  384 T=  1024 BM=64,NW=4,pipe=hybrid2,D=2,diag=wpe3+s2nt+ag32                        s1    68.3 s2    41.7 cb   13.0 total   144.6 | s2+cb  -0.1% vs table
I=  384 T=  1024 BM=64,NW=4,pipe=hybrid2,D=2,diag=wpe3+s2nt+ag48                        s1    68.9 s2    41.9 cb   13.5 total   145.7 | s2+cb  -1.4% vs table
I=  384 T=  1024 BM=64,NW=4,pipe=hybrid2,D=2,diag=wpe3+s2nt+ag64                        s1    67.9 s2    43.2 cb   13.2 total   145.5 | s2+cb  -3.2% vs table
I=  384 T=  2048 table                                                                  s1    77.0 s2    51.9 cb   24.5 total   179.5 | s2+cb  +0.0% vs table
I=  384 T=  2048 BM=64,NW=4,pipe=hybrid2,D=2,diag=wpe3+s2nt                             s1    78.3 s2    52.3 cb   24.7 total   181.7 | s2+cb  -0.8% vs table
I=  384 T=  2048 BM=64,NW=4,pipe=hybrid2,D=2,diag=wpe3+s2nt+ag32                        s1    76.6 s2    52.5 cb   24.7 total   179.7 | s2+cb  -1.0% vs table
I=  384 T=  2048 BM=64,NW=4,pipe=hybrid2,D=2,diag=wpe3+s2nt+ag48                        s1    77.2 s2    52.6 cb   24.7 total   180.6 | s2+cb  -1.1% vs table
I=  384 T=  2048 BM=64,NW=4,pipe=hybrid2,D=2,diag=wpe3+s2nt+ag64                        s1    77.2 s2    52.9 cb   24.9 total   181.0 | s2+cb  -1.8% vs table
I=  384 T=  4096 table                                                                  s1    96.6 s2    78.5 cb   52.8 total   258.8 | s2+cb  +0.0% vs table
I=  384 T=  4096 BM=64,NW=4,pipe=hybrid2,D=2,diag=wpe3+s2nt                             s1    97.3 s2    78.4 cb   51.8 total   258.7 | s2+cb  +0.8% vs table
I=  384 T=  4096 BM=64,NW=4,pipe=hybrid2,D=2,diag=wpe3+s2nt+ag32                        s1    95.7 s2    78.6 cb   52.5 total   257.7 | s2+cb  +0.2% vs table
I=  384 T=  4096 BM=64,NW=4,pipe=hybrid2,D=2,diag=wpe3+s2nt+ag48                        s1    94.2 s2    78.9 cb   51.7 total   255.4 | s2+cb  +0.5% vs table
I=  384 T=  4096 BM=64,NW=4,pipe=hybrid2,D=2,diag=wpe3+s2nt+ag64                        s1    96.6 s2    79.3 cb   50.8 total   257.5 | s2+cb  +0.9% vs table
I=  384 T=  8192 table                                                                  s1   146.9 s2   133.6 cb  119.9 total   440.3 | s2+cb  +0.0% vs table
I=  384 T=  8192 BM=64,NW=4,pipe=hybrid2,D=2,diag=wpe3+s2nt                             s1   146.0 s2   135.0 cb  118.4 total   439.7 | s2+cb  +0.0% vs table
I=  384 T=  8192 BM=64,NW=4,pipe=hybrid2,D=2,diag=wpe3+s2nt+ag32                        s1   147.6 s2   133.0 cb  119.2 total   439.5 | s2+cb  +0.5% vs table
I=  384 T=  8192 BM=64,NW=4,pipe=hybrid2,D=2,diag=wpe3+s2nt+ag48                        s1   146.5 s2   137.3 cb  113.3 total   437.2 | s2+cb  +1.1% vs table
I=  384 T=  8192 BM=64,NW=4,pipe=hybrid2,D=2,diag=wpe3+s2nt+ag64                        s1   146.7 s2   138.1 cb  112.7 total   438.2 | s2+cb  +1.0% vs table
I=  384 T= 16384 table                                                                  s1   247.5 s2   239.8 cb  229.1 total   782.4 | s2+cb  +0.0% vs table
I=  384 T= 16384 BM=64,NW=4,pipe=hybrid2,D=2,diag=wpe3+s2nt                             s1   248.6 s2   246.2 cb  225.9 total   786.9 | s2+cb  -0.7% vs table
I=  384 T= 16384 BM=64,NW=4,pipe=hybrid2,D=2,diag=wpe3+s2nt+ag32                        s1   249.8 s2   242.3 cb  222.6 total   780.7 | s2+cb  +0.9% vs table
I=  384 T= 16384 BM=64,NW=4,pipe=hybrid2,D=2,diag=wpe3+s2nt+ag48                        s1   250.9 s2   243.9 cb  231.7 total   793.0 | s2+cb  -1.4% vs table
I=  384 T= 16384 BM=64,NW=4,pipe=hybrid2,D=2,diag=wpe3+s2nt+ag64                        s1   249.2 s2   248.6 cb  238.9 total   799.0 | s2+cb  -4.0% vs table
I=  384 T=  8192 table                                                                  s1   144.0 s2   130.4 cb  117.8 total   433.4 | s2+cb  +0.0% vs table
I=  384 T=  8192 BM=64,NW=4,pipe=hybrid2,D=2,diag=wpe4+s2nt                             s1   143.7 s2   248.6 cb  112.8 total   545.5 | s2+cb -45.6% vs table
I=  384 T=  8192 BM=32,NW=4,pipe=hybrid2,D=2,diag=wpe4+s2nt                             s1   142.9 s2   135.6 cb  119.8 total   440.0 | s2+cb  -2.9% vs table
I=  384 T=  8192 BM=32,NW=4,pipe=hybrid,D=2,diag=s2nt                                   s1   144.1 s2   133.2 cb  110.4 total   430.0 | s2+cb  +1.8% vs table
I=  384 T=  8192 BM=64,NW=4,WM=2,pipe=async,D=2,diag=wpe4+s2nt                          s1   144.5 s2   135.9 cb  111.7 total   434.0 | s2+cb  +0.2% vs table
I=  384 T=  8192 BM=128,NW=8,WM=2,pipe=async,D=2,diag=wpe3+s2nt                         s1   144.7 s2   134.4 cb  111.8 total   431.8 | s2+cb  +0.8% vs table
I=  384 T=  8192 BM=64,NW=8,WM=2,pipe=async,D=2,diag=wpe4+s2nt                          s1   141.7 s2   145.3 cb  111.5 total   439.0 | s2+cb  -3.5% vs table
I=  384 T= 32768 table                                                                  s1   449.4 s2   474.2 cb  455.0 total  1507.6 | s2+cb  +0.0% vs table
I=  384 T= 32768 BM=64,NW=4,pipe=hybrid2,D=2,diag=wpe4+s2nt                             s1   453.7 s2   884.5 cb  440.1 total  1906.8 | s2+cb -42.5% vs table
I=  384 T= 32768 BM=32,NW=4,pipe=hybrid2,D=2,diag=wpe4+s2nt                             s1   457.0 s2   540.2 cb  448.9 total  1578.6 | s2+cb  -6.4% vs table
I=  384 T= 32768 BM=32,NW=4,pipe=hybrid,D=2,diag=s2nt                                   s1   447.2 s2   540.0 cb  442.3 total  1560.7 | s2+cb  -5.7% vs table
I=  384 T= 32768 BM=64,NW=4,WM=2,pipe=async,D=2,diag=wpe4+s2nt                          s1   446.6 s2   528.3 cb  442.4 total  1543.0 | s2+cb  -4.5% vs table
I=  384 T= 32768 BM=128,NW=8,WM=2,pipe=async,D=2,diag=wpe3+s2nt                         s1   457.6 s2   479.5 cb  480.9 total  1544.1 | s2+cb  -3.4% vs table
I=  384 T= 32768 BM=64,NW=8,WM=2,pipe=async,D=2,diag=wpe4+s2nt                          s1   451.8 s2   560.6 cb  442.7 total  1580.7 | s2+cb  -8.0% vs table
I=  384 T=  8192 table                                                                  s1   144.3 s2   134.8 cb  118.0 total   436.6 | s2+cb  +0.0% vs table
I=  384 T=  8192 BM=64,NW=4,pipe=hybrid2,D=2,diag=wpe3+s2nt,GM=4                        s1   145.2 s2   133.9 cb  112.6 total   432.9 | s2+cb  +2.5% vs table
I=  384 T=  8192 BM=64,NW=4,pipe=hybrid2,D=2,diag=wpe3+s2nt,GM=16                       s1   144.5 s2   135.8 cb  119.5 total   440.7 | s2+cb  -1.0% vs table
I=  384 T=  8192 BM=128,NW=4,pipe=hybrid2,D=2,diag=wpe2+s2nt                            s1   145.3 s2   149.7 cb  120.3 total   455.2 | s2+cb  -6.8% vs table
I=  384 T=  8192 BM=128,NW=4,pipe=hybrid2,D=2,diag=wpe2+s2nt+ag64                       s1   144.9 s2   162.9 cb  112.8 total   460.2 | s2+cb  -9.1% vs table
I=  384 T=  8192 BM=64,NW=4,pipe=hybrid2,D=2,diag=wpe3                                  s1   144.1 s2   170.9 cb  118.1 total   472.9 | s2+cb -14.3% vs table
I=  384 T= 32768 table                                                                  s1   456.7 s2   475.8 cb  455.7 total  1517.5 | s2+cb  +0.0% vs table
I=  384 T= 32768 BM=64,NW=4,pipe=hybrid2,D=2,diag=wpe3+s2nt,GM=4                        s1   448.4 s2   484.9 cb  443.1 total  1504.9 | s2+cb  +0.4% vs table
I=  384 T= 32768 BM=64,NW=4,pipe=hybrid2,D=2,diag=wpe3+s2nt,GM=16                       s1   453.7 s2   486.7 cb  447.9 total  1516.7 | s2+cb  -0.3% vs table
I=  384 T= 32768 BM=128,NW=4,pipe=hybrid2,D=2,diag=wpe2+s2nt                            s1   450.7 s2   510.4 cb  442.3 total  1530.0 | s2+cb  -2.3% vs table
I=  384 T= 32768 BM=128,NW=4,pipe=hybrid2,D=2,diag=wpe2+s2nt+ag64                       s1   452.4 s2   566.8 cb  444.9 total  1587.7 | s2+cb  -8.6% vs table
I=  384 T= 32768 BM=64,NW=4,pipe=hybrid2,D=2,diag=wpe3                                  s1   450.8 s2   651.1 cb  483.3 total  1710.8 | s2+cb -21.8% vs table
I=  768 T=  1024 table                                                                  s1   128.5 s2    84.4 cb   13.0 total   245.8 | s2+cb  +0.0% vs table
I=  768 T=  1024 BM=64,NW=4,pipe=hybrid2,D=2,diag=wpe3+s2nt+ag32                        s1   128.5 s2    76.5 cb   13.3 total   238.1 | s2+cb  +7.9% vs table
I=  768 T=  1024 BM=64,NW=4,pipe=hybrid2,D=2,diag=wpe3+s2nt+ag48                        s1   128.0 s2    76.9 cb   13.1 total   238.2 | s2+cb  +7.6% vs table
I=  768 T=  1024 BM=64,NW=4,pipe=hybrid2,D=2,diag=wpe3+s2nt+ag64                        s1   128.7 s2    75.7 cb   13.1 total   237.2 | s2+cb  +9.0% vs table
I=  768 T=  2048 table                                                                  s1   145.4 s2   125.3 cb    1.9 total   298.1 | s2+cb  +0.0% vs table
I=  768 T=  2048 BM=64,NW=4,pipe=hybrid2,D=2,diag=wpe3+s2nt+ag32                        s1   147.1 s2    93.5 cb   24.9 total   291.7 | s2+cb  +6.9% vs table
I=  768 T=  2048 BM=64,NW=4,pipe=hybrid2,D=2,diag=wpe3+s2nt+ag48                        s1   147.9 s2    93.9 cb   24.7 total   292.0 | s2+cb  +6.7% vs table
I=  768 T=  2048 BM=64,NW=4,pipe=hybrid2,D=2,diag=wpe3+s2nt+ag64                        s1   147.0 s2    92.9 cb   24.8 total   289.9 | s2+cb  +7.5% vs table
I=  768 T=  4096 table                                                                  s1   185.1 s2   147.8 cb   48.3 total   411.9 | s2+cb  +0.0% vs table
I=  768 T=  4096 BM=64,NW=4,pipe=hybrid2,D=2,diag=wpe3+s2nt+ag32                        s1   182.5 s2   134.8 cb   52.0 total   399.8 | s2+cb  +4.8% vs table
I=  768 T=  4096 BM=64,NW=4,pipe=hybrid2,D=2,diag=wpe3+s2nt+ag48                        s1   185.5 s2   136.6 cb   51.3 total   404.8 | s2+cb  +4.2% vs table
I=  768 T=  4096 BM=64,NW=4,pipe=hybrid2,D=2,diag=wpe3+s2nt+ag64                        s1   186.0 s2   136.9 cb   51.4 total   405.7 | s2+cb  +3.9% vs table
I=  768 T=  8192 table                                                                  s1   293.4 s2   232.2 cb  111.0 total   676.8 | s2+cb  +0.0% vs table
I=  768 T=  8192 BM=64,NW=4,pipe=hybrid2,D=2,diag=wpe3+s2nt+ag32                        s1   292.4 s2   233.8 cb  120.1 total   686.6 | s2+cb  -3.1% vs table
I=  768 T=  8192 BM=64,NW=4,pipe=hybrid2,D=2,diag=wpe3+s2nt+ag48                        s1   294.6 s2   230.0 cb  113.1 total   677.7 | s2+cb  +0.1% vs table
I=  768 T=  8192 BM=64,NW=4,pipe=hybrid2,D=2,diag=wpe3+s2nt+ag64                        s1   290.8 s2   227.1 cb  113.2 total   671.4 | s2+cb  +0.9% vs table
I= 1536 T=  1024 table                                                                  s1   237.7 s2   145.6 cb   13.2 total   416.3 | s2+cb  +0.0% vs table
I= 1536 T=  1024 BM=64,NW=4,pipe=hybrid2,D=2,diag=wpe3+s2nt+ag32                        s1   237.9 s2   138.5 cb   13.2 total   409.4 | s2+cb  +4.4% vs table
I= 1536 T=  1024 BM=64,NW=4,pipe=hybrid2,D=2,diag=wpe3+s2nt+ag48                        s1   238.7 s2   138.5 cb   13.0 total   409.9 | s2+cb  +4.6% vs table
I= 1536 T=  1024 BM=64,NW=4,pipe=hybrid2,D=2,diag=wpe3+s2nt+ag64                        s1   238.5 s2   135.3 cb   13.3 total   406.8 | s2+cb  +6.4% vs table
I= 1536 T=   512 table                                                                  s1   221.2 s2   131.7 cb    7.6 total   381.1 | s2+cb  +0.0% vs table
I= 1536 T=   512 BM=64,NW=4,pipe=hybrid2,D=2,diag=wpe3+s2nt+ag32                        s1   222.3 s2   129.0 cb    7.8 total   379.8 | s2+cb  +1.8% vs table
I= 1536 T=   512 BM=64,NW=4,pipe=hybrid2,D=2,diag=wpe3+s2nt+ag48                        s1   222.4 s2   128.3 cb    7.6 total   379.1 | s2+cb  +2.4% vs table
I= 1536 T=   512 BM=64,NW=4,pipe=hybrid2,D=2,diag=wpe3+s2nt+ag64                        s1   220.9 s2   128.1 cb    7.7 total   377.3 | s2+cb  +2.6% vs table
I=  768 T=   512 table                                                                  s1   119.9 s2    74.1 cb    7.4 total   221.4 | s2+cb  +0.0% vs table
I=  768 T=   512 BM=64,NW=4,pipe=hybrid2,D=2,diag=wpe3+s2nt+ag32                        s1   119.8 s2    67.5 cb    7.4 total   214.6 | s2+cb  +8.1% vs table
I=  768 T=   512 BM=64,NW=4,pipe=hybrid2,D=2,diag=wpe3+s2nt+ag48                        s1   120.2 s2    67.1 cb    7.4 total   214.6 | s2+cb  +8.6% vs table
I=  768 T=   512 BM=64,NW=4,pipe=hybrid2,D=2,diag=wpe3+s2nt+ag64                        s1   119.7 s2    67.2 cb    7.4 total   214.2 | s2+cb  +8.5% vs table
I=  768 T=   256 table                                                                  s1   112.6 s2    69.1 cb    7.3 total   209.3 | s2+cb  +0.0% vs table
I=  768 T=   256 BM=64,NW=4,pipe=hybrid2,D=2,diag=wpe3+s2nt+ag32                        s1   112.7 s2    65.2 cb    7.3 total   205.5 | s2+cb  +5.1% vs table
I=  768 T=   256 BM=64,NW=4,pipe=hybrid2,D=2,diag=wpe3+s2nt+ag64                        s1   114.4 s2    65.1 cb    7.4 total   207.2 | s2+cb  +5.2% vs table
I=  768 T=   256 BM=32,NW=2,pipe=hybrid2,D=2,diag=wpe3+s2nt+ag32                        s1   114.0 s2    63.1 cb    7.3 total   205.0 | s2+cb  +7.8% vs table
I= 1536 T=   256 table                                                                  s1   213.2 s2   128.0 cb    7.5 total   369.4 | s2+cb  +0.0% vs table
I= 1536 T=   256 BM=64,NW=4,pipe=hybrid2,D=2,diag=wpe3+s2nt+ag32                        s1   213.1 s2   123.0 cb    7.4 total   364.3 | s2+cb  +3.8% vs table
I= 1536 T=   256 BM=64,NW=4,pipe=hybrid2,D=2,diag=wpe3+s2nt+ag64                        s1   213.2 s2   123.2 cb    7.2 total   364.2 | s2+cb  +3.7% vs table
I= 1536 T=   256 BM=32,NW=2,pipe=hybrid2,D=2,diag=wpe3+s2nt+ag32                        s1   213.3 s2   126.8 cb    7.3 total   368.3 | s2+cb  +1.0% vs table
I=  384 T=   512 table                                                                  s1    63.8 s2    33.7 cb    7.6 total   125.4 | s2+cb  +0.0% vs table
I=  384 T=   512 BM=64,NW=4,pipe=hybrid2,D=2,diag=wpe3+s2nt+ag32                        s1    63.8 s2    33.7 cb    7.5 total   125.4 | s2+cb  +0.3% vs table
I=  384 T=   512 BM=64,NW=4,pipe=hybrid2,D=2,diag=wpe3+s2nt+ag64                        s1    63.7 s2    35.3 cb    7.4 total   126.9 | s2+cb  -3.5% vs table
I=  384 T=   512 BM=32,NW=2,pipe=hybrid2,D=2,diag=wpe3+s2nt+ag32                        s1    63.6 s2    33.2 cb    7.4 total   124.6 | s2+cb  +1.6% vs table
I= 1536 T=  2048 table                                                                  s1   260.4 s2   160.2 cb   24.8 total   471.1 | s2+cb  +0.0% vs table
I= 1536 T=  2048 BM=64,NW=4,pipe=hybrid2,D=2,diag=wpe3+s2nt+ag32                        s1   262.5 s2   166.9 cb   24.8 total   479.6 | s2+cb  -3.6% vs table
I= 1536 T=  2048 BM=64,NW=4,pipe=hybrid2,D=2,diag=wpe3+s2nt+ag64                        s1   259.6 s2   167.2 cb   24.8 total   477.7 | s2+cb  -3.8% vs table
I= 1536 T=  2048 BM=32,NW=2,pipe=hybrid2,D=2,diag=wpe3+s2nt+ag32                        s1   263.1 s2   221.3 cb   24.8 total   534.9 | s2+cb -33.0% vs table
