I=  384 T=  1024 table                                                            s1    68.8 s2    41.4 total   144.2 | s1  +0.0% vs table
I=  384 T=  1024 BM=64,NW=4,pipe=hybrid2,D=3,EF=1,MV=1,diag=sk2                   s1   232.4 s2    41.3 total   307.6 | s1 -237.9% vs table
I=  384 T=  1024 BM=64,NW=4,pipe=hybrid2,D=3,EF=1,MV=1,diag=sk3                   s1   319.3 s2    41.9 total   395.2 | s1 -364.4% vs table
I=  384 T=  1024 BM=64,NW=4,pipe=hybrid2,D=3,EF=1,MV=1,diag=sk4                   s1   409.6 s2    41.6 total   485.4 | s1 -495.7% vs table
I=  384 T=  1024 BM=64,NW=4,pipe=hybrid2,D=3,EF=1,MV=1,diag=sk4+sknt              s1   428.9 s2    41.4 total   504.4 | s1 -523.7% vs table
I=  384 T=  2048 table                                                            s1    77.4 s2    52.6 total   181.6 | s1  +0.0% vs table
I=  384 T=  2048 BM=128,NW=4,pipe=hybrid2,D=3,EF=1,MV=1,diag=sk2                  s1   252.3 s2    52.7 total   356.6 | s1 -226.0% vs table
I=  384 T=  2048 BM=128,NW=4,pipe=hybrid2,D=3,EF=1,MV=1,diag=sk3                  s1   358.6 s2    52.0 total   462.7 | s1 -363.4% vs table
I=  384 T=  2048 BM=128,NW=4,pipe=hybrid2,D=3,EF=1,MV=1,diag=sk4                  s1   449.4 s2    52.3 total   554.3 | s1 -480.8% vs table
I=  384 T=  2048 BM=128,NW=4,pipe=hybrid2,D=3,EF=1,MV=1,diag=sk4+sknt             s1   481.2 s2    52.3 total   585.4 | s1 -521.8% vs table
I=  768 T=  1024 table                                                            s1   129.2 s2    85.2 total   247.8 | s1  +0.0% vs table
I=  768 T=  1024 BM=64,NW=4,pipe=hybrid2,D=3,EF=1,MV=1,diag=sk2                   s1   484.0 s2    84.1 total   601.6 | s1 -274.6% vs table
I=  768 T=  1024 BM=64,NW=4,pipe=hybrid2,D=3,EF=1,MV=1,diag=sk3                   s1   663.6 s2    78.9 total   776.4 | s1 -413.7% vs table
I=  768 T=  1024 BM=64,NW=4,pipe=hybrid2,D=3,EF=1,MV=1,diag=sk4                   s1   833.8 s2    77.8 total   945.4 | s1 -545.4% vs table
I=  768 T=  1024 BM=64,NW=4,pipe=hybrid2,D=3,EF=1,MV=1,diag=sk4+sknt              s1   871.8 s2    77.8 total   983.1 | s1 -574.9% vs table
REJECT BM=128,NW=4,pipe=hybrid2,D=3,EF=1,MV=1,diag=sk2: h_q mismatched bytes 2502621, h_s 1334, out rel diff 0.00e+00
REJECT BM=128,NW=4,pipe=hybrid2,D=3,EF=1,MV=1,diag=sk3: h_q mismatched bytes 3442535, h_s 1826, out rel diff 0.00e+00
REJECT BM=128,NW=4,pipe=hybrid2,D=3,EF=1,MV=1,diag=sk4: h_q mismatched bytes 2193021, h_s 1184, out rel diff 0.00e+00
REJECT BM=128,NW=4,pipe=hybrid2,D=3,EF=1,MV=1,diag=sk4+sknt: h_q mismatched bytes 2375331, h_s 1200, out rel diff 0.00e+00
I=  768 T=  2048 table                                                            s1   153.7 s2   127.2 total   312.0 | s1  +0.0% vs table
I= 1536 T=  2048 table                                                            s1   271.1 s2   166.7 total   489.4 | s1  +0.0% vs table
I= 1536 T=  2048 BM=128,NW=4,pipe=hybrid2,D=3,EF=1,MV=1,diag=sk2                  s1  1038.2 s2   156.5 total  1246.3 | s1 -282.9% vs table
I= 1536 T=  2048 BM=128,NW=4,pipe=hybrid2,D=3,EF=1,MV=1,diag=sk3                  s1  1415.8 s2   151.0 total  1618.6 | s1 -422.2% vs table
I= 1536 T=  2048 BM=128,NW=4,pipe=hybrid2,D=3,EF=1,MV=1,diag=sk4                  s1  1746.8 s2   153.2 total  1951.4 | s1 -544.4% vs table
I= 1536 T=  2048 BM=128,NW=4,pipe=hybrid2,D=3,EF=1,MV=1,diag=sk4+sknt             s1  1954.4 s2   158.2 total  2164.2 | s1 -620.9% vs table
I=  384 T=  1024 table                                                            s1    68.9 s2    41.4 total   142.0 | s1  +0.0% vs table
I=  384 T=  1024 BM=64,NW=4,pipe=hybrid2,D=3,EF=1,MV=1,diag=sk2                   s1    84.5 s2    41.5 total   157.7 | s1 -22.6% vs table
I=  384 T=  1024 BM=64,NW=4,pipe=hybrid2,D=3,EF=1,MV=1,diag=sk4                   s1   108.5 s2    41.7 total   182.1 | s1 -57.5% vs table
I=  384 T=  1024 BM=64,NW=4,pipe=hybrid2,D=3,EF=1,MV=1,diag=sk2+skf               s1   230.7 s2    41.4 total   303.8 | s1 -234.9% vs table
warm I=  384 T=    32 table                                                            s1    37.5 s2    20.2 total    85.4 | s1  +0.0% vs table
warm I=  384 T=    32 BM=16,NW=1,pipe=async,D=4,EF=1,MV=1,diag=sk2                     s1    37.8 s2    20.2 total    85.9 | s1  -0.9% vs table
warm I=  384 T=    32 BM=16,NW=1,pipe=async,D=4,EF=1,MV=1,diag=sk3                     s1    39.0 s2    20.2 total    86.8 | s1  -4.1% vs table
warm I=  384 T=    32 BM=16,NW=1,pipe=async,D=4,EF=1,MV=1,diag=sk4                     s1    40.5 s2    20.2 total    88.2 | s1  -8.0% vs table
warm I=  384 T=    32 BM=16,NW=1,pipe=async,D=4,EF=1,MV=1,diag=sk6                     s1    43.8 s2    20.1 total    91.6 | s1 -16.9% vs table
--flush I=  384 T=    32 table                                                            s1    95.1 s2    50.2 total   172.2 | s1  +0.0% vs table
--flush I=  384 T=    32 BM=16,NW=1,pipe=async,D=4,EF=1,MV=1,diag=sk2                     s1    94.1 s2    50.5 total   171.2 | s1  +1.0% vs table
--flush I=  384 T=    32 BM=16,NW=1,pipe=async,D=4,EF=1,MV=1,diag=sk3                     s1    94.6 s2    49.9 total   171.4 | s1  +0.5% vs table
--flush I=  384 T=    32 BM=16,NW=1,pipe=async,D=4,EF=1,MV=1,diag=sk4                     s1    95.0 s2    50.2 total   172.0 | s1  +0.1% vs table
--flush I=  384 T=    32 BM=16,NW=1,pipe=async,D=4,EF=1,MV=1,diag=sk6                     s1    94.1 s2    50.4 total   171.0 | s1  +1.0% vs table
warm I=  384 T=   256 table                                                            s1    59.9 s2    31.4 total   118.9 | s1  +0.0% vs table
warm I=  384 T=   256 BM=16,NW=1,pipe=async,D=4,EF=1,MV=1,diag=sk2                     s1    71.9 s2    31.5 total   130.7 | s1 -19.9% vs table
warm I=  384 T=   256 BM=16,NW=1,pipe=async,D=4,EF=1,MV=1,diag=sk3                     s1    75.8 s2    31.3 total   134.4 | s1 -26.4% vs table
warm I=  384 T=   256 BM=16,NW=1,pipe=async,D=4,EF=1,MV=1,diag=sk4                     s1    78.5 s2    31.4 total   137.3 | s1 -31.0% vs table
warm I=  384 T=   256 BM=16,NW=1,pipe=async,D=4,EF=1,MV=1,diag=sk6                     s1    82.2 s2    31.4 total   140.9 | s1 -37.2% vs table
--flush I=  384 T=   256 table                                                            s1   119.9 s2    71.9 total   224.4 | s1  +0.0% vs table
--flush I=  384 T=   256 BM=16,NW=1,pipe=async,D=4,EF=1,MV=1,diag=sk2                     s1   122.1 s2    72.2 total   227.3 | s1  -1.9% vs table
--flush I=  384 T=   256 BM=16,NW=1,pipe=async,D=4,EF=1,MV=1,diag=sk3                     s1   123.1 s2    71.5 total   227.1 | s1  -2.7% vs table
--flush I=  384 T=   256 BM=16,NW=1,pipe=async,D=4,EF=1,MV=1,diag=sk4                     s1   122.9 s2    71.9 total   228.1 | s1  -2.5% vs table
--flush I=  384 T=   256 BM=16,NW=1,pipe=async,D=4,EF=1,MV=1,diag=sk6                     s1   124.9 s2    71.5 total   229.3 | s1  -4.2% vs table
warm I=  768 T=    32 table                                                            s1    77.4 s2    32.1 total   137.0 | s1  +0.0% vs table
warm I=  768 T=    32 BM=32,NW=1,pipe=async,D=4,EF=1,MV=1,diag=sk2                     s1    92.3 s2    32.6 total   152.8 | s1 -19.4% vs table
warm I=  768 T=    32 BM=32,NW=1,pipe=async,D=4,EF=1,MV=1,diag=sk3                     s1    96.2 s2    32.7 total   156.6 | s1 -24.4% vs table
warm I=  768 T=    32 BM=32,NW=1,pipe=async,D=4,EF=1,MV=1,diag=sk4                     s1   100.9 s2    32.8 total   161.7 | s1 -30.4% vs table
warm I=  768 T=    32 BM=32,NW=1,pipe=async,D=4,EF=1,MV=1,diag=sk6                     s1   112.7 s2    32.9 total   173.6 | s1 -45.7% vs table
--flush I=  768 T=    32 table                                                            s1   141.1 s2    84.5 total   253.3 | s1  +0.0% vs table
--flush I=  768 T=    32 BM=32,NW=1,pipe=async,D=4,EF=1,MV=1,diag=sk2                     s1   142.8 s2    84.9 total   255.9 | s1  -1.2% vs table
--flush I=  768 T=    32 BM=32,NW=1,pipe=async,D=4,EF=1,MV=1,diag=sk3                     s1   141.3 s2    85.1 total   254.0 | s1  -0.2% vs table
--flush I=  768 T=    32 BM=32,NW=1,pipe=async,D=4,EF=1,MV=1,diag=sk4                     s1   146.4 s2    84.6 total   258.9 | s1  -3.8% vs table
--flush I=  768 T=    32 BM=32,NW=1,pipe=async,D=4,EF=1,MV=1,diag=sk6                     s1   152.7 s2    85.0 total   265.5 | s1  -8.2% vs table
warm I=  768 T=   256 table                                                            s1   117.2 s2    69.5 total   213.8 | s1  +0.0% vs table
warm I=  768 T=   256 BM=16,NW=1,pipe=async,D=4,EF=1,MV=1,diag=sk2                     s1   142.3 s2    69.8 total   239.4 | s1 -21.4% vs table
warm I=  768 T=   256 BM=16,NW=1,pipe=async,D=4,EF=1,MV=1,diag=sk3                     s1   146.8 s2    70.3 total   244.6 | s1 -25.3% vs table
warm I=  768 T=   256 BM=16,NW=1,pipe=async,D=4,EF=1,MV=1,diag=sk4                     s1   152.5 s2    70.2 total   250.0 | s1 -30.1% vs table
warm I=  768 T=   256 BM=16,NW=1,pipe=async,D=4,EF=1,MV=1,diag=sk6                     s1   161.2 s2    70.2 total   259.0 | s1 -37.5% vs table
--flush I=  768 T=   256 table                                                            s1   179.7 s2   118.5 total   330.8 | s1  +0.0% vs table
--flush I=  768 T=   256 BM=16,NW=1,pipe=async,D=4,EF=1,MV=1,diag=sk2                     s1   194.2 s2   119.2 total   346.2 | s1  -8.0% vs table
--flush I=  768 T=   256 BM=16,NW=1,pipe=async,D=4,EF=1,MV=1,diag=sk3                     s1   194.9 s2   118.1 total   346.0 | s1  -8.5% vs table
--flush I=  768 T=   256 BM=16,NW=1,pipe=async,D=4,EF=1,MV=1,diag=sk4                     s1   199.0 s2   118.5 total   350.6 | s1 -10.7% vs table
--flush I=  768 T=   256 BM=16,NW=1,pipe=async,D=4,EF=1,MV=1,diag=sk6                     s1   204.9 s2   118.4 total   356.4 | s1 -14.0% vs table
warm I= 1536 T=    32 table                                                            s1   140.4 s2    79.5 total   246.7 | s1  +0.0% vs table
warm I= 1536 T=    32 BM=16,NW=1,pipe=async,D=4,EF=1,MV=1,diag=sk2                     s1   161.4 s2    79.8 total   268.3 | s1 -15.0% vs table
warm I= 1536 T=    32 BM=16,NW=1,pipe=async,D=4,EF=1,MV=1,diag=sk3                     s1   175.0 s2    80.0 total   282.2 | s1 -24.7% vs table
warm I= 1536 T=    32 BM=16,NW=1,pipe=async,D=4,EF=1,MV=1,diag=sk4                     s1   181.1 s2    79.5 total   288.2 | s1 -29.0% vs table
warm I= 1536 T=    32 BM=16,NW=1,pipe=async,D=4,EF=1,MV=1,diag=sk6                     s1   194.5 s2    79.5 total   300.9 | s1 -38.5% vs table
--flush I= 1536 T=    32 table                                                            s1   203.1 s2   136.0 total   366.1 | s1  +0.0% vs table
--flush I= 1536 T=    32 BM=16,NW=1,pipe=async,D=4,EF=1,MV=1,diag=sk2                     s1   221.3 s2   136.9 total   385.6 | s1  -9.0% vs table
--flush I= 1536 T=    32 BM=16,NW=1,pipe=async,D=4,EF=1,MV=1,diag=sk3                     s1   226.9 s2   136.0 total   390.4 | s1 -11.7% vs table
--flush I= 1536 T=    32 BM=16,NW=1,pipe=async,D=4,EF=1,MV=1,diag=sk4                     s1   229.2 s2   136.0 total   392.4 | s1 -12.8% vs table
--flush I= 1536 T=    32 BM=16,NW=1,pipe=async,D=4,EF=1,MV=1,diag=sk6                     s1   236.1 s2   136.7 total   400.2 | s1 -16.2% vs table
warm I= 1536 T=   256 table                                                            s1   213.3 s2   127.8 total   369.0 | s1  +0.0% vs table
warm I= 1536 T=   256 BM=32,NW=2,pipe=async,D=4,EF=1,MV=1,diag=sk2                     s1   265.8 s2   127.9 total   422.0 | s1 -24.6% vs table
warm I= 1536 T=   256 BM=32,NW=2,pipe=async,D=4,EF=1,MV=1,diag=sk3                     s1   285.7 s2   128.1 total   441.6 | s1 -34.0% vs table
warm I= 1536 T=   256 BM=32,NW=2,pipe=async,D=4,EF=1,MV=1,diag=sk4                     s1   296.6 s2   128.8 total   453.8 | s1 -39.1% vs table
warm I= 1536 T=   256 BM=32,NW=2,pipe=async,D=4,EF=1,MV=1,diag=sk6                     s1   332.3 s2   127.4 total   487.7 | s1 -55.8% vs table
--flush I= 1536 T=   256 table                                                            s1   273.8 s2   182.1 total   488.4 | s1  +0.0% vs table
--flush I= 1536 T=   256 BM=32,NW=2,pipe=async,D=4,EF=1,MV=1,diag=sk2                     s1   318.3 s2   182.8 total   533.8 | s1 -16.2% vs table
--flush I= 1536 T=   256 BM=32,NW=2,pipe=async,D=4,EF=1,MV=1,diag=sk3                     s1   333.5 s2   181.3 total   548.5 | s1 -21.8% vs table
--flush I= 1536 T=   256 BM=32,NW=2,pipe=async,D=4,EF=1,MV=1,diag=sk4                     s1   340.9 s2   182.2 total   555.3 | s1 -24.5% vs table
--flush I= 1536 T=   256 BM=32,NW=2,pipe=async,D=4,EF=1,MV=1,diag=sk6                     s1   373.8 s2   181.7 total   588.8 | s1 -36.5% vs table
I=  384 T=  4096 table                                                            s1    99.6 s2    78.8 total   261.0 | s1  +0.0% vs table
I=  384 T=  4096 diag1=sk2                                                        s1   159.7 s2    79.1 total   321.9 | s1 -60.4% vs table
I=  384 T=  4096 diag1=sk3                                                        s1   194.8 s2    79.0 total   356.0 | s1 -95.6% vs table
I=  384 T=  4096 diag1=sk4                                                        s1   247.9 s2    78.9 total   409.4 | s1 -148.9% vs table
I=  384 T=  8192 table                                                            s1   144.1 s2   131.5 total   433.2 | s1  +0.0% vs table
I=  384 T=  8192 diag1=sk2                                                        s1   233.0 s2   131.0 total   520.2 | s1 -61.8% vs table
I=  384 T=  8192 diag1=sk3                                                        s1   309.4 s2   130.2 total   594.3 | s1 -114.8% vs table
I=  384 T=  8192 diag1=sk4                                                        s1   396.7 s2   129.8 total   679.1 | s1 -175.4% vs table
I=  768 T=  4096 table                                                            s1   184.5 s2   148.4 total   410.9 | s1  +0.0% vs table
I=  768 T=  4096 diag1=sk2                                                        s1   291.5 s2   144.8 total   513.4 | s1 -58.0% vs table
I=  768 T=  4096 diag1=sk3                                                        s1   361.2 s2   144.3 total   582.8 | s1 -95.8% vs table
I=  768 T=  4096 diag1=sk4                                                        s1   461.5 s2   141.3 total   680.2 | s1 -150.1% vs table
