I= 1536 T= 32768 table                                                            s1  1668.2 s2  1619.0 total  3416.1 | s1  +0.0% vs table
I= 1536 T= 32768 BM=256,NW=4,WM=2,pipe=il4,D=3,EF=1,diag=bar8                     s1  1619.3 s2  1623.6 total  3371.8 | s1  +2.9% vs table
I= 1536 T= 32768 BM=256,NW=4,WM=2,pipe=il4,D=3,EF=1,diag=bar8,PERS=1              s1  1617.8 s2  1603.6 total  3347.7 | s1  +3.0% vs table
I= 1536 T= 32768 BM=256,NW=4,WM=2,pipe=il4,D=3,EF=1,diag=bar8+nopro,PERS=1        s1  1842.0 s2  1612.5 total  3580.3 | s1 -10.4% vs table
I=  768 T= 32768 table                                                            s1   845.9 s2  1216.5 total  2192.4 | s1  +0.0% vs table
I=  768 T= 32768 BM=256,NW=4,WM=2,pipe=il4,D=3,EF=1,diag=bar8                     s1   809.7 s2  1200.8 total  2135.7 | s1  +4.3% vs table
I=  768 T= 32768 BM=256,NW=4,WM=2,pipe=il4,D=3,EF=1,diag=bar8,PERS=1              s1   821.4 s2  1191.2 total  2140.6 | s1  +2.9% vs table
I=  768 T= 32768 BM=256,NW=4,WM=2,pipe=il4,D=3,EF=1,diag=bar8+nopro,PERS=1        s1   945.5 s2  1186.7 total  2257.8 | s1 -11.8% vs table
I=  384 T= 32768 table                                                            s1   451.0 s2   477.1 total  1514.9 | s1  +0.0% vs table
I=  384 T= 32768 BM=256,NW=4,WM=2,pipe=il4,D=3,EF=1,diag=bar8                     s1   434.2 s2   476.6 total  1508.5 | s1  +3.7% vs table
I=  384 T= 32768 BM=256,NW=4,WM=2,pipe=il4,D=3,EF=1,diag=bar8,PERS=1              s1   438.9 s2   471.7 total  1487.1 | s1  +2.7% vs table
I=  384 T= 32768 BM=256,NW=4,WM=2,pipe=il4,D=3,EF=1,diag=bar8+nopro,PERS=1        s1   510.6 s2   466.7 total  1556.3 | s1 -13.2% vs table
I= 1536 T=  4096 table                                                            s1   352.3 s2   218.4 total   653.6 | s1  +0.0% vs table
I= 1536 T=  4096 BM=256,NW=4,WM=2,pipe=il4,D=3,EF=1,diag=bar8                     s1   347.7 s2   226.6 total   656.1 | s1  +1.3% vs table
I= 1536 T=  4096 BM=256,NW=4,WM=2,pipe=il4,D=3,EF=1,diag=bar8,PERS=1              s1   347.7 s2   222.6 total   651.8 | s1  +1.3% vs table
I= 1536 T=  4096 BM=256,NW=4,WM=2,pipe=il4,D=3,EF=1,diag=bar8+nopro,PERS=1        s1   402.7 s2   217.5 total   703.5 | s1 -14.3% vs table
I=  768 T=  4096 table                                                            s1   192.4 s2   151.9 total   422.7 | s1  +0.0% vs table
I=  768 T=  4096 BM=256,NW=4,WM=2,pipe=il4,D=3,EF=1,diag=bar8                     s1   184.4 s2   153.3 total   414.7 | s1  +4.2% vs table
I=  768 T=  4096 BM=256,NW=4,WM=2,pipe=il4,D=3,EF=1,diag=bar8,PERS=1              s1   190.9 s2   150.8 total   419.3 | s1  +0.8% vs table
I=  768 T=  4096 BM=256,NW=4,WM=2,pipe=il4,D=3,EF=1,diag=bar8+nopro,PERS=1        s1   221.6 s2   144.7 total   443.4 | s1 -15.1% vs table
I=  384 T=  4096 table                                                            s1    97.4 s2    78.8 total   259.8 | s1  +0.0% vs table
I=  384 T=  4096 BM=256,NW=4,WM=2,pipe=il4,D=3,EF=1,diag=bar8                     s1    95.2 s2    78.6 total   255.0 | s1  +2.2% vs table
I=  384 T=  4096 BM=256,NW=4,WM=2,pipe=il4,D=3,EF=1,diag=bar8,PERS=1              s1    98.7 s2    78.8 total   258.4 | s1  -1.4% vs table
I=  384 T=  4096 BM=256,NW=4,WM=2,pipe=il4,D=3,EF=1,diag=bar8+nopro,PERS=1        s1   114.7 s2    78.9 total   276.2 | s1 -17.7% vs table
