I= 1536 T=   256 table                                                            s1   217.3 s2   128.1 total   373.2 | s1  +0.0% vs table
I= 1536 T=   256 BM=256,NW=4,WM=2,pipe=il4,D=3,EF=1,diag=bar8                     s1   299.0 s2   127.9 total   461.3 | s1 -37.6% vs table
I= 1536 T=   256 BM=256,NW=4,WM=2,pipe=il4,D=3,EF=1,diag=bar8,PERS=1              s1   281.1 s2   127.9 total   442.8 | s1 -29.4% vs table
I= 1536 T=   512 table                                                            s1   223.9 s2   133.4 total   385.2 | s1  +0.0% vs table
I= 1536 T=  1024 table                                                            s1   243.1 s2   146.2 total   423.3 | s1  +0.0% vs table
I= 1536 T=  2048 table                                                            s1   262.8 s2   158.8 total   472.7 | s1  +0.0% vs table
I= 1536 T=  2048 BM=256,NW=4,WM=2,pipe=il4,D=3,EF=1,diag=bar8                     s1   317.8 s2   162.2 total   530.0 | s1 -20.9% vs table
I= 1536 T=  2048 BM=256,NW=4,WM=2,pipe=il4,D=3,EF=1,diag=bar8,PERS=1              s1   304.6 s2   161.9 total   516.6 | s1 -15.9% vs table
I= 1536 T=  8192 table                                                            s1   573.3 s2   475.2 total  1090.3 | s1  +0.0% vs table
I= 1536 T=  8192 BM=256,NW=4,WM=2,pipe=il4,D=3,EF=1,diag=bar8                     s1   523.5 s2   471.7 total  1037.4 | s1  +8.7% vs table
I= 1536 T=  8192 BM=256,NW=4,WM=2,pipe=il4,D=3,EF=1,diag=bar8,PERS=1              s1   509.1 s2   475.8 total  1027.0 | s1 +11.2% vs table
I= 1536 T= 16384 table                                                            s1   934.5 s2   850.2 total  1850.5 | s1  +0.0% vs table
I= 1536 T= 16384 BM=256,NW=4,WM=2,pipe=il4,D=3,EF=1,diag=bar8                     s1   883.8 s2   850.1 total  1798.3 | s1  +5.4% vs table
I= 1536 T= 16384 BM=256,NW=4,WM=2,pipe=il4,D=3,EF=1,diag=bar8,PERS=1              s1   844.4 s2   852.3 total  1761.9 | s1  +9.6% vs table
I=  768 T=   256 table                                                            s1   112.0 s2    69.2 total   209.5 | s1  +0.0% vs table
I=  768 T=   256 BM=256,NW=4,WM=2,pipe=il4,D=3,EF=1,diag=bar8                     s1   165.8 s2    69.6 total   269.3 | s1 -48.0% vs table
I=  768 T=   256 BM=256,NW=4,WM=2,pipe=il4,D=3,EF=1,diag=bar8,PERS=1              s1   163.8 s2    70.1 total   268.5 | s1 -46.3% vs table
I=  768 T=   512 table                                                            s1   120.1 s2    74.3 total   223.5 | s1  +0.0% vs table
I=  768 T=   512 BM=256,NW=4,WM=2,pipe=il4,D=3,EF=1,diag=bar8                     s1   168.3 s2    75.1 total   279.1 | s1 -40.1% vs table
I=  768 T=   512 BM=256,NW=4,WM=2,pipe=il4,D=3,EF=1,diag=bar8,PERS=1              s1   165.5 s2    74.5 total   275.6 | s1 -37.8% vs table
I=  768 T=  1024 table                                                            s1   129.5 s2    84.2 total   246.8 | s1  +0.0% vs table
I=  768 T=  1024 BM=256,NW=4,WM=2,pipe=il4,D=3,EF=1,diag=bar8                     s1   172.1 s2    84.1 total   296.2 | s1 -32.9% vs table
I=  768 T=  1024 BM=256,NW=4,WM=2,pipe=il4,D=3,EF=1,diag=bar8,PERS=1              s1   163.0 s2    83.9 total   286.9 | s1 -25.9% vs table
I=  768 T=  2048 table                                                            s1   156.5 s2   128.5 total   315.7 | s1  +0.0% vs table
I=  768 T=  8192 table                                                            s1   295.7 s2   225.5 total   681.3 | s1  +0.0% vs table
I=  768 T=  8192 BM=256,NW=4,WM=2,pipe=il4,D=3,EF=1,diag=bar8                     s1   274.9 s2   226.1 total   656.3 | s1  +7.0% vs table
I=  768 T=  8192 BM=256,NW=4,WM=2,pipe=il4,D=3,EF=1,diag=bar8,PERS=1              s1   265.8 s2   227.0 total   647.1 | s1 +10.1% vs table
I=  768 T= 16384 table                                                            s1   448.3 s2   643.5 total  1159.7 | s1  +0.0% vs table
I=  768 T= 16384 BM=256,NW=4,WM=2,pipe=il4,D=3,EF=1,diag=bar8                     s1   418.1 s2   656.1 total  1140.9 | s1  +6.7% vs table
I=  768 T= 16384 BM=256,NW=4,WM=2,pipe=il4,D=3,EF=1,diag=bar8,PERS=1              s1   414.2 s2   661.8 total  1143.4 | s1  +7.6% vs table
I=  384 T=   256 table                                                            s1    57.7 s2    31.5 total   117.1 | s1  +0.0% vs table
I=  384 T=   256 BM=256,NW=4,WM=2,pipe=il4,D=3,EF=1,diag=bar8                     s1    87.6 s2    31.6 total   152.9 | s1 -51.9% vs table
I=  384 T=   256 BM=256,NW=4,WM=2,pipe=il4,D=3,EF=1,diag=bar8,PERS=1              s1    87.3 s2    31.8 total   152.9 | s1 -51.2% vs table
I=  384 T=   512 table                                                            s1    64.8 s2    34.0 total   127.3 | s1  +0.0% vs table
I=  384 T=  1024 table                                                            s1    68.8 s2    41.5 total   144.3 | s1  +0.0% vs table
I=  384 T=  1024 BM=256,NW=4,WM=2,pipe=il4,D=3,EF=1,diag=bar8                     s1    87.8 s2    41.7 total   169.8 | s1 -27.5% vs table
I=  384 T=  1024 BM=256,NW=4,WM=2,pipe=il4,D=3,EF=1,diag=bar8,PERS=1              s1    86.6 s2    41.5 total   168.4 | s1 -25.8% vs table
I=  384 T=  2048 table                                                            s1    79.4 s2    52.4 total   183.4 | s1  +0.0% vs table
I=  384 T=  2048 BM=256,NW=4,WM=2,pipe=il4,D=3,EF=1,diag=bar8                     s1    90.4 s2    52.9 total   194.4 | s1 -13.9% vs table
I=  384 T=  2048 BM=256,NW=4,WM=2,pipe=il4,D=3,EF=1,diag=bar8,PERS=1              s1    89.0 s2    52.9 total   193.3 | s1 -12.1% vs table
I=  384 T=  8192 table                                                            s1   147.9 s2   134.0 total   444.3 | s1  +0.0% vs table
I=  384 T=  8192 BM=256,NW=4,WM=2,pipe=il4,D=3,EF=1,diag=bar8                     s1   138.0 s2   136.8 total   431.0 | s1  +6.7% vs table
I=  384 T=  8192 BM=256,NW=4,WM=2,pipe=il4,D=3,EF=1,diag=bar8,PERS=1              s1   135.2 s2   137.9 total   433.3 | s1  +8.6% vs table
I=  384 T= 16384 table                                                            s1   251.1 s2   245.1 total   793.6 | s1  +0.0% vs table
I=  384 T= 16384 BM=256,NW=4,WM=2,pipe=il4,D=3,EF=1,diag=bar8                     s1   233.8 s2   249.3 total   777.4 | s1  +6.9% vs table
I=  384 T= 16384 BM=256,NW=4,WM=2,pipe=il4,D=3,EF=1,diag=bar8,PERS=1              s1   225.5 s2   244.3 total   764.6 | s1 +10.2% vs table
