I= 1536 T= 32768 table                                                                  s1  1687.2 s2  1603.2 cb    1.3 total  3418.7 | s2+cb  +0.0% vs table
I= 1536 T= 32768 BM1=256,NW1=4,WM1=2,pipe1=il4,D1=3,EF1=1,MV1=0,diag1=bar8,PERS1=1      s1  1521.2 s2  1591.6 cb    1.3 total  3241.3 | s2+cb  +0.7% vs table
I= 1536 T= 32768 BM1=256,NW1=4,WM1=2,pipe1=il4,D1=3,EF1=1,MV1=0,diag1=bar8,PERS1=1,HT=1 s1  1524.6 s2  1055.4 cb  478.8 total  3183.1 | s2+cb  +4.4% vs table
I= 1536 T= 32768 BM1=256,NW1=4,WM1=2,pipe1=il4,D1=3,EF1=1,MV1=0,diag1=bar8,PERS1=1,HT=1 s1  1542.4 s2  1597.5 cb    1.3 total  3263.8 | s2+cb  +0.4% vs table
I=  768 T= 32768 table                                                                  s1   858.1 s2  1157.4 cb    1.3 total  2143.9 | s2+cb  +0.0% vs table
I=  768 T= 32768 BM1=256,NW1=4,WM1=2,pipe1=il4,D1=3,EF1=1,MV1=0,diag1=bar8,PERS1=1      s1   777.8 s2  1199.1 cb    1.6 total  2105.8 | s2+cb  -3.6% vs table
I=  768 T= 32768 BM1=256,NW1=4,WM1=2,pipe1=il4,D1=3,EF1=1,MV1=0,diag1=bar8,PERS1=1,HT=1 s1   768.4 s2   743.1 cb  475.1 total  2109.6 | s2+cb  -5.1% vs table
I=  768 T= 32768 BM1=256,NW1=4,WM1=2,pipe1=il4,D1=3,EF1=1,MV1=0,diag1=bar8,PERS1=1,HT=1 s1   781.6 s2  1128.9 cb    1.2 total  2038.2 | s2+cb  +2.5% vs table
I=  384 T= 32768 table                                                                  s1   440.8 s2   469.1 cb  452.9 total  1491.0 | s2+cb  +0.0% vs table
I=  384 T= 32768 BM1=256,NW1=4,WM1=2,pipe1=il4,D1=3,EF1=1,MV1=0,diag1=bar8,PERS1=1      s1   410.1 s2   475.0 cb  440.7 total  1453.9 | s2+cb  +0.7% vs table
I=  384 T= 32768 BM1=256,NW1=4,WM1=2,pipe1=il4,D1=3,EF1=1,MV1=0,diag1=bar8,PERS1=1,HT=1 s1   409.0 s2   600.5 cb  453.1 total  1587.0 | s2+cb -14.3% vs table
I=  384 T= 32768 BM1=256,NW1=4,WM1=2,pipe1=il4,D1=3,EF1=1,MV1=0,diag1=bar8,PERS1=1,HT=1 s1   410.7 s2   985.2 cb    2.1 total  1523.7 | s2+cb  -7.1% vs table
I= 1536 T= 32768 table                                                                  s1  1683.3 s2  1599.1 cb    1.7 total  3412.0 | s2+cb  +0.0% vs table
I= 1536 T= 32768 S1il4      s1  1526.2 s2  1596.0 cb    1.7 total  3251.7 | s2+cb  +0.2% vs table
I= 1536 T= 32768 S1il4,HT=1 s1  1521.9 s2  1421.7 cb    1.6 total  3072.1 | s2+cb +11.1% vs table
I= 1536 T= 16384 table                                                                  s1   938.0 s2   860.6 cb    2.3 total  1867.7 | s2+cb  +0.0% vs table
I= 1536 T= 16384 S1il4      s1   863.0 s2   847.6 cb    2.0 total  1778.3 | s2+cb  +1.5% vs table
I= 1536 T= 16384 S1il4,HT=1 s1   863.7 s2   770.7 cb    1.9 total  1702.3 | s2+cb +10.5% vs table
I= 1536 T=  8192 table                                                                  s1   560.5 s2   470.0 cb    1.8 total  1072.7 | s2+cb  +0.0% vs table
I= 1536 T=  8192 S1il4      s1   496.6 s2   473.9 cb    2.0 total  1013.2 | s2+cb  -0.9% vs table
I= 1536 T=  8192 S1il4,HT=1 s1   508.0 s2   433.0 cb    2.1 total   983.2 | s2+cb  +7.8% vs table
I= 1536 T=  4096 table                                                                  s1   344.1 s2   220.5 cb   52.2 total   648.0 | s2+cb  +0.0% vs table
I= 1536 T=  4096 S1il4      s1   324.8 s2   231.4 cb   51.9 total   639.2 | s2+cb  -3.9% vs table
I= 1536 T=  4096 S1il4,HT=1 s1   324.3 s2   281.3 cb    2.0 total   639.8 | s2+cb  -3.8% vs table
I=  768 T= 32768 table                                                                  s1   834.6 s2  1155.7 cb    1.7 total  2119.7 | s2+cb  +0.0% vs table
I=  768 T= 32768 S1il4      s1   765.1 s2  1197.1 cb    1.8 total  2090.7 | s2+cb  -3.6% vs table
I=  768 T= 32768 S1il4,HT=1 s1   766.6 s2  1089.4 cb    1.7 total  1983.5 | s2+cb  +5.7% vs table
I=  768 T= 16384 table                                                                  s1   460.2 s2   624.4 cb    1.9 total  1148.5 | s2+cb  +0.0% vs table
I=  768 T= 16384 S1il4      s1   422.6 s2   637.2 cb    2.0 total  1126.4 | s2+cb  -2.1% vs table
I=  768 T= 16384 S1il4,HT=1 s1   416.9 s2   592.3 cb    1.9 total  1072.8 | s2+cb  +5.1% vs table
I=  768 T=  8192 table                                                                  s1   299.8 s2   239.3 cb  111.6 total   690.6 | s2+cb  +0.0% vs table
I=  768 T=  8192 S1il4      s1   265.9 s2   242.3 cb  119.8 total   667.9 | s2+cb  -3.2% vs table
I=  768 T=  8192 S1il4,HT=1 s1   270.8 s2   341.9 cb    2.1 total   654.9 | s2+cb  +2.0% vs table
