I=  768 T=  2048 table                                                                  s1   147.5 s2   125.7 cb    2.4 total   302.8 | s2+cb  +0.0% vs table
I=  768 T=  2048 BM=64,NW=4,pipe=hybrid2,D=2,diag=wpe3+s2nt+ag64                        s1   147.3 s2    93.9 cb   24.8 total   294.8 | s2+cb  +7.3% vs table
I=  768 T=  2048 BM=64,NW=4,pipe=hybrid2,D=2,diag=wpe3+s2nt+ag64,PERS=1                 s1   147.8 s2   262.9 cb   24.5 total   462.7 | s2+cb -124.4% vs table
I=  768 T=  2048 BM=64,NW=4,pipe=hybrid2,D=2,diag=wpe3+s2nt+ag64,PERS=2                 s1   147.5 s2   193.5 cb   24.6 total   392.9 | s2+cb -70.3% vs table
I=  768 T=  2048 BM=64,NW=4,pipe=hybrid2,D=2,diag=wpe3+s2nt+ag64,PERS=3                 s1   146.3 s2   156.8 cb   24.3 total   354.7 | s2+cb -41.5% vs table
I=  768 T=  8192 table                                                                  s1   295.6 s2   243.3 cb  111.7 total   690.4 | s2+cb  +0.0% vs table
I=  768 T=  8192 BM=64,NW=4,pipe=hybrid2,D=2,diag=wpe3+s2nt+ag64                        s1   295.4 s2   233.6 cb  114.9 total   684.6 | s2+cb  +1.9% vs table
I=  768 T=  8192 BM=64,NW=4,pipe=hybrid2,D=2,diag=wpe3+s2nt+ag64,PERS=1                 s1   293.7 s2   719.0 cb  113.6 total  1166.1 | s2+cb -134.5% vs table
I=  768 T=  8192 BM=64,NW=4,pipe=hybrid2,D=2,diag=wpe3+s2nt+ag64,PERS=2                 s1   299.4 s2   527.3 cb  111.9 total   978.4 | s2+cb -80.0% vs table
I=  768 T=  8192 BM=64,NW=4,pipe=hybrid2,D=2,diag=wpe3+s2nt+ag64,PERS=3                 s1   298.7 s2   414.1 cb  112.1 total   864.8 | s2+cb -48.2% vs table
I= 1536 T=  1024 table                                                                  s1   240.5 s2   145.8 cb   13.3 total   418.8 | s2+cb  +0.0% vs table
I= 1536 T=  1024 BM=64,NW=4,pipe=hybrid2,D=2,diag=wpe3+s2nt+ag64                        s1   240.8 s2   138.6 cb   13.4 total   411.8 | s2+cb  +4.5% vs table
I= 1536 T=  1024 BM=64,NW=4,pipe=hybrid2,D=2,diag=wpe3+s2nt+ag64,PERS=1                 s1   240.6 s2   273.9 cb   13.4 total   547.1 | s2+cb -80.6% vs table
I= 1536 T=  1024 BM=64,NW=4,pipe=hybrid2,D=2,diag=wpe3+s2nt+ag64,PERS=2                 s1   241.4 s2   202.0 cb   13.5 total   476.1 | s2+cb -35.4% vs table
I= 1536 T=  1024 BM=64,NW=4,pipe=hybrid2,D=2,diag=wpe3+s2nt+ag64,PERS=3                 s1   241.6 s2   187.2 cb   13.3 total   461.2 | s2+cb -26.1% vs table
I= 1536 T=  4096 table                                                                  s1   351.9 s2   225.3 cb   51.6 total   659.5 | s2+cb  +0.0% vs table
I= 1536 T=  4096 BM=64,NW=4,pipe=hybrid2,D=2,diag=wpe3+s2nt+ag64                        s1   360.3 s2   241.3 cb   51.4 total   685.4 | s2+cb  -5.7% vs table
I= 1536 T=  4096 BM=64,NW=4,pipe=hybrid2,D=2,diag=wpe3+s2nt+ag64,PERS=1                 s1   351.0 s2   644.1 cb   50.4 total  1076.6 | s2+cb -150.8% vs table
I= 1536 T=  4096 BM=64,NW=4,pipe=hybrid2,D=2,diag=wpe3+s2nt+ag64,PERS=2                 s1   358.1 s2   423.1 cb   49.9 total   861.5 | s2+cb -70.8% vs table
I= 1536 T=  4096 BM=64,NW=4,pipe=hybrid2,D=2,diag=wpe3+s2nt+ag64,PERS=3                 s1   352.1 s2   346.5 cb   52.2 total   781.5 | s2+cb -43.9% vs table
I=  384 T=  8192 table                                                                  s1   145.3 s2   133.5 cb  111.8 total   430.3 | s2+cb  +0.0% vs table
I=  384 T=  8192 BM=64,NW=4,pipe=hybrid2,D=2,diag=wpe3+s2nt+ag64                        s1   145.3 s2   137.4 cb  114.7 total   437.7 | s2+cb  -2.8% vs table
I=  384 T=  8192 BM=64,NW=4,pipe=hybrid2,D=2,diag=wpe3+s2nt+ag64,PERS=1                 s1   146.6 s2   288.4 cb  120.0 total   596.5 | s2+cb -66.5% vs table
I=  384 T=  8192 BM=64,NW=4,pipe=hybrid2,D=2,diag=wpe3+s2nt+ag64,PERS=2                 s1   145.0 s2   291.6 cb  111.4 total   588.0 | s2+cb -64.3% vs table
I=  384 T=  8192 BM=64,NW=4,pipe=hybrid2,D=2,diag=wpe3+s2nt+ag64,PERS=3                 s1   144.6 s2   243.8 cb  111.9 total   540.1 | s2+cb -45.0% vs table
I=  384 T= 32768 table                                                                  s1   457.5 s2   482.6 cb  449.7 total  1518.6 | s2+cb  +0.0% vs table
I=  384 T= 32768 BM=64,NW=4,pipe=hybrid2,D=2,diag=wpe3+s2nt+ag64                        s1   455.8 s2   485.7 cb  448.3 total  1516.1 | s2+cb  -0.2% vs table
I=  384 T= 32768 BM=64,NW=4,pipe=hybrid2,D=2,diag=wpe3+s2nt+ag64,PERS=1                 s1   450.7 s2  1024.8 cb  442.8 total  2046.6 | s2+cb -57.4% vs table
I=  384 T= 32768 BM=64,NW=4,pipe=hybrid2,D=2,diag=wpe3+s2nt+ag64,PERS=2                 s1   451.7 s2   990.3 cb  441.6 total  2011.6 | s2+cb -53.6% vs table
I=  384 T= 32768 BM=64,NW=4,pipe=hybrid2,D=2,diag=wpe3+s2nt+ag64,PERS=3                 s1   456.7 s2   845.8 cb  450.7 total  1878.9 | s2+cb -39.1% vs table
I=  768 T=  2048 table                                                                  s1   146.1 s2   125.7 cb    2.8 total   300.5 | s2+cb  +0.0% vs table
I=  768 T=  2048 BM=64,NW=4,pipe=hybrid2,D=2,diag=wpe3+s2nt+ag64                        s1   147.4 s2    93.6 cb   25.1 total   293.5 | s2+cb  +7.6% vs table
I=  768 T=  2048 BM=64,NW=4,pipe=hybrid2,D=2,diag=wpe3+s2nt+ag64,PERS=2                 s1   149.0 s2    96.6 cb   24.8 total   296.2 | s2+cb  +5.5% vs table
I=  768 T=  2048 BM=64,NW=4,pipe=hybrid2,D=2,diag=wpe3+s2nt+ag64,PERS=3                 s1   147.1 s2    93.9 cb   25.1 total   292.0 | s2+cb  +7.4% vs table
I=  768 T=  8192 table                                                                  s1   290.1 s2   234.2 cb  120.1 total   684.6 | s2+cb  +0.0% vs table
I=  768 T=  8192 BM=64,NW=4,pipe=hybrid2,D=2,diag=wpe3+s2nt+ag64                        s1   289.2 s2   230.4 cb  120.1 total   679.6 | s2+cb  +1.1% vs table
I=  768 T=  8192 BM=64,NW=4,pipe=hybrid2,D=2,diag=wpe3+s2nt+ag64,PERS=2                 s1   291.8 s2   254.9 cb  112.8 total   699.5 | s2+cb  -3.8% vs table
I=  768 T=  8192 BM=64,NW=4,pipe=hybrid2,D=2,diag=wpe3+s2nt+ag64,PERS=3                 s1   290.8 s2   254.8 cb  112.4 total   698.3 | s2+cb  -3.6% vs table
I= 1536 T=  1024 table                                                                  s1   239.2 s2   145.1 cb   13.2 total   417.7 | s2+cb  +0.0% vs table
I= 1536 T=  1024 BM=64,NW=4,pipe=hybrid2,D=2,diag=wpe3+s2nt+ag64                        s1   239.7 s2   138.8 cb   13.3 total   412.3 | s2+cb  +3.9% vs table
I= 1536 T=  1024 BM=64,NW=4,pipe=hybrid2,D=2,diag=wpe3+s2nt+ag64,PERS=2                 s1   240.2 s2   143.7 cb   13.2 total   417.5 | s2+cb  +0.9% vs table
I= 1536 T=  1024 BM=64,NW=4,pipe=hybrid2,D=2,diag=wpe3+s2nt+ag64,PERS=3                 s1   240.0 s2   141.6 cb   13.2 total   414.9 | s2+cb  +2.2% vs table
I=  384 T= 32768 table                                                                  s1   458.0 s2   475.2 cb  449.9 total  1510.4 | s2+cb  +0.0% vs table
I=  384 T= 32768 BM=64,NW=4,pipe=hybrid2,D=2,diag=wpe3+s2nt+ag64                        s1   451.5 s2   485.4 cb  447.9 total  1510.6 | s2+cb  -0.9% vs table
I=  384 T= 32768 BM=64,NW=4,pipe=hybrid2,D=2,diag=wpe3+s2nt+ag64,PERS=2                 s1   451.3 s2   493.8 cb  441.1 total  1513.0 | s2+cb  -1.1% vs table
I=  384 T= 32768 BM=64,NW=4,pipe=hybrid2,D=2,diag=wpe3+s2nt+ag64,PERS=3                 s1   454.6 s2   505.3 cb  441.5 total  1527.5 | s2+cb  -2.3% vs table
I=  768 T=  2048 table                                                                  s1   149.2 s2   123.2 cb    1.7 total   298.9 | s2+cb  +0.0% vs table
I=  768 T=  2048 BM=64,NW=4,pipe=hybrid2,D=2,diag=wpe3+s2nt+ag64                        s1   147.8 s2    92.9 cb   24.9 total   290.9 | s2+cb  +5.6% vs table
I=  768 T=  2048 BM=64,NW=4,pipe=hybrid2,D=2,diag=wpe3+s2nt+ag64+pf,PERS=3              s1   148.1 s2   104.6 cb   24.7 total   302.1 | s2+cb  -3.6% vs table
I=  768 T=  2048 BM=64,NW=4,pipe=hybrid2,D=2,diag=wpe3+s2nt+ag48+pf,PERS=3              s1   147.3 s2   124.1 cb   24.8 total   320.9 | s2+cb -19.2% vs table
I=  768 T=  2048 BM=64,NW=4,pipe=hybrid2,D=2,diag=wpe3+s2nt+ag32+pf,PERS=3              s1   146.7 s2   115.6 cb   24.7 total   311.5 | s2+cb -12.4% vs table
I=  768 T=  2048 BM=64,NW=4,pipe=hybrid2,D=2,diag=wpe3+s2nt+ag64+pf,PERS=2              s1   147.7 s2   105.2 cb   24.5 total   302.0 | s2+cb  -3.9% vs table
I=  768 T=  8192 table                                                                  s1   293.4 s2   302.0 cb  111.4 total   746.4 | s2+cb  +0.0% vs table
I=  768 T=  8192 BM=64,NW=4,pipe=hybrid2,D=2,diag=wpe3+s2nt+ag64                        s1   291.5 s2   233.1 cb  119.5 total   683.8 | s2+cb +14.7% vs table
I=  768 T=  8192 BM=64,NW=4,pipe=hybrid2,D=2,diag=wpe3+s2nt+ag64+pf,PERS=3              s1   292.5 s2   292.9 cb  111.7 total   737.0 | s2+cb  +2.1% vs table
I=  768 T=  8192 BM=64,NW=4,pipe=hybrid2,D=2,diag=wpe3+s2nt+ag48+pf,PERS=3              s1   295.9 s2   364.5 cb  119.9 total   820.4 | s2+cb -17.2% vs table
I=  768 T=  8192 BM=64,NW=4,pipe=hybrid2,D=2,diag=wpe3+s2nt+ag32+pf,PERS=3              s1   291.6 s2   324.2 cb  119.8 total   775.7 | s2+cb  -7.4% vs table
I=  768 T=  8192 BM=64,NW=4,pipe=hybrid2,D=2,diag=wpe3+s2nt+ag64+pf,PERS=2              s1   289.8 s2   284.5 cb  120.1 total   734.3 | s2+cb  +2.1% vs table
I= 1536 T=  1024 table                                                                  s1   239.6 s2   145.7 cb   13.1 total   418.4 | s2+cb  +0.0% vs table
I= 1536 T=  1024 BM=64,NW=4,pipe=hybrid2,D=2,diag=wpe3+s2nt+ag64                        s1   240.0 s2   139.0 cb   13.3 total   411.9 | s2+cb  +4.1% vs table
I= 1536 T=  1024 BM=64,NW=4,pipe=hybrid2,D=2,diag=wpe3+s2nt+ag64+pf,PERS=3              s1   240.2 s2   155.4 cb   13.4 total   428.5 | s2+cb  -6.3% vs table
I= 1536 T=  1024 BM=64,NW=4,pipe=hybrid2,D=2,diag=wpe3+s2nt+ag48+pf,PERS=3              s1   241.7 s2   152.5 cb   13.4 total   428.4 | s2+cb  -4.5% vs table
I= 1536 T=  1024 BM=64,NW=4,pipe=hybrid2,D=2,diag=wpe3+s2nt+ag32+pf,PERS=3              s1   240.7 s2   151.5 cb   13.2 total   425.3 | s2+cb  -3.7% vs table
I= 1536 T=  1024 BM=64,NW=4,pipe=hybrid2,D=2,diag=wpe3+s2nt+ag64+pf,PERS=2              s1   241.7 s2   158.9 cb   13.3 total   433.5 | s2+cb  -8.4% vs table
I=  768 T=  2048 table                                                                  s1   145.1 s2   121.4 cb    2.1 total   296.4 | s2+cb  +0.0% vs table
I=  768 T=  2048 BM=64,NW=4,pipe=hybrid2,D=2,diag=wpe3+s2nt+ag64                        s1   144.7 s2    92.5 cb   24.7 total   290.1 | s2+cb  +5.1% vs table
I=  768 T=  2048 BM=64,NW=4,pipe=hybrid2,D=2,diag=wpe2+s2nt+pf,PERS=2                   s1   146.1 s2    91.7 cb   24.6 total   289.9 | s2+cb  +5.8% vs table
I=  768 T=  2048 BM=64,NW=4,pipe=hybrid2,D=3,diag=wpe2+s2nt+pf,PERS=2                   s1   144.2 s2    92.0 cb   24.5 total   287.7 | s2+cb  +5.7% vs table
I=  768 T=  2048 BM=64,NW=4,pipe=hybrid2,D=3,diag=wpe2+s2nt+ag96+pf,PERS=2              s1   145.7 s2    90.6 cb   24.3 total   287.7 | s2+cb  +7.0% vs table
I=  768 T=  2048 BM=128,NW=4,pipe=hybrid2,D=2,diag=wpe2+s2nt+pf,PERS=2                  s1   146.1 s2   115.6 cb   24.3 total   313.2 | s2+cb -13.3% vs table
I=  768 T=  8192 table                                                                  s1   291.9 s2   235.3 cb  120.2 total   686.7 | s2+cb  +0.0% vs table
I=  768 T=  8192 BM=64,NW=4,pipe=hybrid2,D=2,diag=wpe3+s2nt+ag64                        s1   292.4 s2   235.6 cb  121.2 total   689.2 | s2+cb  -0.4% vs table
I=  768 T=  8192 BM=64,NW=4,pipe=hybrid2,D=2,diag=wpe2+s2nt+pf,PERS=2                   s1   292.2 s2   245.7 cb  112.2 total   690.0 | s2+cb  -0.7% vs table
I=  768 T=  8192 BM=64,NW=4,pipe=hybrid2,D=3,diag=wpe2+s2nt+pf,PERS=2                   s1   294.1 s2   246.2 cb  110.8 total   691.1 | s2+cb  -0.4% vs table
I=  768 T=  8192 BM=64,NW=4,pipe=hybrid2,D=3,diag=wpe2+s2nt+ag96+pf,PERS=2              s1   291.4 s2   244.5 cb  120.1 total   696.0 | s2+cb  -2.6% vs table
I=  768 T=  8192 BM=128,NW=4,pipe=hybrid2,D=2,diag=wpe2+s2nt+pf,PERS=2                  s1   290.5 s2   283.4 cb  119.9 total   733.3 | s2+cb -13.4% vs table
I=  768 T=  2048 table                                                                  s1   148.7 s2   124.6 cb    1.5 total   301.3 | s2+cb  +0.0% vs table
I=  768 T=  2048 BM=64,NW=4,pipe=hybrid2,D=2,diag=wpe3+s2nt+ag64                        s1   147.3 s2    93.1 cb   24.6 total   291.8 | s2+cb  +6.7% vs table
I=  768 T=  2048 BM=64,NW=4,pipe=hybrid2,D=3,diag=wpe2+s2nt+ag96+pf,PERS=2              s1   147.5 s2    92.1 cb   24.5 total   291.2 | s2+cb  +7.6% vs table
I=  768 T=  2048 BM=64,NW=4,pipe=hybrid2,D=3,diag=wpe2+s2nt+ag96+pf+pfb,PERS=2          s1   148.1 s2    91.5 cb   24.5 total   290.4 | s2+cb  +8.0% vs table
I=  768 T=  2048 BM=64,NW=4,pipe=hybrid2,D=2,diag=wpe3+s2nt+ag64+pf+pfb,PERS=3          s1   145.4 s2   116.5 cb   24.5 total   312.8 | s2+cb -11.8% vs table
I=  768 T=  2048 BM=64,NW=4,pipe=hybrid2,D=3,diag=wpe2+s2nt+pf+pfb,PERS=2               s1   147.7 s2    91.8 cb   24.5 total   290.5 | s2+cb  +7.7% vs table
I=  768 T=  8192 table                                                                  s1   292.6 s2   226.3 cb  111.7 total   670.2 | s2+cb  +0.0% vs table
I=  768 T=  8192 BM=64,NW=4,pipe=hybrid2,D=2,diag=wpe3+s2nt+ag64                        s1   296.8 s2   237.7 cb  118.8 total   693.2 | s2+cb  -5.5% vs table
I=  768 T=  8192 BM=64,NW=4,pipe=hybrid2,D=3,diag=wpe2+s2nt+ag96+pf,PERS=2              s1   292.4 s2   248.8 cb  112.3 total   693.4 | s2+cb  -6.8% vs table
I=  768 T=  8192 BM=64,NW=4,pipe=hybrid2,D=3,diag=wpe2+s2nt+ag96+pf+pfb,PERS=2          s1   295.5 s2   254.7 cb  120.0 total   710.4 | s2+cb -10.9% vs table
I=  768 T=  8192 BM=64,NW=4,pipe=hybrid2,D=2,diag=wpe3+s2nt+ag64+pf+pfb,PERS=3          s1   291.7 s2   341.2 cb  119.5 total   792.6 | s2+cb -36.3% vs table
I=  768 T=  8192 BM=64,NW=4,pipe=hybrid2,D=3,diag=wpe2+s2nt+pf+pfb,PERS=2               s1   295.1 s2   256.5 cb  120.2 total   711.6 | s2+cb -11.5% vs table
I= 1536 T=  1024 table                                                                  s1   237.9 s2   145.3 cb   13.2 total   415.4 | s2+cb  +0.0% vs table
I= 1536 T=  1024 BM=64,NW=4,pipe=hybrid2,D=2,diag=wpe3+s2nt+ag64                        s1   238.4 s2   138.7 cb   13.2 total   409.1 | s2+cb  +4.2% vs table
I= 1536 T=  1024 BM=64,NW=4,pipe=hybrid2,D=3,diag=wpe2+s2nt+ag96+pf,PERS=2              s1   239.0 s2   142.8 cb   13.3 total   414.2 | s2+cb  +1.5% vs table
I= 1536 T=  1024 BM=64,NW=4,pipe=hybrid2,D=3,diag=wpe2+s2nt+ag96+pf+pfb,PERS=2          s1   238.6 s2   139.6 cb   13.3 total   410.4 | s2+cb  +3.6% vs table
I= 1536 T=  1024 BM=64,NW=4,pipe=hybrid2,D=2,diag=wpe3+s2nt+ag64+pf+pfb,PERS=3          s1   238.9 s2   147.4 cb   13.2 total   418.6 | s2+cb  -1.3% vs table
I= 1536 T=  1024 BM=64,NW=4,pipe=hybrid2,D=3,diag=wpe2+s2nt+pf+pfb,PERS=2               s1   239.5 s2   142.8 cb   13.4 total   414.8 | s2+cb  +1.4% vs table
I= 1536 T=  4096 table                                                                  s1   343.5 s2   220.1 cb   51.7 total   646.1 | s2+cb  +0.0% vs table
I= 1536 T=  4096 BM=64,NW=4,pipe=hybrid2,D=2,diag=wpe3+s2nt+ag64                        s1   340.8 s2   238.5 cb   51.0 total   661.4 | s2+cb  -6.5% vs table
I= 1536 T=  4096 BM=64,NW=4,pipe=hybrid2,D=3,diag=wpe2+s2nt+ag96+pf,PERS=2              s1   339.2 s2   239.6 cb   50.3 total   660.7 | s2+cb  -6.6% vs table
I= 1536 T=  4096 BM=64,NW=4,pipe=hybrid2,D=3,diag=wpe2+s2nt+ag96+pf+pfb,PERS=2          s1   343.5 s2   250.2 cb   49.6 total   674.4 | s2+cb -10.3% vs table
I= 1536 T=  4096 BM=64,NW=4,pipe=hybrid2,D=2,diag=wpe3+s2nt+ag64+pf+pfb,PERS=3          s1   343.9 s2   299.2 cb   52.0 total   725.9 | s2+cb -29.2% vs table
I= 1536 T=  4096 BM=64,NW=4,pipe=hybrid2,D=3,diag=wpe2+s2nt+pf+pfb,PERS=2               s1   339.9 s2   250.0 cb   50.2 total   670.6 | s2+cb -10.4% vs table
I=  768 T=  2048 table                                                                  s1   147.2 s2   125.2 cb    1.4 total   299.2 | s2+cb  +0.0% vs table
I=  768 T=  2048 BM=64,NW=4,pipe=hybrid2,D=2,diag=wpe3+s2nt+ag64                        s1   148.3 s2    93.3 cb   25.1 total   292.5 | s2+cb  +6.5% vs table
I=  768 T=  2048 BM=64,NW=4,pipe=async2,D=3,diag=wpe3+s2nt                              s1   148.5 s2   103.3 cb   24.6 total   301.4 | s2+cb  -1.0% vs table
I=  768 T=  2048 BM=64,NW=4,pipe=async2,D=3,diag=wpe3+s2nt+pf,PERS=3                    s1   146.4 s2   120.4 cb   24.5 total   316.3 | s2+cb -14.4% vs table
I=  768 T=  2048 BM=64,NW=4,pipe=async2,D=4,diag=wpe3+s2nt+pf,PERS=3                    s1   147.7 s2   105.3 cb   24.6 total   302.5 | s2+cb  -2.5% vs table
I=  768 T=  2048 BM=64,NW=4,pipe=async2,D=3,diag=wpe3+s2nt+pf,PERS=2                    s1   147.8 s2   118.2 cb   24.6 total   315.7 | s2+cb -12.8% vs table
I=  768 T=  8192 table                                                                  s1   294.2 s2   227.3 cb  111.2 total   672.8 | s2+cb  +0.0% vs table
I=  768 T=  8192 BM=64,NW=4,pipe=hybrid2,D=2,diag=wpe3+s2nt+ag64                        s1   291.0 s2   236.3 cb  120.2 total   687.5 | s2+cb  -5.3% vs table
I=  768 T=  8192 BM=64,NW=4,pipe=async2,D=3,diag=wpe3+s2nt                              s1   292.0 s2   271.8 cb  112.8 total   716.8 | s2+cb -13.6% vs table
I=  768 T=  8192 BM=64,NW=4,pipe=async2,D=3,diag=wpe3+s2nt+pf,PERS=3                    s1   292.6 s2   381.6 cb  113.1 total   827.5 | s2+cb -46.1% vs table
I=  768 T=  8192 BM=64,NW=4,pipe=async2,D=4,diag=wpe3+s2nt+pf,PERS=3                    s1   290.3 s2   340.7 cb  112.0 total   782.9 | s2+cb -33.7% vs table
I=  768 T=  8192 BM=64,NW=4,pipe=async2,D=3,diag=wpe3+s2nt+pf,PERS=2                    s1   289.9 s2   367.2 cb  119.9 total   817.2 | s2+cb -43.9% vs table
I= 1536 T=  1024 table                                                                  s1   238.4 s2   144.9 cb   13.1 total   417.1 | s2+cb  +0.0% vs table
I= 1536 T=  1024 BM=64,NW=4,pipe=hybrid2,D=2,diag=wpe3+s2nt+ag64                        s1   238.6 s2   138.5 cb   13.3 total   411.3 | s2+cb  +3.9% vs table
I= 1536 T=  1024 BM=64,NW=4,pipe=async2,D=3,diag=wpe3+s2nt                              s1   239.5 s2   138.4 cb   13.2 total   411.9 | s2+cb  +4.0% vs table
I= 1536 T=  1024 BM=64,NW=4,pipe=async2,D=3,diag=wpe3+s2nt+pf,PERS=3                    s1   239.4 s2   162.1 cb   13.2 total   435.2 | s2+cb -10.9% vs table
I= 1536 T=  1024 BM=64,NW=4,pipe=async2,D=4,diag=wpe3+s2nt+pf,PERS=3                    s1   238.9 s2   140.7 cb   13.2 total   413.5 | s2+cb  +2.6% vs table
I= 1536 T=  1024 BM=64,NW=4,pipe=async2,D=3,diag=wpe3+s2nt+pf,PERS=2                    s1   239.3 s2   160.1 cb   13.2 total   433.5 | s2+cb  -9.8% vs table
I=  384 T= 32768 table                                                                  s1   456.5 s2   472.5 cb  455.2 total  1513.1 | s2+cb  +0.0% vs table
I=  384 T= 32768 BM=64,NW=4,pipe=hybrid2,D=2,diag=wpe3+s2nt+ag64                        s1   451.2 s2   490.5 cb  443.0 total  1512.7 | s2+cb  -0.6% vs table
I=  384 T= 32768 BM=64,NW=4,pipe=async2,D=3,diag=wpe3+s2nt                              s1   451.2 s2   538.5 cb  446.6 total  1565.0 | s2+cb  -6.2% vs table
I=  384 T= 32768 BM=64,NW=4,pipe=async2,D=3,diag=wpe3+s2nt+pf,PERS=3                    s1   445.5 s2   666.2 cb  440.5 total  1679.9 | s2+cb -19.3% vs table
I=  384 T= 32768 BM=64,NW=4,pipe=async2,D=4,diag=wpe3+s2nt+pf,PERS=3                    s1   448.1 s2   702.9 cb  444.1 total  1720.8 | s2+cb -23.6% vs table
I=  384 T= 32768 BM=64,NW=4,pipe=async2,D=3,diag=wpe3+s2nt+pf,PERS=2                    s1   444.6 s2   649.0 cb  478.5 total  1697.3 | s2+cb -21.5% vs table
I=  768 T=  2048 table                                                                  s1   146.8 s2   125.2 cb    1.3 total   298.0 | s2+cb  +0.0% vs table
I=  768 T=  2048 BM=64,NW=4,pipe=hybrid2,D=2,diag=wpe3+s2nt+ag64                        s1   147.5 s2    93.4 cb   24.9 total   291.3 | s2+cb  +6.5% vs table
I=  768 T=  2048 BM=64,NW=4,pipe=hybrid2,D=2,diag=wpe3+s2nt+ag64+pf+pfl,PERS=3          s1   148.4 s2    98.3 cb   24.5 total   296.3 | s2+cb  +2.9% vs table
I=  768 T=  2048 BM=64,NW=4,pipe=hybrid2,D=2,diag=wpe3+s2nt+ag32+pf+pfl,PERS=3          s1   147.7 s2    99.5 cb   24.5 total   296.6 | s2+cb  +2.0% vs table
I=  768 T=  2048 BM=64,NW=4,pipe=hybrid2,D=2,diag=wpe3+s2nt+ag80+pf+pfl,PERS=3          s1   146.2 s2   106.3 cb   24.7 total   301.9 | s2+cb  -3.5% vs table
I=  768 T=  8192 table                                                                  s1   292.3 s2   226.1 cb  111.6 total   669.6 | s2+cb  +0.0% vs table
I=  768 T=  8192 BM=64,NW=4,pipe=hybrid2,D=2,diag=wpe3+s2nt+ag64                        s1   296.3 s2   236.2 cb  119.7 total   692.4 | s2+cb  -5.4% vs table
I=  768 T=  8192 BM=64,NW=4,pipe=hybrid2,D=2,diag=wpe3+s2nt+ag64+pf+pfl,PERS=3          s1   296.7 s2   267.6 cb  111.8 total   716.0 | s2+cb -12.3% vs table
I=  768 T=  8192 BM=64,NW=4,pipe=hybrid2,D=2,diag=wpe3+s2nt+ag32+pf+pfl,PERS=3          s1   293.2 s2   274.6 cb  112.7 total   720.4 | s2+cb -14.7% vs table
I=  768 T=  8192 BM=64,NW=4,pipe=hybrid2,D=2,diag=wpe3+s2nt+ag80+pf+pfl,PERS=3          s1   294.2 s2   285.8 cb  111.8 total   731.6 | s2+cb -17.7% vs table
