I=  384 T=    32     +3.4% / +3.7%  null   0.4/0.9%  BM1=16,NW1=1,pipe1=hybrid2,D1=2,BM2=16,NW2=1,pipe2=hybrid2,D2=2,diag2=nos2w,QP=1
I=  384 T=    64     +5.2% / +5.1%  null   0.2/0.4%  BM1=16,NW1=1,pipe1=hybrid2,D1=8,BM2=16,NW2=1,pipe2=hybrid2,D2=2,diag2=nos2w,QF=1
I=  384 T=   128 keep tiles_v6b (best +1.5% BM1=16,NW1=1,pipe1=hybrid2,D1=8,BM2=16,NW2=1,pipe2=hybrid2,D2=2,diag2=nos2w,QP=1; threshold 2.9%, null 1.0/0.3%)
I=  384 T=   256     +2.9% / +1.3%  null   0.2/0.6%  BM1=16,NW1=1,pipe1=hybrid2,D1=8,BM2=16,NW2=1,pipe2=hybrid2,D2=2,diag2=nos2w,QP=1
I=  384 T=   512             +3.8%  null       0.6%  QP=1
I=  384 T=  1024 keep tiles_v6b (best +3.4% QP=1; threshold 9.1%, null 3.0%)
I=  384 T=  2048 keep tiles_v6b (best +1.2% QP=1; threshold 1.5%, null 0.1%)
I=  384 T=  4096 keep tiles_v6b (best +2.3% QP=1; threshold 2.7%, null 0.9%)
I=  384 T=  8192 keep tiles_v6b (best -1.0% QP=1; threshold 1.5%, null 0.0%)
I=  384 T= 16384 keep tiles_v6b (best -0.4% QP=1; threshold 1.5%, null 0.2%)
I=  384 T= 32768 keep tiles_v6b (best +0.4% QP=1; threshold 1.5%, null 0.2%)
I=  768 T=    32     +2.7% / +1.4%  null   0.6/0.2%  BM1=16,NW1=1,pipe1=hybrid2,D1=8,BM2=16,NW2=1,pipe2=hybrid2,D2=2,diag2=nos2w,QF=1
I=  768 T=    64 keep tiles_v6b (best +1.0% QP=1; threshold 2.3%, null 0.1/0.8%)
I=  768 T=   128     +4.0% / +3.1%  null   0.0/0.4%  BM1=16,NW1=1,pipe1=hybrid2,D1=2,BM2=16,NW2=1,pipe2=hybrid2,D2=2,diag2=nos2w,QP=1
I=  768 T=   256 keep tiles_v6b (best +0.4% BM1=16,NW1=1,pipe1=hybrid2,D1=2,BM2=16,NW2=1,pipe2=hybrid2,D2=2,diag2=nos2w,QP=1; threshold 3.7%, null 1.2/0.1%)
I=  768 T=   512 keep tiles_v6b (best +0.7% QP=1; threshold 1.5%, null 0.2%)
I=  768 T=  1024 keep tiles_v6b (best +2.3% QP=1; threshold 3.5%, null 1.2%)
I=  768 T=  2048 keep tiles_v6b (best +1.2% QP=1; threshold 1.5%, null 0.1%)
I=  768 T=  4096 keep tiles_v6b (best +1.6% QP=1; threshold 3.9%, null 1.3%)
I=  768 T=  8192 keep tiles_v6b (best -1.2% QP=1; threshold 6.7%, null 2.2%)
I=  768 T= 16384 keep tiles_v6b (best +1.4% QP=1; threshold 2.8%, null 0.9%)
I=  768 T= 32768 keep tiles_v6b (best +0.1% QP=1; threshold 2.4%, null 0.8%)
I= 1536 T=    32 keep tiles_v6b (best +0.5% QP=1; threshold 2.0%, null 0.7/0.0%)
I= 1536 T=    64 keep tiles_v6b (best +0.4% QP=1; threshold 1.5%, null 0.2/0.4%)
I= 1536 T=   128 keep tiles_v6b (best +0.4% QP=1; threshold 1.5%, null 0.4/0.0%)
I= 1536 T=   256 keep tiles_v6b (best +0.4% QP=1; threshold 1.5%, null 0.2/0.4%)
I= 1536 T=   512 keep tiles_v6b (best +0.4% QP=1; threshold 1.5%, null 0.2%)
I= 1536 T=  1024 keep tiles_v6b (best +0.9% QP=1; threshold 1.5%, null 0.2%)
I= 1536 T=  2048 keep tiles_v6b (best +0.2% QP=1; threshold 1.5%, null 0.2%)
I= 1536 T=  4096 keep tiles_v6b (best +0.7% QP=1; threshold 2.0%, null 0.7%)
I= 1536 T=  8192 keep tiles_v6b (best +0.1% QP=1; threshold 1.5%, null 0.1%)
I= 1536 T= 16384 keep tiles_v6b (best +0.2% QP=1; threshold 1.5%, null 0.2%)
I= 1536 T= 32768 keep tiles_v6b (best -0.2% QP=1; threshold 1.5%, null 0.0%)
