I=  384 T=    32             +4.9%  null       0.0%  BM=16,NW=1,pipe=hybrid2,D=3,diag=nos2w
I=  384 T=    64             +5.4%  null       0.6%  BM=16,NW=1,pipe=hybrid2,D=2,diag=nos2w
I=  384 T=   128             +3.8%  null       0.3%  BM=16,NW=1,pipe=hybrid2,D=2,diag=nos2w
I=  384 T=   256             +3.3%  null       0.0%  BM=16,NW=1,pipe=hybrid2,D=2,diag=nos2w
I=  768 T=    32             +2.6%  null       0.1%  BM=16,NW=1,pipe=hybrid2,D=3,diag=nos2w
I=  768 T=    64             +4.9%  null       0.2%  BM=16,NW=1,pipe=hybrid2,D=3,diag=nos2w
I=  768 T=   128 keep tiles_v6a (best +0.8% BM=16,NW=1,pipe=hybrid2,D=2,diag=nos2w; threshold 1.7%, null 0.6%)
I=  768 T=   256             +8.3%  null       0.2%  BM=32,NW=2,pipe=hybrid2,D=2,diag=wpe3+s2nt+ag32
I=  768 T=   512             +9.1%  null       0.4%  BM=64,NW=4,pipe=hybrid2,D=2,diag=wpe3+s2nt+ag64
I=  768 T=  1024             +8.7%  null       0.6%  BM=64,NW=4,pipe=hybrid2,D=2,diag=wpe3+s2nt+ag64
I=  768 T=  2048             +2.9%  null       0.2%  BM=64,NW=4,pipe=hybrid2,D=2,diag=wpe3+s2nt+ag64
I=  768 T=  4096 keep tiles_v6a (best +5.5% BM=64,NW=4,pipe=hybrid2,D=2,diag=wpe3+s2nt+ag32; threshold 5.5%, null 1.8%)
I=  768 T=  8192             +2.3%  null       0.4%  BM=256,NW=4,WM=2,pipe=il4,D=3,PERS=1,diag=s2nt,HT=1,FC=1,pipeF=hybrid,BMF=128,NWF=4,WMF=1,DF=3,diagF=agf136
I=  768 T= 16384             +4.7%  null       1.0%  BM=256,NW=4,WM=2,pipe=il4,D=3,PERS=1,diag=s2nt,HT=1,FC=1,pipeF=hybrid,BMF=128,NWF=4,WMF=1,DF=3,diagF=
I=  768 T= 32768 keep tiles_v6a (best +2.9% BM=256,NW=4,WM=2,pipe=il4,D=3,PERS=1,diag=s2nt,HT=1,FC=1,pipeF=hybrid,BMF=128,NWF=4,WMF=1,DF=3,diagF=; threshold 10.5%, null 3.5%)
I= 1536 T=    32             +4.5%  null       0.3%  BM=16,NW=1,pipe=hybrid2,D=3,diag=nos2w
I= 1536 T=    64             +3.4%  null       0.0%  BM=16,NW=1,pipe=hybrid2,D=3,diag=nos2w
I= 1536 T=   128             +1.8%  null       0.3%  BM=16,NW=1,pipe=hybrid2,D=3,diag=nos2w
I= 1536 T=   256             +3.3%  null       0.4%  BM=64,NW=4,pipe=hybrid2,D=2,diag=wpe3+s2nt+ag32
I= 1536 T=   512 keep tiles_v6a (best +1.1% BM=64,NW=4,pipe=hybrid2,D=2,diag=wpe3+s2nt+ag64; threshold 1.5%, null 0.3%)
I= 1536 T=  1024 keep tiles_v6a (best +1.5% BM=64,NW=4,pipe=hybrid2,D=2,diag=wpe3+s2nt+ag64; threshold 1.5%, null 0.2%)
I= 1536 T=  2048 keep tiles_v6a (best -3.4% BM=64,NW=4,pipe=hybrid2,D=2,diag=wpe3+s2nt+ag32; threshold 1.5%, null 0.5%)
I= 1536 T=  4096 keep tiles_v6a (best -0.1% BM=256,NW=4,WM=2,pipe=il4,D=3,PERS=1,diag=s2nt,HT=1,FC=1,pipeF=hybrid,BMF=128,NWF=4,WMF=1,DF=3,diagF=agf136; threshold 1.5%, null 0.1%)
I= 1536 T=  8192             +5.0%  null       1.1%  BM=256,NW=4,WM=2,pipe=il4,D=3,PERS=1,diag=s2nt,HT=1,FC=1,pipeF=hybrid,BMF=128,NWF=4,WMF=1,DF=3,diagF=
I= 1536 T= 16384             +5.2%  null       0.4%  BM=256,NW=4,WM=2,pipe=il4,D=3,PERS=1,diag=s2nt,HT=1,FC=1,pipeF=hybrid,BMF=128,NWF=4,WMF=1,DF=3,diagF=agf136
I= 1536 T= 32768             +7.1%  null       0.0%  BM=256,NW=4,WM=2,pipe=il4,D=3,PERS=1,diag=s2nt,HT=1,FC=1,pipeF=hybrid,BMF=128,NWF=4,WMF=1,DF=3,diagF=agf136
