I=  384 T=    32 | v6     76.5 null     76.5 cand     78.7us | pro   14.1->  15.4 s1    35.9->   36.4 s2    19.6->   19.5 cb    6.9->   7.4 | gain  -2.9% noise  0.0% LOSS | diff 0.0e+00
I=  384 T=    64 | v6     91.2 null     90.9 cand     90.8us | pro   13.5->  13.2 s1    46.6->   46.5 s2    24.3->   24.3 cb    6.8->   6.8 | gain  +0.4% noise  0.4% noise | diff 0.0e+00
I=  384 T=   128 | v6    109.2 null    110.4 cand    111.2us | pro   19.7->  19.9 s1    54.6->   56.2 s2    28.1->   28.2 cb    6.8->   6.9 | gain  -1.8% noise  1.1% noise | diff 0.0e+00
I=  384 T=   256 | v6    109.6 null    109.6 cand    109.9us | pro   13.5->  13.4 s1    58.7->   59.0 s2    30.6->   30.6 cb    6.8->   6.9 | gain  -0.3% noise  0.0% noise | diff 0.0e+00
I=  384 T=   512 | v6    120.1 null    120.1 cand    120.4us | pro   14.1->  14.3 s1    65.0->   65.0 s2    34.0->   33.9 cb    7.0->   7.2 | gain  -0.2% noise  0.1% noise | diff 0.0e+00
I=  384 T=  1024 | v6    145.9 null    144.4 cand    144.0us | pro   20.1->  19.9 s1    71.1->   69.6 s2    41.6->   41.5 cb   13.1->  13.0 | gain  +1.3% noise  1.0% noise | diff 0.0e+00
I=  384 T=  2048 | v6    182.3 null    183.0 cand    182.1us | pro   26.7->  26.4 s1    78.9->   78.4 s2    52.1->   52.3 cb   24.7->  25.0 | gain  +0.1% noise  0.4% noise | diff 0.0e+00
I=  384 T=  4096 | v6    255.0 null    255.2 cand    254.8us | pro   31.4->  30.7 s1    91.5->   91.8 s2    79.3->   80.1 cb   52.7->  52.2 | gain  +0.0% noise  0.1% noise | diff 0.0e+00
I=  384 T=  8192 | v6    433.3 null    434.4 cand    433.4us | pro   40.4->  40.5 s1   135.4->  135.0 s2   136.8->  137.0 cb  120.7-> 120.9 | gain  -0.0% noise  0.2% noise | diff 0.0e+00
I=  384 T= 16384 | v6    779.0 null    784.8 cand    775.5us | pro   66.7->  63.0 s1   227.0->  227.5 s2   244.8->  244.3 cb  240.5-> 240.7 | gain  +0.4% noise  0.7% noise | diff 0.0e+00
I=  384 T= 32768 | v6   1502.4 null   1495.6 cand   1493.2us | pro  129.2-> 128.7 s1   409.0->  403.1 s2   482.9->  480.9 cb  481.3-> 480.4 | gain  +0.6% noise  0.5% noise | diff 0.0e+00
I=  768 T=    32 | v6    123.8 null    124.0 cand    123.9us | pro   13.8->  13.8 s1    71.0->   71.4 s2    31.7->   31.6 cb    7.2->   7.1 | gain  -0.1% noise  0.2% noise | diff 0.0e+00
I=  768 T=    64 | v6    168.8 null    169.9 cand    169.4us | pro   20.9->  20.9 s1    95.9->   96.6 s2    44.9->   44.5 cb    7.1->   7.4 | gain  -0.3% noise  0.6% noise | diff 0.0e+00
I=  768 T=   128 | v6    193.7 null    193.8 cand    194.5us | pro   14.7->  14.6 s1   112.5->  112.7 s2    59.6->   60.1 cb    7.0->   7.1 | gain  -0.4% noise  0.0% noise | diff 0.0e+00
I=  768 T=   256 | v6    207.6 null    206.8 cand    205.8us | pro   20.8->  21.1 s1   115.8->  114.8 s2    63.8->   62.6 cb    7.3->   7.3 | gain  +0.9% noise  0.4% noise | diff 0.0e+00
I=  768 T=   512 | v6    216.4 null    216.8 cand    215.4us | pro   20.8->  20.8 s1   120.5->  119.5 s2    67.8->   67.7 cb    7.2->   7.4 | gain  +0.5% noise  0.2% noise | diff 0.0e+00
I=  768 T=  1024 | v6    239.3 null    239.2 cand    239.1us | pro   20.6->  20.5 s1   129.7->  128.8 s2    75.7->   76.5 cb   13.3->  13.3 | gain  +0.1% noise  0.1% noise | diff 0.0e+00
I=  768 T=  2048 | v6    292.5 null    291.8 cand    292.9us | pro   26.9->  27.1 s1   147.5->  147.6 s2    93.5->   93.5 cb   24.6->  24.7 | gain  -0.2% noise  0.2% noise | diff 0.0e+00
I=  768 T=  4096 | v6    405.3 null    405.7 cand    405.4us | pro   30.0->  30.7 s1   173.6->  172.2 s2   153.8->  154.2 cb   47.9->  48.3 | gain  -0.0% noise  0.1% noise | diff 0.0e+00
I=  768 T=  8192 | v6    648.9 null    655.4 cand    621.7us | pro   39.8->  40.1 s1   262.7->  261.7 s2   345.2->  318.6 cb    1.3->   1.2 | gain  +4.2% noise  1.0% WIN | diff 0.0e+00
I=  768 T= 16384 | v6   1080.6 null   1079.5 cand   1023.3us | pro   65.9->  65.9 s1   410.5->  403.2 s2   603.0->  552.3 cb    1.3->   1.9 | gain  +5.3% noise  0.1% WIN | diff 0.0e+00
I=  768 T= 32768 | v6   2096.3 null   2087.5 cand   1924.2us | pro  128.2-> 126.9 s1   771.5->  759.4 s2  1195.5-> 1036.7 cb    1.2->   1.2 | gain  +8.2% noise  0.4% WIN | diff 0.0e+00
I= 1536 T=    32 | v6    243.6 null    241.8 cand    242.8us | pro   20.6->  20.3 s1   140.7->  139.4 s2    75.2->   75.6 cb    7.1->   7.5 | gain  +0.3% noise  0.7% noise | diff 0.0e+00
I= 1536 T=    64 | v6    327.6 null    329.4 cand    330.6us | pro   20.0->  20.5 s1   196.1->  198.4 s2   104.2->  104.4 cb    7.3->   7.3 | gain  -0.9% noise  0.6% noise | diff 0.0e+00
I= 1536 T=   128 | v6    360.7 null    360.7 cand    361.7us | pro   20.3->  20.3 s1   214.8->  216.2 s2   118.3->  118.0 cb    7.2->   7.2 | gain  -0.3% noise  0.0% noise | diff 0.0e+00
I= 1536 T=   256 | v6    372.1 null    372.7 cand    373.4us | pro   20.8->  20.7 s1   220.5->  221.0 s2   123.7->  124.6 cb    7.1->   7.2 | gain  -0.4% noise  0.1% noise | diff 0.0e+00
I= 1536 T=   512 | v6    390.1 null    389.3 cand    390.9us | pro   20.4->  20.6 s1   230.1->  230.3 s2   131.9->  132.6 cb    7.7->   7.4 | gain  -0.2% noise  0.2% noise | diff 0.0e+00
I= 1536 T=  1024 | v6    427.2 null    428.2 cand    427.8us | pro   20.0->  20.0 s1   249.6->  249.4 s2   144.3->  145.3 cb   13.3->  13.2 | gain  -0.2% noise  0.2% noise | diff 0.0e+00
I= 1536 T=  2048 | v6    478.5 null    479.0 cand    479.5us | pro   26.3->  26.7 s1   266.4->  267.2 s2   161.1->  160.8 cb   24.7->  24.8 | gain  -0.2% noise  0.1% noise | diff 0.0e+00
I= 1536 T=  4096 | v6    642.7 null    639.0 cand    632.2us | pro   31.4->  30.8 s1   329.4->  320.0 s2   230.6->  230.2 cb   51.2->  51.2 | gain  +1.6% noise  0.6% noise | diff 0.0e+00
I= 1536 T=  8192 | v6    996.6 null    995.0 cand    959.2us | pro   40.9->  40.3 s1   510.7->  499.5 s2   443.7->  418.3 cb    1.4->   1.2 | gain  +3.7% noise  0.2% WIN | diff 0.0e+00
I= 1536 T= 16384 | v6   1688.4 null   1695.1 cand   1627.9us | pro   65.9->  65.5 s1   861.3->  845.3 s2   759.9->  715.9 cb    1.3->   1.2 | gain  +3.6% noise  0.4% WIN | diff 0.0e+00
I= 1536 T= 32768 | v6   3070.3 null   3055.1 cand   2944.8us | pro  127.4-> 127.0 s1  1536.5-> 1484.6 s2  1405.2-> 1332.0 cb    1.2->   1.1 | gain  +4.1% noise  0.5% WIN | diff 0.0e+00
