peak 7.43 PF, read 5.87 TB/s, write 5.50 TB/s (stream 5.14, row stores 5.50)
I=  384 T=    32 total    78.7 us | pro    15.4/   0.1   1% mem | s1    36.4/  35.4  97% mem | s2    19.5/  18.0  92% mem | cb     7.4/   0.4   6% mem | mall
                floor current    53.9 ( 69%)  minimal-unfused    53.2 ( 68%) | s1 minimal   35.3 ( 97%) | s2+cb minimal   17.7 mem ( 66% of 26.9)
                s1 on-chip   11.0 (ta, q=0.98, 1 rounds @20/CU) binding   35.4 hbm ( 97%) | s2 on-chip    5.5 (ta, q=0.98, 2 rounds @20/CU) binding   18.0 hbm ( 92%)
I=  384 T=    64 total    90.8 us | pro    13.2/   0.2   1% mem | s1    46.5/  48.1 104% mem | s2    24.3/  24.7 102% mem | cb     6.8/   0.8  12% mem | mall
                floor current    73.8 ( 81%)  minimal-unfused    72.3 ( 80%) | s1 minimal   48.0 (103%) | s2+cb minimal   24.1 mem ( 78% of 31.1)
                s1 on-chip   16.5 (ta, q=0.90, 1 rounds @8/CU) binding   48.1 hbm (104%) | s2 on-chip    7.5 (ta, q=0.98, 3 rounds @20/CU) binding   24.7 hbm (102%)
I=  384 T=   128 total   111.2 us | pro    19.9/   0.3   2% mem | s1    56.2/  54.5  97% mem | s2    28.2/  28.5 101% mem | cb     6.9/   1.6  24% mem | mall
                floor current    85.1 ( 76%)  minimal-unfused    82.0 ( 74%) | s1 minimal   54.3 ( 96%) | s2+cb minimal   27.4 mem ( 78% of 35.1)
                s1 on-chip   19.2 (ta, q=0.90, 1 rounds @7/CU) binding   54.5 hbm ( 97%) | s2 on-chip    8.7 (ta, q=0.98, 3 rounds @20/CU) binding   28.5 hbm (101%)
I=  384 T=   256 total   109.9 us | pro    13.4/   0.7   5% mem | s1    59.0/  55.9  95% mem | s2    30.6/  30.5 100% mem | cb     6.9/   3.3  47% mem | mall
                floor current    90.2 ( 82%)  minimal-unfused    84.1 ( 77%) | s1 minimal   55.3 ( 94%) | s2+cb minimal   28.2 mem ( 75% of 37.5)
                s1 on-chip   19.2 (ta, q=0.97, 1 rounds @8/CU) binding   55.9 hbm ( 95%) | s2 on-chip    9.4 (ta, q=0.98, 3 rounds @20/CU) binding   30.5 hbm (100%)
I=  384 T=   512 total   120.4 us | pro    14.3/   1.4  10% mem | s1    65.0/  56.6  87% mem | s2    33.9/  33.4  98% mem | cb     7.2/   6.5  90% mem | mall
                floor current    97.9 ( 81%)  minimal-unfused    85.6 ( 71%) | s1 minimal   55.5 ( 85%) | s2+cb minimal   28.8 mem ( 70% of 41.1)
                s1 on-chip   21.9 (ta, q=0.80, 1 rounds @2/CU) binding   56.6 hbm ( 87%) | s2 on-chip    8.6 (ta, q=0.96, 4 rounds @7/CU) binding   33.4 hbm ( 98%)
I=  384 T=  1024 total   144.0 us | pro    19.9/   2.8  14% mem | s1    69.6/  58.1  84% mem | s2    41.5/  39.2  94% mem | cb    13.0/  13.0 100% mem | mall
                floor current   113.1 ( 79%)  minimal-unfused    88.6 ( 62%) | s1 minimal   55.9 ( 80%) | s2+cb minimal   30.0 mem ( 55% of 54.5)
                s1 on-chip   21.9 (ta, q=0.84, 1 rounds @2/CU) binding   58.1 hbm ( 84%) | s2 on-chip    9.6 (ta, q=0.96, 4 rounds @4/CU) binding   39.2 hbm ( 94%)
I=  384 T=  2048 total   182.1 us | pro    26.4/   5.5  21% mem | s1    78.4/  61.2  78% mem | s2    52.3/  50.8  97% mem | cb    25.0/  26.0 104% mem | mall
                floor current   143.5 ( 79%)  minimal-unfused    94.6 ( 52%) | s1 minimal   56.6 ( 72%) | s2+cb minimal   32.5 mem ( 42% of 77.3)
                s1 on-chip   28.1 (ta, q=0.84, 2 rounds @1/CU) binding   61.2 hbm ( 78%) | s2 on-chip   14.4 (ta, q=0.98, 7 rounds @3/CU) binding   50.8 hbm ( 97%)
I=  384 T=  4096 total   254.8 us | pro    30.7/  11.0  36% mem | s1    91.8/  67.3  73% mem | s2    80.1/  74.0  92% mem | cb    52.2/  52.0 100% mem | mall
                floor current   204.3 ( 80%)  minimal-unfused   106.6 ( 42%) | s1 minimal   58.1 ( 63%) | s2+cb minimal   37.4 mem ( 28% of 132.3)
                s1 on-chip   44.8 (mfma, q=0.84, 1 rounds @1/CU) binding   67.3 hbm ( 73%) | s2 on-chip   24.7 (ta, q=0.99, 12 rounds @3/CU) binding   74.0 hbm ( 92%)
I=  384 T=  8192 total   433.4 us | pro    40.5/  22.0  54% mem | s1   135.0/  79.4  59% mem | s2   137.0/ 120.5  88% mem | cb   120.9/ 104.1  86% mem
                floor current   326.0 ( 75%)  minimal-unfused   130.5 ( 30%) | s1 minimal   61.2 ( 45%) | s2+cb minimal   47.3 mem ( 18% of 257.9)
                s1 on-chip   67.2 (mfma, q=0.87, 1 rounds @1/CU) binding   79.4 hbm ( 59%) | s2 on-chip   45.3 (ta, q=1.00, 22 rounds @3/CU) binding  120.5 hbm ( 88%)
I=  384 T= 16384 total   775.5 us | pro    63.0/  44.0  70% mem | s1   227.5/ 104.1  46% mfma | s2   244.3/ 213.4  87% mem | cb   240.7/ 208.2  86% mem
                floor current   569.7 ( 73%)  minimal-unfused   215.1 ( 28%) | s1 minimal  104.1 ( 46%) | s2+cb minimal   67.0 mem ( 14% of 485.1)
                s1 on-chip  112.0 (mfma, q=0.90, 1 rounds @1/CU) binding  112.0 mfma ( 49%) | s2 on-chip   86.4 (ta, q=1.00, 42 rounds @3/CU) binding  213.4 hbm ( 87%)
I=  384 T= 32768 total  1493.2 us | pro   128.7/  88.1  68% mem | s1   403.1/ 208.1  52% mfma | s2   480.9/ 399.3  83% mem | cb   480.4/ 416.3  87% mem
                floor current  1111.8 ( 74%)  minimal-unfused   402.6 ( 27%) | s1 minimal  208.1 ( 52%) | s2+cb minimal  106.5 mem ( 11% of 961.3)
                s1 on-chip  201.7 (mfma, q=0.92, 1 rounds @1/CU) binding  208.1 mfma ( 52%) | s2 on-chip  168.7 (ta, q=1.00, 82 rounds @3/CU) binding  399.3 hbm ( 83%)
I=  768 T=    32 total   123.9 us | pro    13.8/   0.1   1% mem | s1    71.4/  70.7  99% mem | s2    31.6/  35.7 113% mem | cb     7.1/   0.4   6% mem | mall
                floor current   106.9 ( 86%)  minimal-unfused   106.1 ( 86%) | s1 minimal   70.6 ( 99%) | s2+cb minimal   35.4 mem ( 92% of 38.7)
                s1 on-chip   21.9 (ta, q=0.98, 1 rounds @8/CU) binding   70.7 hbm ( 99%) | s2 on-chip   11.0 (ta, q=0.98, 2 rounds @20/CU) binding   35.7 hbm (113%)
I=  768 T=    64 total   169.4 us | pro    20.9/   0.2   1% mem | s1    96.6/  96.1  99% mem | s2    44.5/  48.7 109% mem | cb     7.4/   0.8  11% mem | mall
                floor current   145.7 ( 86%)  minimal-unfused   144.2 ( 85%) | s1 minimal   95.9 ( 99%) | s2+cb minimal   48.1 mem ( 93% of 51.9)
                s1 on-chip   30.2 (ta, q=0.98, 1 rounds @16/CU) binding   96.1 hbm ( 99%) | s2 on-chip   15.1 (ta, q=0.98, 3 rounds @16/CU) binding   48.7 hbm (109%)
I=  768 T=   128 total   194.5 us | pro    14.6/   0.3   2% mem | s1   112.7/ 108.7  96% mem | s2    60.1/  55.6  93% mem | cb     7.1/   1.6  23% mem | mall
                floor current   166.4 ( 86%)  minimal-unfused   163.3 ( 84%) | s1 minimal  108.5 ( 96%) | s2+cb minimal   54.5 mem ( 81% of 67.2)
                s1 on-chip   35.7 (ta, q=0.96, 1 rounds @20/CU) binding  108.7 hbm ( 96%) | s2 on-chip   17.5 (ta, q=0.98, 3 rounds @20/CU) binding   55.6 hbm ( 93%)
I=  768 T=   256 total   205.8 us | pro    21.1/   0.7   3% mem | s1   114.8/ 111.0  97% mem | s2    62.6/  58.0  93% mem | cb     7.3/   3.3  45% mem | mall
                floor current   173.0 ( 84%)  minimal-unfused   166.9 ( 81%) | s1 minimal  110.4 ( 96%) | s2+cb minimal   55.8 mem ( 80% of 69.9)
                s1 on-chip   38.4 (ta, q=0.97, 1 rounds @16/CU) binding  111.0 hbm ( 97%) | s2 on-chip   17.8 (ta, q=0.98, 4 rounds @8/CU) binding   58.0 hbm ( 93%)
I=  768 T=   512 total   215.4 us | pro    20.8/   1.4   7% mem | s1   119.5/ 111.8  94% mem | s2    67.7/  61.0  90% mem | cb     7.4/   6.5  88% mem | mall
                floor current   180.7 ( 84%)  minimal-unfused   168.5 ( 78%) | s1 minimal  110.7 ( 93%) | s2+cb minimal   56.4 mem ( 75% of 75.1)
                s1 on-chip   38.4 (ta, q=0.96, 3 rounds @3/CU) binding  111.8 hbm ( 94%) | s2 on-chip   17.8 (ta, q=0.98, 5 rounds @3/CU) binding   61.0 hbm ( 90%)
I=  768 T=  1024 total   239.1 us | pro    20.5/   2.8  13% mem | s1   128.8/ 113.4  88% mem | s2    76.5/  66.9  87% mem | cb    13.3/  13.0  98% mem | mall
                floor current   196.1 ( 82%)  minimal-unfused   171.7 ( 72%) | s1 minimal  111.2 ( 86%) | s2+cb minimal   57.8 mem ( 64% of 89.8)
                s1 on-chip   43.9 (ta, q=0.84, 2 rounds @2/CU) binding  113.4 hbm ( 88%) | s2 on-chip   19.2 (ta, q=0.96, 5 rounds @3/CU) binding   66.9 hbm ( 87%)
I=  768 T=  2048 total   292.9 us | pro    27.1/   5.5  20% mem | s1   147.6/ 116.7  79% mem | s2    93.5/  78.7  84% mem | cb    24.7/  26.0 106% mem | mall
                floor current   226.9 ( 77%)  minimal-unfused   178.0 ( 61%) | s1 minimal  112.1 ( 76%) | s2+cb minimal   60.4 mem ( 51% of 118.2)
                s1 on-chip   56.2 (ta, q=0.84, 4 rounds @1/CU) binding  116.7 hbm ( 79%) | s2 on-chip   28.8 (ta, q=0.98, 7 rounds @3/CU) binding   78.7 hbm ( 84%)
I=  768 T=  4096 total   405.4 us | pro    30.7/  11.0  36% mem | s1   172.2/ 123.1  72% mem | s2   154.2/ 102.3  66% mem | cb    48.3/  52.0 108% mem | mall
                floor current   288.5 ( 71%)  minimal-unfused   190.7 ( 47%) | s1 minimal  114.0 ( 66%) | s2+cb minimal   65.7 mem ( 32% of 202.5)
                s1 on-chip   89.6 (mfma, q=0.84, 1 rounds @1/CU) binding  123.1 hbm ( 72%) | s2 on-chip   36.9 (ta, q=0.99, 11 rounds @2/CU) binding  102.3 hbm ( 66%)
I=  768 T=  8192 total   621.7 us | pro    40.1/  22.0  55% mem | s1   261.7/ 136.0  52% mem | s2   318.6/ 218.1  68% mem
                floor current   376.1 ( 61%)  minimal-unfused   216.1 ( 35%) | s1 minimal  117.8 ( 45%) | s2+cb minimal   76.3 mem ( 24% of 319.9)
                s1 on-chip  134.5 (mfma, q=0.87, 1 rounds @1/CU) binding  136.0 hbm ( 52%) | s2 on-chip   58.8 (mfma, q=0.99, 1 rounds @1/CU) binding  218.1 hbm ( 68%)
I=  768 T= 16384 total  1023.3 us | pro    65.9/  44.0  67% mem | s1   403.2/ 208.1  52% mfma | s2   552.3/ 381.1  69% mem
                floor current   633.2 ( 62%)  minimal-unfused   356.2 ( 35%) | s1 minimal  208.1 ( 52%) | s2+cb minimal  104.1 mfma ( 19% of 554.2)
                s1 on-chip  201.7 (mfma, q=1.00, 1 rounds @1/CU) binding  208.1 mfma ( 52%) | s2 on-chip  100.8 (mfma, q=1.00, 1 rounds @1/CU) binding  381.1 hbm ( 69%)
I=  768 T= 32768 total  1924.2 us | pro   126.9/  88.1  69% mem | s1   759.4/ 416.2  55% mfma | s2  1036.7/ 707.1  68% mem
                floor current  1211.3 ( 63%)  minimal-unfused   712.4 ( 37%) | s1 minimal  416.2 ( 55%) | s2+cb minimal  208.1 mfma ( 20% of 1037.9)
                s1 on-chip  380.9 (mfma, q=0.97, 1 rounds @1/CU) binding  416.2 mfma ( 55%) | s2 on-chip  184.9 (mfma, q=1.00, 1 rounds @1/CU) binding  707.1 hbm ( 68%)
I= 1536 T=    32 total   242.8 us | pro    20.3/   0.1   0% mem | s1   139.4/ 141.4 101% mem | s2    75.6/  71.0  94% mem | cb     7.5/   0.4   5% mem | mall
                floor current   212.8 ( 88%)  minimal-unfused   212.1 ( 87%) | s1 minimal  141.3 (101%) | s2+cb minimal   70.7 mem ( 85% of 83.1)
                s1 on-chip   43.9 (ta, q=0.98, 1 rounds @16/CU) binding  141.4 hbm (101%) | s2 on-chip   21.9 (ta, q=0.98, 2 rounds @16/CU) binding   71.0 hbm ( 94%)
I= 1536 T=    64 total   330.6 us | pro    20.5/   0.2   1% mem | s1   198.4/ 192.0  97% mem | s2   104.4/  96.6  93% mem | cb     7.3/   0.8  11% mem | mall
                floor current   289.6 ( 88%)  minimal-unfused   288.1 ( 87%) | s1 minimal  191.8 ( 97%) | s2+cb minimal   96.1 mem ( 86% of 111.7)
                s1 on-chip   60.4 (ta, q=0.98, 4 rounds @7/CU) binding  192.0 hbm ( 97%) | s2 on-chip   30.2 (ta, q=0.98, 3 rounds @16/CU) binding   96.6 hbm ( 93%)
I= 1536 T=   128 total   361.7 us | pro    20.3/   0.3   2% mem | s1   216.2/ 217.1 100% mem | s2   118.0/ 109.9  93% mem | cb     7.2/   1.6  23% mem | mall
                floor current   328.9 ( 91%)  minimal-unfused   325.9 ( 90%) | s1 minimal  216.8 (100%) | s2+cb minimal  108.7 mem ( 87% of 125.2)
                s1 on-chip   71.3 (ta, q=0.94, 5 rounds @3/CU) binding  217.1 hbm (100%) | s2 on-chip   35.0 (ta, q=0.98, 4 rounds @16/CU) binding  109.9 hbm ( 93%)
I= 1536 T=   256 total   373.4 us | pro    20.7/   0.7   3% mem | s1   221.0/ 221.3 100% mem | s2   124.6/ 113.2  91% mem | cb     7.2/   3.3  45% mem | mall
                floor current   338.4 ( 91%)  minimal-unfused   332.3 ( 89%) | s1 minimal  220.7 (100%) | s2+cb minimal  110.9 mem ( 84% of 131.7)
                s1 on-chip   71.3 (ta, q=0.98, 5 rounds @3/CU) binding  221.3 hbm (100%) | s2 on-chip   35.7 (ta, q=0.95, 5 rounds @3/CU) binding  113.2 hbm ( 91%)
I= 1536 T=   512 total   390.9 us | pro    20.6/   1.4   7% mem | s1   230.3/ 222.2  96% mem | s2   132.6/ 116.3  88% mem | cb     7.4/   6.5  88% mem | mall
                floor current   346.4 ( 89%)  minimal-unfused   334.2 ( 85%) | s1 minimal  221.1 ( 96%) | s2+cb minimal  111.7 mem ( 80% of 139.9)
                s1 on-chip   76.8 (ta, q=0.96, 5 rounds @3/CU) binding  222.2 hbm ( 96%) | s2 on-chip   32.1 (ta, q=0.98, 5 rounds @3/CU) binding  116.3 hbm ( 88%)
I= 1536 T=  1024 total   427.8 us | pro    20.0/   2.8  14% mem | s1   249.4/ 224.0  90% mem | s2   145.3/ 122.4  84% mem | cb    13.2/  13.0  98% mem | mall
                floor current   362.2 ( 85%)  minimal-unfused   337.7 ( 79%) | s1 minimal  221.8 ( 89%) | s2+cb minimal  113.2 mem ( 71% of 158.5)
                s1 on-chip   76.8 (ta, q=0.96, 4 rounds @2/CU) binding  224.0 hbm ( 90%) | s2 on-chip   34.6 (ta, q=0.96, 5 rounds @3/CU) binding  122.4 hbm ( 84%)
I= 1536 T=  2048 total   479.5 us | pro    26.7/   5.5  21% mem | s1   267.2/ 227.6  85% mem | s2   160.8/ 134.5  84% mem | cb    24.8/  26.0 105% mem | mall
                floor current   393.7 ( 82%)  minimal-unfused   344.8 ( 72%) | s1 minimal  223.1 ( 83%) | s2+cb minimal  116.2 mem ( 63% of 185.6)
                s1 on-chip   98.3 (ta, q=0.96, 7 rounds @1/CU) binding  227.6 hbm ( 85%) | s2 on-chip   49.1 (ta, q=0.96, 7 rounds @2/CU) binding  134.5 hbm ( 84%)
I= 1536 T=  4096 total   632.2 us | pro    30.8/  11.0  36% mem | s1   320.0/ 234.9  73% mem | s2   230.2/ 158.8  69% mem | cb    51.2/  52.0 102% mem | mall
                floor current   456.7 ( 72%)  minimal-unfused   359.0 ( 57%) | s1 minimal  225.7 ( 71%) | s2+cb minimal  122.2 mem ( 43% of 281.4)
                s1 on-chip  156.9 (mfma, q=0.96, 1 rounds @1/CU) binding  234.9 hbm ( 73%) | s2 on-chip   73.7 (ta, q=0.99, 11 rounds @2/CU) binding  158.8 hbm ( 69%)
I= 1536 T=  8192 total   959.2 us | pro    40.3/  22.0  55% mem | s1   499.5/ 249.3  50% mem | s2   418.3/ 276.0  66% mem
                floor current   547.4 ( 57%)  minimal-unfused   387.3 ( 40%) | s1 minimal  231.1 ( 46%) | s2+cb minimal  134.2 mem ( 32% of 419.5)
                s1 on-chip  246.5 (mfma, q=0.95, 1 rounds @1/CU) binding  249.3 hbm ( 50%) | s2 on-chip  117.6 (mfma, q=0.99, 1 rounds @1/CU) binding  276.0 hbm ( 66%)
I= 1536 T= 16384 total  1627.9 us | pro    65.5/  44.0  67% mem | s1   845.3/ 416.2  49% mfma | s2   715.9/ 441.9  62% mem
                floor current   902.1 ( 55%)  minimal-unfused   668.3 ( 41%) | s1 minimal  416.2 ( 49%) | s2+cb minimal  208.1 mfma ( 29% of 717.1)
                s1 on-chip  403.4 (mfma, q=1.00, 1 rounds @1/CU) binding  416.2 mfma ( 49%) | s2 on-chip  201.7 (mfma, q=1.00, 1 rounds @1/CU) binding  441.9 hbm ( 62%)
I= 1536 T= 32768 total  2944.8 us | pro   127.0/  88.1  69% mem | s1  1484.6/ 832.4  56% mfma | s2  1332.0/ 773.6  58% mem
                floor current  1694.0 ( 58%)  minimal-unfused  1336.7 ( 45%) | s1 minimal  832.4 ( 56%) | s2+cb minimal  416.2 mfma ( 31% of 1333.1)
                s1 on-chip  739.5 (mfma, q=1.00, 1 rounds @1/CU) binding  832.4 mfma ( 56%) | s2 on-chip  369.7 (mfma, q=1.00, 1 rounds @1/CU) binding  773.6 hbm ( 58%)
