### s2 I=1536 T=32768
OK     table: rel diff 0.00e+00 vs table arm; bit-identical to previous arm: False
OK     table_null: rel diff 0.00e+00 vs table arm; bit-identical to previous arm: True
OK     diag2=s2nt+s2tl: rel diff 0.00e+00 vs table arm; bit-identical to previous arm: True
OK     diag2=s2nt+s2db: rel diff 0.00e+00 vs table arm; bit-identical to previous arm: True
OK     diag2=s2nt+s2tl+s2db: rel diff 0.00e+00 vs table arm; bit-identical to previous arm: True
I= 1536 T= 32768 table                                                                  s1  1523.3 s2  1403.7 cb    1.9 total  3056.8 | s2+cb  +0.0% vs table
I= 1536 T= 32768 table_null                                                             s1  1516.2 s2  1403.2 cb    1.5 total  3048.7 | s2+cb  +0.1% vs table
I= 1536 T= 32768 diag2=s2nt+s2tl                                                        s1  1525.6 s2  1392.5 cb    2.0 total  3046.8 | s2+cb  +0.8% vs table
I= 1536 T= 32768 diag2=s2nt+s2db                                                        s1  1525.7 s2  1409.6 cb    1.7 total  3063.8 | s2+cb  -0.4% vs table
I= 1536 T= 32768 diag2=s2nt+s2tl+s2db                                                   s1  1528.4 s2  1389.9 cb    2.0 total  3048.5 | s2+cb  +1.0% vs table
### s2 I=1536 T=16384
OK     table: rel diff 0.00e+00 vs table arm; bit-identical to previous arm: False
OK     table_null: rel diff 0.00e+00 vs table arm; bit-identical to previous arm: True
OK     diag2=s2nt+s2tl: rel diff 0.00e+00 vs table arm; bit-identical to previous arm: True
OK     diag2=s2nt+s2db: rel diff 0.00e+00 vs table arm; bit-identical to previous arm: True
OK     diag2=s2nt+s2tl+s2db: rel diff 0.00e+00 vs table arm; bit-identical to previous arm: True
I= 1536 T= 16384 table                                                                  s1   870.7 s2   762.2 cb    1.8 total  1696.3 | s2+cb  +0.0% vs table
I= 1536 T= 16384 table_null                                                             s1   864.6 s2   762.2 cb    1.5 total  1694.7 | s2+cb  +0.0% vs table
I= 1536 T= 16384 diag2=s2nt+s2tl                                                        s1   861.2 s2   751.8 cb    1.8 total  1677.2 | s2+cb  +1.4% vs table
I= 1536 T= 16384 diag2=s2nt+s2db                                                        s1   864.9 s2   761.4 cb    1.8 total  1694.5 | s2+cb  +0.1% vs table
I= 1536 T= 16384 diag2=s2nt+s2tl+s2db                                                   s1   862.6 s2   748.1 cb    1.6 total  1678.1 | s2+cb  +1.8% vs table
### s2 I=1536 T=8192
OK     table: rel diff 0.00e+00 vs table arm; bit-identical to previous arm: False
OK     table_null: rel diff 0.00e+00 vs table arm; bit-identical to previous arm: True
OK     diag2=s2nt+s2tl: rel diff 0.00e+00 vs table arm; bit-identical to previous arm: True
OK     diag2=s2nt+s2db: rel diff 0.00e+00 vs table arm; bit-identical to previous arm: True
OK     diag2=s2nt+s2tl+s2db: rel diff 0.00e+00 vs table arm; bit-identical to previous arm: True
I= 1536 T=  8192 table                                                                  s1   514.0 s2   445.6 cb    1.6 total  1001.3 | s2+cb  +0.0% vs table
I= 1536 T=  8192 table_null                                                             s1   511.2 s2   442.6 cb    1.5 total   995.5 | s2+cb  +0.7% vs table
I= 1536 T=  8192 diag2=s2nt+s2tl                                                        s1   513.5 s2   439.2 cb    1.7 total   994.8 | s2+cb  +1.4% vs table
I= 1536 T=  8192 diag2=s2nt+s2db                                                        s1   512.1 s2   442.2 cb    1.7 total   996.4 | s2+cb  +0.8% vs table
I= 1536 T=  8192 diag2=s2nt+s2tl+s2db                                                   s1   511.0 s2   440.5 cb    1.7 total   993.4 | s2+cb  +1.1% vs table
### s2 I=768 T=16384
OK     table: rel diff 0.00e+00 vs table arm; bit-identical to previous arm: False
OK     table_null: rel diff 0.00e+00 vs table arm; bit-identical to previous arm: True
OK     diag2=s2nt+s2tl: rel diff 0.00e+00 vs table arm; bit-identical to previous arm: True
OK     diag2=s2nt+s2db: rel diff 0.00e+00 vs table arm; bit-identical to previous arm: True
OK     diag2=s2nt+s2tl+s2db: rel diff 0.00e+00 vs table arm; bit-identical to previous arm: True
I=  768 T= 16384 table                                                                  s1   405.0 s2   599.6 cb    1.5 total  1069.0 | s2+cb  +0.0% vs table
I=  768 T= 16384 table_null                                                             s1   405.8 s2   599.2 cb    1.3 total  1071.7 | s2+cb  +0.1% vs table
I=  768 T= 16384 diag2=s2nt+s2tl                                                        s1   409.5 s2   592.5 cb    1.3 total  1068.9 | s2+cb  +1.2% vs table
I=  768 T= 16384 diag2=s2nt+s2db                                                        s1   405.2 s2   597.0 cb    1.2 total  1068.8 | s2+cb  +0.5% vs table
I=  768 T= 16384 diag2=s2nt+s2tl+s2db                                                   s1   406.8 s2   586.3 cb    1.3 total  1059.9 | s2+cb  +2.3% vs table
### s2 I=768 T=8192
OK     table: rel diff 0.00e+00 vs table arm; bit-identical to previous arm: False
OK     table_null: rel diff 0.00e+00 vs table arm; bit-identical to previous arm: True
OK     diag2=s2nt+s2tl: rel diff 0.00e+00 vs table arm; bit-identical to previous arm: True
OK     diag2=s2nt+s2db: rel diff 0.00e+00 vs table arm; bit-identical to previous arm: True
OK     diag2=s2nt+s2tl+s2db: rel diff 0.00e+00 vs table arm; bit-identical to previous arm: True
I=  768 T=  8192 table                                                                  s1   263.2 s2   352.1 cb    1.7 total   657.4 | s2+cb  +0.0% vs table
I=  768 T=  8192 table_null                                                             s1   266.1 s2   345.0 cb    1.4 total   652.8 | s2+cb  +2.1% vs table
I=  768 T=  8192 diag2=s2nt+s2tl                                                        s1   263.8 s2   341.9 cb    1.7 total   647.5 | s2+cb  +2.9% vs table
I=  768 T=  8192 diag2=s2nt+s2db                                                        s1   263.0 s2   348.2 cb    1.5 total   652.8 | s2+cb  +1.2% vs table
I=  768 T=  8192 diag2=s2nt+s2tl+s2db                                                   s1   264.4 s2   341.2 cb    1.7 total   647.5 | s2+cb  +3.1% vs table
### s2 repick I=768 T=32768
OK     table: rel diff 0.00e+00 vs table arm; bit-identical to previous arm: False
OK     table_null: rel diff 0.00e+00 vs table arm; bit-identical to previous arm: True
OK     BM=256,NW=4,WM=2,pipe=il4,D=3,PERS=1,HT=1,FC=1,pipeF=hybrid,BMF=128,NWF=4,WMF=1,DF=3,diagF=,diag=s2nt: rel diff 0.00e+00 vs table arm; bit-identical to previous arm: True
OK     BM=256,NW=4,WM=2,pipe=il4,D=3,PERS=1,HT=1,FC=1,pipeF=hybrid,BMF=128,NWF=4,WMF=1,DF=3,diagF=,diag=s2nt+s2tl+s2db: rel diff 0.00e+00 vs table arm; bit-identical to previous arm: True
I=  768 T= 32768 table                                                                  s1   767.9 s2  1196.9 cb    1.7 total  2094.6 | s2+cb  +0.0% vs table
I=  768 T= 32768 table_null                                                             s1   767.5 s2  1194.9 cb    1.7 total  2091.6 | s2+cb  +0.2% vs table
I=  768 T= 32768 BM=256,NW=4,WM=2,pipe=il4,D=3,PERS=1,HT=1,FC=1,pipeF=hybrid,BMF=128,NW s1   766.0 s2  1123.0 cb    1.6 total  2017.0 | s2+cb  +6.2% vs table
I=  768 T= 32768 BM=256,NW=4,WM=2,pipe=il4,D=3,PERS=1,HT=1,FC=1,pipeF=hybrid,BMF=128,NW s1   771.3 s2  1108.2 cb    1.6 total  2008.0 | s2+cb  +7.4% vs table
DONE
