### s1 I=1536 T=32768
OK     table: h_q mismatched bytes 0, h_s 0, out rel diff 0.00e+00
OK     table_null: h_q mismatched bytes 0, h_s 0, out rel diff 0.00e+00
OK     diag1=bar8+ap: h_q mismatched bytes 0, h_s 0, out rel diff 0.00e+00
OK     diag1=bar8+s1tr: h_q mismatched bytes 0, h_s 0, out rel diff 0.00e+00
OK     diag1=bar8+s1tr+epg2: h_q mismatched bytes 0, h_s 0, out rel diff 0.00e+00
OK     diag1=bar8+s1tr+epg4: h_q mismatched bytes 0, h_s 0, out rel diff 0.00e+00
OK     diag1=bar8+s1tr+epg8: h_q mismatched bytes 0, h_s 0, out rel diff 0.00e+00
I= 1536 T= 32768 table                                                            s1  1513.6 s2  1410.8 total  3055.2 | s1  +0.0% vs table
I= 1536 T= 32768 table_null                                                       s1  1518.0 s2  1403.4 total  3050.6 | s1  -0.3% vs table
I= 1536 T= 32768 diag1=bar8+ap                                                    s1  1516.4 s2  1408.5 total  3229.7 | s1  -0.2% vs table
I= 1536 T= 32768 diag1=bar8+s1tr                                                  s1  1470.8 s2  1407.3 total  3007.1 | s1  +2.8% vs table
I= 1536 T= 32768 diag1=bar8+s1tr+epg2                                             s1  1493.7 s2  1403.2 total  3025.9 | s1  +1.3% vs table
I= 1536 T= 32768 diag1=bar8+s1tr+epg4                                             s1  1493.8 s2  1406.9 total  3030.4 | s1  +1.3% vs table
I= 1536 T= 32768 diag1=bar8+s1tr+epg8                                             s1  1489.1 s2  1408.1 total  3027.3 | s1  +1.6% vs table
### s1 I=1536 T=16384
OK     table: h_q mismatched bytes 0, h_s 0, out rel diff 0.00e+00
OK     table_null: h_q mismatched bytes 0, h_s 0, out rel diff 0.00e+00
OK     diag1=bar8+ap: h_q mismatched bytes 0, h_s 0, out rel diff 0.00e+00
OK     diag1=bar8+s1tr: h_q mismatched bytes 0, h_s 0, out rel diff 0.00e+00
OK     diag1=bar8+s1tr+epg2: h_q mismatched bytes 0, h_s 0, out rel diff 0.00e+00
OK     diag1=bar8+s1tr+epg4: h_q mismatched bytes 0, h_s 0, out rel diff 0.00e+00
OK     diag1=bar8+s1tr+epg8: h_q mismatched bytes 0, h_s 0, out rel diff 0.00e+00
I= 1536 T= 16384 table                                                            s1   849.4 s2   763.1 total  1680.1 | s1  +0.0% vs table
I= 1536 T= 16384 table_null                                                       s1   859.6 s2   767.9 total  1695.7 | s1  -1.2% vs table
I= 1536 T= 16384 diag1=bar8+ap                                                    s1   860.5 s2   765.6 total  1775.3 | s1  -1.3% vs table
I= 1536 T= 16384 diag1=bar8+s1tr                                                  s1   851.7 s2   765.2 total  1681.4 | s1  -0.3% vs table
I= 1536 T= 16384 diag1=bar8+s1tr+epg2                                             s1   842.3 s2   762.9 total  1672.8 | s1  +0.8% vs table
I= 1536 T= 16384 diag1=bar8+s1tr+epg4                                             s1   845.2 s2   761.9 total  1674.7 | s1  +0.5% vs table
I= 1536 T= 16384 diag1=bar8+s1tr+epg8                                             s1   839.2 s2   761.0 total  1668.2 | s1  +1.2% vs table
### s1 I=1536 T=8192
OK     table: h_q mismatched bytes 0, h_s 0, out rel diff 0.00e+00
OK     table_null: h_q mismatched bytes 0, h_s 0, out rel diff 0.00e+00
OK     diag1=bar8+ap: h_q mismatched bytes 0, h_s 0, out rel diff 0.00e+00
OK     diag1=bar8+s1tr: h_q mismatched bytes 0, h_s 0, out rel diff 0.00e+00
OK     diag1=bar8+s1tr+epg2: h_q mismatched bytes 0, h_s 0, out rel diff 0.00e+00
OK     diag1=bar8+s1tr+epg4: h_q mismatched bytes 0, h_s 0, out rel diff 0.00e+00
OK     diag1=bar8+s1tr+epg8: h_q mismatched bytes 0, h_s 0, out rel diff 0.00e+00
I= 1536 T=  8192 table                                                            s1   505.3 s2   445.2 total   992.6 | s1  +0.0% vs table
I= 1536 T=  8192 table_null                                                       s1   496.9 s2   444.5 total   983.5 | s1  +1.7% vs table
I= 1536 T=  8192 diag1=bar8+ap                                                    s1   499.2 s2   446.7 total  1015.6 | s1  +1.2% vs table
I= 1536 T=  8192 diag1=bar8+s1tr                                                  s1   501.9 s2   442.3 total   986.5 | s1  +0.7% vs table
I= 1536 T=  8192 diag1=bar8+s1tr+epg2                                             s1   497.6 s2   445.9 total   985.7 | s1  +1.5% vs table
I= 1536 T=  8192 diag1=bar8+s1tr+epg4                                             s1   492.9 s2   443.7 total   978.1 | s1  +2.5% vs table
I= 1536 T=  8192 diag1=bar8+s1tr+epg8                                             s1   497.5 s2   443.7 total   983.4 | s1  +1.5% vs table
### s1 I=1536 T=4096
OK     table: h_q mismatched bytes 0, h_s 0, out rel diff 0.00e+00
OK     table_null: h_q mismatched bytes 0, h_s 0, out rel diff 0.00e+00
OK     diag1=bar8+ap: h_q mismatched bytes 0, h_s 0, out rel diff 0.00e+00
OK     diag1=bar8+s1tr: h_q mismatched bytes 0, h_s 0, out rel diff 0.00e+00
OK     diag1=bar8+s1tr+epg2: h_q mismatched bytes 0, h_s 0, out rel diff 0.00e+00
OK     diag1=bar8+s1tr+epg4: h_q mismatched bytes 0, h_s 0, out rel diff 0.00e+00
OK     diag1=bar8+s1tr+epg8: h_q mismatched bytes 0, h_s 0, out rel diff 0.00e+00
I= 1536 T=  4096 table                                                            s1   324.7 s2   235.0 total   642.3 | s1  +0.0% vs table
I= 1536 T=  4096 table_null                                                       s1   332.8 s2   232.8 total   644.7 | s1  -2.5% vs table
I= 1536 T=  4096 diag1=bar8+ap                                                    s1   322.8 s2   233.2 total   649.5 | s1  +0.6% vs table
I= 1536 T=  4096 diag1=bar8+s1tr                                                  s1   322.1 s2   235.1 total   639.9 | s1  +0.8% vs table
I= 1536 T=  4096 diag1=bar8+s1tr+epg2                                             s1   324.4 s2   235.5 total   643.2 | s1  +0.1% vs table
I= 1536 T=  4096 diag1=bar8+s1tr+epg4                                             s1   325.0 s2   236.4 total   644.2 | s1  -0.1% vs table
I= 1536 T=  4096 diag1=bar8+s1tr+epg8                                             s1   319.0 s2   235.2 total   637.2 | s1  +1.7% vs table
### s1 I=768 T=32768
OK     table: h_q mismatched bytes 0, h_s 0, out rel diff 0.00e+00
OK     table_null: h_q mismatched bytes 0, h_s 0, out rel diff 0.00e+00
OK     diag1=bar8+ap: h_q mismatched bytes 0, h_s 0, out rel diff 0.00e+00
OK     diag1=bar8+s1tr: h_q mismatched bytes 0, h_s 0, out rel diff 0.00e+00
OK     diag1=bar8+s1tr+epg2: h_q mismatched bytes 0, h_s 0, out rel diff 0.00e+00
OK     diag1=bar8+s1tr+epg4: h_q mismatched bytes 0, h_s 0, out rel diff 0.00e+00
OK     diag1=bar8+s1tr+epg8: h_q mismatched bytes 0, h_s 0, out rel diff 0.00e+00
I=  768 T= 32768 table                                                            s1   770.6 s2  1199.7 total  2100.6 | s1  +0.0% vs table
I=  768 T= 32768 table_null                                                       s1   771.3 s2  1197.0 total  2097.9 | s1  -0.1% vs table
I=  768 T= 32768 diag1=bar8+ap                                                    s1   764.6 s2  1199.3 total  2270.4 | s1  +0.8% vs table
I=  768 T= 32768 diag1=bar8+s1tr                                                  s1   756.2 s2  1193.0 total  2078.2 | s1  +1.9% vs table
I=  768 T= 32768 diag1=bar8+s1tr+epg2                                             s1   753.2 s2  1194.4 total  2076.6 | s1  +2.3% vs table
I=  768 T= 32768 diag1=bar8+s1tr+epg4                                             s1   765.5 s2  1199.3 total  2093.1 | s1  +0.7% vs table
I=  768 T= 32768 diag1=bar8+s1tr+epg8                                             s1   760.2 s2  1192.1 total  2081.6 | s1  +1.3% vs table
### s1 I=768 T=16384
OK     table: h_q mismatched bytes 0, h_s 0, out rel diff 0.00e+00
OK     table_null: h_q mismatched bytes 0, h_s 0, out rel diff 0.00e+00
OK     diag1=bar8+ap: h_q mismatched bytes 0, h_s 0, out rel diff 0.00e+00
OK     diag1=bar8+s1tr: h_q mismatched bytes 0, h_s 0, out rel diff 0.00e+00
OK     diag1=bar8+s1tr+epg2: h_q mismatched bytes 0, h_s 0, out rel diff 0.00e+00
OK     diag1=bar8+s1tr+epg4: h_q mismatched bytes 0, h_s 0, out rel diff 0.00e+00
OK     diag1=bar8+s1tr+epg8: h_q mismatched bytes 0, h_s 0, out rel diff 0.00e+00
I=  768 T= 16384 table                                                            s1   402.7 s2   600.6 total  1067.5 | s1  +0.0% vs table
I=  768 T= 16384 table_null                                                       s1   410.0 s2   607.4 total  1085.0 | s1  -1.8% vs table
I=  768 T= 16384 diag1=bar8+ap                                                    s1   406.3 s2   604.8 total  1160.6 | s1  -0.9% vs table
I=  768 T= 16384 diag1=bar8+s1tr                                                  s1   405.2 s2   604.7 total  1077.1 | s1  -0.6% vs table
I=  768 T= 16384 diag1=bar8+s1tr+epg2                                             s1   403.4 s2   600.6 total  1068.2 | s1  -0.2% vs table
I=  768 T= 16384 diag1=bar8+s1tr+epg4                                             s1   398.9 s2   596.8 total  1063.0 | s1  +1.0% vs table
I=  768 T= 16384 diag1=bar8+s1tr+epg8                                             s1   399.3 s2   603.6 total  1070.0 | s1  +0.8% vs table
### s1 I=768 T=8192
OK     table: h_q mismatched bytes 0, h_s 0, out rel diff 0.00e+00
OK     table_null: h_q mismatched bytes 0, h_s 0, out rel diff 0.00e+00
OK     diag1=bar8+ap: h_q mismatched bytes 0, h_s 0, out rel diff 0.00e+00
OK     diag1=bar8+s1tr: h_q mismatched bytes 0, h_s 0, out rel diff 0.00e+00
OK     diag1=bar8+s1tr+epg2: h_q mismatched bytes 0, h_s 0, out rel diff 0.00e+00
OK     diag1=bar8+s1tr+epg4: h_q mismatched bytes 0, h_s 0, out rel diff 0.00e+00
OK     diag1=bar8+s1tr+epg8: h_q mismatched bytes 0, h_s 0, out rel diff 0.00e+00
I=  768 T=  8192 table                                                            s1   264.3 s2   347.8 total   654.2 | s1  +0.0% vs table
I=  768 T=  8192 table_null                                                       s1   264.0 s2   345.8 total   651.5 | s1  +0.1% vs table
I=  768 T=  8192 diag1=bar8+ap                                                    s1   258.6 s2   351.6 total   680.2 | s1  +2.2% vs table
I=  768 T=  8192 diag1=bar8+s1tr                                                  s1   263.7 s2   345.2 total   651.2 | s1  +0.2% vs table
I=  768 T=  8192 diag1=bar8+s1tr+epg2                                             s1   261.0 s2   348.8 total   651.4 | s1  +1.2% vs table
I=  768 T=  8192 diag1=bar8+s1tr+epg4                                             s1   260.9 s2   349.1 total   651.8 | s1  +1.3% vs table
I=  768 T=  8192 diag1=bar8+s1tr+epg8                                             s1   263.5 s2   349.7 total   655.1 | s1  +0.3% vs table
### s1 I=768 T=4096
OK     table: h_q mismatched bytes 0, h_s 0, out rel diff 0.00e+00
OK     table_null: h_q mismatched bytes 0, h_s 0, out rel diff 0.00e+00
OK     diag1=bar8+ap: h_q mismatched bytes 0, h_s 0, out rel diff 0.00e+00
OK     diag1=bar8+s1tr: h_q mismatched bytes 0, h_s 0, out rel diff 0.00e+00
OK     diag1=bar8+s1tr+epg2: h_q mismatched bytes 0, h_s 0, out rel diff 0.00e+00
OK     diag1=bar8+s1tr+epg4: h_q mismatched bytes 0, h_s 0, out rel diff 0.00e+00
OK     diag1=bar8+s1tr+epg8: h_q mismatched bytes 0, h_s 0, out rel diff 0.00e+00
I=  768 T=  4096 table                                                            s1   179.6 s2   166.5 total   428.4 | s1  +0.0% vs table
I=  768 T=  4096 table_null                                                       s1   177.4 s2   154.5 total   409.6 | s1  +1.2% vs table
I=  768 T=  4096 diag1=bar8+ap                                                    s1   180.0 s2   157.3 total   429.3 | s1  -0.2% vs table
I=  768 T=  4096 diag1=bar8+s1tr                                                  s1   175.4 s2   153.7 total   408.7 | s1  +2.3% vs table
I=  768 T=  4096 diag1=bar8+s1tr+epg2                                             s1   172.2 s2   157.1 total   408.4 | s1  +4.1% vs table
I=  768 T=  4096 diag1=bar8+s1tr+epg4                                             s1   173.9 s2   153.4 total   405.0 | s1  +3.2% vs table
I=  768 T=  4096 diag1=bar8+s1tr+epg8                                             s1   171.6 s2   154.2 total   403.5 | s1  +4.5% vs table
### s1 I=384 T=32768
OK     table: h_q mismatched bytes 0, h_s 0, out rel diff 0.00e+00
OK     table_null: h_q mismatched bytes 0, h_s 0, out rel diff 0.00e+00
OK     diag1=bar8+ap: h_q mismatched bytes 0, h_s 0, out rel diff 0.00e+00
OK     diag1=bar8+s1tr: h_q mismatched bytes 0, h_s 0, out rel diff 0.00e+00
OK     diag1=bar8+s1tr+epg2: h_q mismatched bytes 0, h_s 0, out rel diff 0.00e+00
OK     diag1=bar8+s1tr+epg4: h_q mismatched bytes 0, h_s 0, out rel diff 0.00e+00
OK     diag1=bar8+s1tr+epg8: h_q mismatched bytes 0, h_s 0, out rel diff 0.00e+00
I=  384 T= 32768 table                                                            s1   408.3 s2   472.0 total  1490.4 | s1  +0.0% vs table
I=  384 T= 32768 table_null                                                       s1   411.0 s2   483.0 total  1501.2 | s1  -0.7% vs table
I=  384 T= 32768 diag1=bar8+ap                                                    s1   419.5 s2   485.4 total  1688.2 | s1  -2.8% vs table
I=  384 T= 32768 diag1=bar8+s1tr                                                  s1   407.0 s2   474.3 total  1491.7 | s1  +0.3% vs table
I=  384 T= 32768 diag1=bar8+s1tr+epg2                                             s1   402.9 s2   479.1 total  1490.8 | s1  +1.3% vs table
I=  384 T= 32768 diag1=bar8+s1tr+epg4                                             s1   406.5 s2   485.3 total  1498.8 | s1  +0.4% vs table
I=  384 T= 32768 diag1=bar8+s1tr+epg8                                             s1   402.2 s2   476.7 total  1488.5 | s1  +1.5% vs table
### s1 I=384 T=16384
OK     table: h_q mismatched bytes 0, h_s 0, out rel diff 0.00e+00
OK     table_null: h_q mismatched bytes 0, h_s 0, out rel diff 0.00e+00
OK     diag1=bar8+ap: h_q mismatched bytes 0, h_s 0, out rel diff 0.00e+00
OK     diag1=bar8+s1tr: h_q mismatched bytes 0, h_s 0, out rel diff 0.00e+00
OK     diag1=bar8+s1tr+epg2: h_q mismatched bytes 0, h_s 0, out rel diff 0.00e+00
OK     diag1=bar8+s1tr+epg4: h_q mismatched bytes 0, h_s 0, out rel diff 0.00e+00
OK     diag1=bar8+s1tr+epg8: h_q mismatched bytes 0, h_s 0, out rel diff 0.00e+00
I=  384 T= 16384 table                                                            s1   227.4 s2   252.4 total   785.6 | s1  +0.0% vs table
I=  384 T= 16384 table_null                                                       s1   227.9 s2   249.1 total   784.2 | s1  -0.2% vs table
I=  384 T= 16384 diag1=bar8+ap                                                    s1   226.2 s2   252.4 total   866.3 | s1  +0.5% vs table
I=  384 T= 16384 diag1=bar8+s1tr                                                  s1   224.7 s2   250.0 total   780.2 | s1  +1.2% vs table
I=  384 T= 16384 diag1=bar8+s1tr+epg2                                             s1   224.8 s2   245.8 total   776.9 | s1  +1.1% vs table
I=  384 T= 16384 diag1=bar8+s1tr+epg4                                             s1   226.2 s2   248.0 total   781.3 | s1  +0.6% vs table
I=  384 T= 16384 diag1=bar8+s1tr+epg8                                             s1   225.2 s2   246.4 total   778.0 | s1  +1.0% vs table
### s1 I=384 T=8192
OK     table: h_q mismatched bytes 0, h_s 0, out rel diff 0.00e+00
OK     table_null: h_q mismatched bytes 0, h_s 0, out rel diff 0.00e+00
OK     diag1=bar8+ap: h_q mismatched bytes 0, h_s 0, out rel diff 0.00e+00
OK     diag1=bar8+s1tr: h_q mismatched bytes 0, h_s 0, out rel diff 0.00e+00
OK     diag1=bar8+s1tr+epg2: h_q mismatched bytes 0, h_s 0, out rel diff 0.00e+00
OK     diag1=bar8+s1tr+epg4: h_q mismatched bytes 0, h_s 0, out rel diff 0.00e+00
OK     diag1=bar8+s1tr+epg8: h_q mismatched bytes 0, h_s 0, out rel diff 0.00e+00
I=  384 T=  8192 table                                                            s1   135.1 s2   137.0 total   435.3 | s1  +0.0% vs table
I=  384 T=  8192 table_null                                                       s1   135.7 s2   135.6 total   432.6 | s1  -0.4% vs table
I=  384 T=  8192 diag1=bar8+ap                                                    s1   133.1 s2   138.0 total   460.1 | s1  +1.5% vs table
I=  384 T=  8192 diag1=bar8+s1tr                                                  s1   133.2 s2   138.1 total   433.4 | s1  +1.5% vs table
I=  384 T=  8192 diag1=bar8+s1tr+epg2                                             s1   133.5 s2   134.3 total   428.7 | s1  +1.2% vs table
I=  384 T=  8192 diag1=bar8+s1tr+epg4                                             s1   132.6 s2   135.7 total   428.9 | s1  +1.9% vs table
I=  384 T=  8192 diag1=bar8+s1tr+epg8                                             s1   132.6 s2   134.6 total   428.4 | s1  +1.9% vs table
### s1 I=384 T=4096
OK     table: h_q mismatched bytes 0, h_s 0, out rel diff 0.00e+00
OK     table_null: h_q mismatched bytes 0, h_s 0, out rel diff 0.00e+00
OK     diag1=bar8+ap: h_q mismatched bytes 0, h_s 0, out rel diff 0.00e+00
OK     diag1=bar8+s1tr: h_q mismatched bytes 0, h_s 0, out rel diff 0.00e+00
OK     diag1=bar8+s1tr+epg2: h_q mismatched bytes 0, h_s 0, out rel diff 0.00e+00
OK     diag1=bar8+s1tr+epg4: h_q mismatched bytes 0, h_s 0, out rel diff 0.00e+00
OK     diag1=bar8+s1tr+epg8: h_q mismatched bytes 0, h_s 0, out rel diff 0.00e+00
I=  384 T=  4096 table                                                            s1    92.5 s2    79.9 total   256.2 | s1  +0.0% vs table
I=  384 T=  4096 table_null                                                       s1    91.6 s2    80.5 total   256.0 | s1  +1.0% vs table
I=  384 T=  4096 diag1=bar8+ap                                                    s1    92.8 s2    79.8 total   268.8 | s1  -0.4% vs table
I=  384 T=  4096 diag1=bar8+s1tr                                                  s1    90.3 s2    80.3 total   253.0 | s1  +2.4% vs table
I=  384 T=  4096 diag1=bar8+s1tr+epg2                                             s1    93.0 s2    80.4 total   258.2 | s1  -0.5% vs table
I=  384 T=  4096 diag1=bar8+s1tr+epg4                                             s1    90.2 s2    80.3 total   254.3 | s1  +2.5% vs table
I=  384 T=  4096 diag1=bar8+s1tr+epg8                                             s1    90.4 s2    79.5 total   253.4 | s1  +2.2% vs table
DONE
