== pass 2 I=768 T=8192: 5 arms
OK     table: rel diff 0.00e+00 vs table arm; bit-identical to previous arm: False
OK     table_null: rel diff 0.00e+00 vs table arm; bit-identical to previous arm: True
OK     diag2=s2nt+s2tl: rel diff 0.00e+00 vs table arm; bit-identical to previous arm: True
OK     diag2=s2nt+s2tl,diagF=agf136+fcsk: rel diff 0.00e+00 vs table arm; bit-identical to previous arm: True
OK     diag2=s2nt+s2tl+s2db: rel diff 0.00e+00 vs table arm; bit-identical to previous arm: True
OK     diag2=s2nt+s2tl+s2db,diagF=agf136+fcsk: rel diff 0.00e+00 vs table arm; bit-identical to previous arm: True
OK     diagF=agf136+fcsk: rel diff 0.00e+00 vs table arm; bit-identical to previous arm: True
I=  768 T=  8192 table                                                                  s1   261.2 s2   345.1 cb    2.0 total   648.7 | s2+cb  +0.0% vs table
I=  768 T=  8192 table_null                                                             s1   263.1 s2   350.8 cb    2.0 total   656.1 | s2+cb  -1.6% vs table
I=  768 T=  8192 diag2=s2nt+s2tl                                                        s1   260.6 s2   340.8 cb    2.1 total   643.7 | s2+cb  +1.2% vs table
I=  768 T=  8192 diag2=s2nt+s2tl,diagF=agf136+fcsk                                      s1   261.4 s2   320.4 cb    2.0 total   623.9 | s2+cb  +7.1% vs table
I=  768 T=  8192 diag2=s2nt+s2tl+s2db                                                   s1   261.8 s2   339.6 cb    1.9 total   643.7 | s2+cb  +1.6% vs table
I=  768 T=  8192 diag2=s2nt+s2tl+s2db,diagF=agf136+fcsk                                 s1   262.7 s2   319.2 cb    2.0 total   624.1 | s2+cb  +7.5% vs table
I=  768 T=  8192 diagF=agf136+fcsk                                                      s1   261.0 s2   324.7 cb    2.1 total   628.0 | s2+cb  +5.9% vs table
== pass 2 I=768 T=16384: 5 arms
OK     table: rel diff 0.00e+00 vs table arm; bit-identical to previous arm: False
OK     table_null: rel diff 0.00e+00 vs table arm; bit-identical to previous arm: True
OK     diag2=s2nt+s2tl: rel diff 0.00e+00 vs table arm; bit-identical to previous arm: True
OK     diag2=s2nt+s2tl,diagF=fcsk: rel diff 0.00e+00 vs table arm; bit-identical to previous arm: True
OK     diag2=s2nt+s2tl+s2db: rel diff 0.00e+00 vs table arm; bit-identical to previous arm: True
OK     diag2=s2nt+s2tl+s2db,diagF=fcsk: rel diff 0.00e+00 vs table arm; bit-identical to previous arm: True
OK     diagF=fcsk: rel diff 0.00e+00 vs table arm; bit-identical to previous arm: True
I=  768 T= 16384 table                                                                  s1   400.5 s2   601.1 cb    1.7 total  1069.7 | s2+cb  +0.0% vs table
I=  768 T= 16384 table_null                                                             s1   401.1 s2   601.0 cb    1.7 total  1069.6 | s2+cb  +0.0% vs table
I=  768 T= 16384 diag2=s2nt+s2tl                                                        s1   402.3 s2   589.8 cb    1.7 total  1059.6 | s2+cb  +1.9% vs table
I=  768 T= 16384 diag2=s2nt+s2tl,diagF=fcsk                                             s1   400.5 s2   554.3 cb    1.6 total  1021.9 | s2+cb  +7.8% vs table
I=  768 T= 16384 diag2=s2nt+s2tl+s2db                                                   s1   400.4 s2   588.7 cb    1.6 total  1056.4 | s2+cb  +2.1% vs table
I=  768 T= 16384 diag2=s2nt+s2tl+s2db,diagF=fcsk                                        s1   398.2 s2   550.3 cb    1.6 total  1015.5 | s2+cb  +8.4% vs table
I=  768 T= 16384 diagF=fcsk                                                             s1   398.8 s2   565.1 cb    1.7 total  1032.2 | s2+cb  +6.0% vs table
== pass 2 I=768 T=32768: 5 arms
OK     table: rel diff 0.00e+00 vs table arm; bit-identical to previous arm: False
OK     table_null: rel diff 0.00e+00 vs table arm; bit-identical to previous arm: True
OK     BM=256,NW=4,WM=2,pipe=il4,D=3,PERS=1,HT=1,FC=1,pipeF=hybrid,BMF=128,NWF=4,WMF=1,DF=3,diag=s2nt,diagF=: rel diff 0.00e+00 vs table arm; bit-identical to previous arm: True
OK     BM=256,NW=4,WM=2,pipe=il4,D=3,PERS=1,HT=1,FC=1,pipeF=hybrid,BMF=128,NWF=4,WMF=1,DF=3,diag=s2nt,diagF=fcsk: rel diff 0.00e+00 vs table arm; bit-identical to previous arm: True
OK     BM=256,NW=4,WM=2,pipe=il4,D=3,PERS=1,HT=1,FC=1,pipeF=hybrid,BMF=128,NWF=4,WMF=1,DF=3,diag=s2nt+s2tl+s2db,diagF=: rel diff 0.00e+00 vs table arm; bit-identical to previous arm: True
OK     BM=256,NW=4,WM=2,pipe=il4,D=3,PERS=1,HT=1,FC=1,pipeF=hybrid,BMF=128,NWF=4,WMF=1,DF=3,diag=s2nt+s2tl+s2db,diagF=fcsk: rel diff 0.00e+00 vs table arm; bit-identical to previous arm: True
OK     diagF=fcsk: rel diff 0.00e+00 vs table arm; bit-identical to previous arm: True
I=  768 T= 32768 table                                                                  s1   757.2 s2  1196.5 cb    1.5 total  2083.2 | s2+cb  +0.0% vs table
I=  768 T= 32768 table_null                                                             s1   757.2 s2  1195.4 cb    1.6 total  2082.2 | s2+cb  +0.1% vs table
I=  768 T= 32768 BM=256,NW=4,WM=2,pipe=il4,D=3,PERS=1,HT=1,FC=1,pipeF=hybrid,BMF=128,NW s1   760.2 s2  1123.6 cb    1.6 total  2012.9 | s2+cb  +6.1% vs table
I=  768 T= 32768 BM=256,NW=4,WM=2,pipe=il4,D=3,PERS=1,HT=1,FC=1,pipeF=hybrid,BMF=128,NW s1   758.8 s2  1051.2 cb    1.5 total  1938.2 | s2+cb +12.1% vs table
I=  768 T= 32768 BM=256,NW=4,WM=2,pipe=il4,D=3,PERS=1,HT=1,FC=1,pipeF=hybrid,BMF=128,NW s1   754.4 s2  1105.3 cb    1.6 total  1987.8 | s2+cb  +7.6% vs table
I=  768 T= 32768 BM=256,NW=4,WM=2,pipe=il4,D=3,PERS=1,HT=1,FC=1,pipeF=hybrid,BMF=128,NW s1   753.0 s2  1032.5 cb    1.5 total  1913.9 | s2+cb +13.7% vs table
I=  768 T= 32768 diagF=fcsk                                                             s1   754.3 s2  1121.4 cb    1.6 total  2005.4 | s2+cb  +6.3% vs table
== pass 2 I=1536 T=8192: 5 arms
OK     table: rel diff 0.00e+00 vs table arm; bit-identical to previous arm: False
OK     table_null: rel diff 0.00e+00 vs table arm; bit-identical to previous arm: True
OK     diag2=s2nt+s2tl: rel diff 0.00e+00 vs table arm; bit-identical to previous arm: True
OK     diag2=s2nt+s2tl,diagF=fcsk: rel diff 0.00e+00 vs table arm; bit-identical to previous arm: True
OK     diag2=s2nt+s2tl+s2db: rel diff 0.00e+00 vs table arm; bit-identical to previous arm: True
OK     diag2=s2nt+s2tl+s2db,diagF=fcsk: rel diff 0.00e+00 vs table arm; bit-identical to previous arm: True
OK     diagF=fcsk: rel diff 0.00e+00 vs table arm; bit-identical to previous arm: True
I= 1536 T=  8192 table                                                                  s1   497.8 s2   442.4 cb    1.7 total   982.5 | s2+cb  +0.0% vs table
I= 1536 T=  8192 table_null                                                             s1   497.3 s2   441.8 cb    1.6 total   981.5 | s2+cb  +0.2% vs table
I= 1536 T=  8192 diag2=s2nt+s2tl                                                        s1   494.0 s2   434.2 cb    1.7 total   970.0 | s2+cb  +1.8% vs table
I= 1536 T=  8192 diag2=s2nt+s2tl,diagF=fcsk                                             s1   495.8 s2   415.5 cb    1.7 total   953.6 | s2+cb  +6.0% vs table
I= 1536 T=  8192 diag2=s2nt+s2tl+s2db                                                   s1   498.6 s2   436.9 cb    1.8 total   978.0 | s2+cb  +1.2% vs table
I= 1536 T=  8192 diag2=s2nt+s2tl+s2db,diagF=fcsk                                        s1   502.2 s2   414.0 cb    1.7 total   958.4 | s2+cb  +6.4% vs table
I= 1536 T=  8192 diagF=fcsk                                                             s1   502.2 s2   418.4 cb    1.8 total   962.9 | s2+cb  +5.4% vs table
== pass 2 I=1536 T=16384: 5 arms
OK     table: rel diff 0.00e+00 vs table arm; bit-identical to previous arm: False
OK     table_null: rel diff 0.00e+00 vs table arm; bit-identical to previous arm: True
OK     diag2=s2nt+s2tl: rel diff 0.00e+00 vs table arm; bit-identical to previous arm: True
OK     diag2=s2nt+s2tl,diagF=agf136+fcsk: rel diff 0.00e+00 vs table arm; bit-identical to previous arm: True
OK     diag2=s2nt+s2tl+s2db: rel diff 0.00e+00 vs table arm; bit-identical to previous arm: True
OK     diag2=s2nt+s2tl+s2db,diagF=agf136+fcsk: rel diff 0.00e+00 vs table arm; bit-identical to previous arm: True
OK     diagF=agf136+fcsk: rel diff 0.00e+00 vs table arm; bit-identical to previous arm: True
I= 1536 T= 16384 table                                                                  s1   842.6 s2   761.0 cb    2.0 total  1671.9 | s2+cb  +0.0% vs table
I= 1536 T= 16384 table_null                                                             s1   841.8 s2   758.5 cb    2.1 total  1668.0 | s2+cb  +0.3% vs table
I= 1536 T= 16384 diag2=s2nt+s2tl                                                        s1   845.7 s2   751.0 cb    2.0 total  1665.0 | s2+cb  +1.3% vs table
I= 1536 T= 16384 diag2=s2nt+s2tl,diagF=agf136+fcsk                                      s1   845.5 s2   716.5 cb    2.0 total  1631.0 | s2+cb  +5.8% vs table
I= 1536 T= 16384 diag2=s2nt+s2tl+s2db                                                   s1   841.2 s2   749.3 cb    2.0 total  1658.3 | s2+cb  +1.5% vs table
I= 1536 T= 16384 diag2=s2nt+s2tl+s2db,diagF=agf136+fcsk                                 s1   842.3 s2   716.9 cb    2.1 total  1627.4 | s2+cb  +5.8% vs table
I= 1536 T= 16384 diagF=agf136+fcsk                                                      s1   846.9 s2   729.3 cb    2.0 total  1640.6 | s2+cb  +4.2% vs table
== pass 2 I=1536 T=32768: 5 arms
OK     table: rel diff 0.00e+00 vs table arm; bit-identical to previous arm: False
OK     table_null: rel diff 0.00e+00 vs table arm; bit-identical to previous arm: True
OK     diag2=s2nt+s2tl: rel diff 0.00e+00 vs table arm; bit-identical to previous arm: True
OK     diag2=s2nt+s2tl,diagF=agf136+fcsk: rel diff 0.00e+00 vs table arm; bit-identical to previous arm: True
OK     diag2=s2nt+s2tl+s2db: rel diff 0.00e+00 vs table arm; bit-identical to previous arm: True
OK     diag2=s2nt+s2tl+s2db,diagF=agf136+fcsk: rel diff 0.00e+00 vs table arm; bit-identical to previous arm: True
OK     diagF=agf136+fcsk: rel diff 0.00e+00 vs table arm; bit-identical to previous arm: True
I= 1536 T= 32768 table                                                                  s1  1494.4 s2  1414.4 cb    2.2 total  3039.6 | s2+cb  +0.0% vs table
I= 1536 T= 32768 table_null                                                             s1  1487.6 s2  1406.7 cb    2.4 total  3024.6 | s2+cb  +0.5% vs table
I= 1536 T= 32768 diag2=s2nt+s2tl                                                        s1  1487.7 s2  1395.3 cb    2.1 total  3013.1 | s2+cb  +1.4% vs table
I= 1536 T= 32768 diag2=s2nt+s2tl,diagF=agf136+fcsk                                      s1  1485.0 s2  1332.5 cb    2.0 total  2948.4 | s2+cb  +5.8% vs table
I= 1536 T= 32768 diag2=s2nt+s2tl+s2db                                                   s1  1492.8 s2  1395.2 cb    2.3 total  3018.4 | s2+cb  +1.4% vs table
I= 1536 T= 32768 diag2=s2nt+s2tl+s2db,diagF=agf136+fcsk                                 s1  1486.0 s2  1332.2 cb    2.2 total  2947.5 | s2+cb  +5.8% vs table
I= 1536 T= 32768 diagF=agf136+fcsk                                                      s1  1488.5 s2  1343.1 cb    2.0 total  2961.4 | s2+cb  +5.0% vs table
