== pass 1 I=384 T=4096: 4 arms
OK     table: h_q mismatched bytes 0, h_s 0, out rel diff 0.00e+00
OK     table_null: h_q mismatched bytes 0, h_s 0, out rel diff 0.00e+00
OK     diag1=bar8+s1tr: h_q mismatched bytes 0, h_s 0, out rel diff 0.00e+00
OK     diag1=bar8+s1tr+epg2: h_q mismatched bytes 0, h_s 0, out rel diff 0.00e+00
OK     diag1=bar8+s1tr+epg4: h_q mismatched bytes 0, h_s 0, out rel diff 0.00e+00
OK     diag1=bar8+s1tr+epg8: h_q mismatched bytes 0, h_s 0, out rel diff 0.00e+00
I=  384 T=  4096 table                                                            s1    91.6 s2    79.9 total   254.7 | s1  +0.0% vs table
I=  384 T=  4096 table_null                                                       s1    90.0 s2    79.7 total   252.2 | s1  +1.7% vs table
I=  384 T=  4096 diag1=bar8+s1tr                                                  s1    89.0 s2    79.5 total   251.0 | s1  +2.9% vs table
I=  384 T=  4096 diag1=bar8+s1tr+epg2                                             s1    89.8 s2    79.7 total   252.6 | s1  +2.0% vs table
I=  384 T=  4096 diag1=bar8+s1tr+epg4                                             s1    89.7 s2    79.6 total   251.6 | s1  +2.1% vs table
I=  384 T=  4096 diag1=bar8+s1tr+epg8                                             s1    90.2 s2    79.8 total   253.1 | s1  +1.6% vs table
== pass 1 I=1536 T=4096: 4 arms
OK     table: h_q mismatched bytes 0, h_s 0, out rel diff 0.00e+00
OK     table_null: h_q mismatched bytes 0, h_s 0, out rel diff 0.00e+00
OK     diag1=bar8+s1tr: h_q mismatched bytes 0, h_s 0, out rel diff 0.00e+00
OK     diag1=bar8+s1tr+epg2: h_q mismatched bytes 0, h_s 0, out rel diff 0.00e+00
OK     diag1=bar8+s1tr+epg4: h_q mismatched bytes 0, h_s 0, out rel diff 0.00e+00
OK     diag1=bar8+s1tr+epg8: h_q mismatched bytes 0, h_s 0, out rel diff 0.00e+00
I= 1536 T=  4096 table                                                            s1   321.4 s2   229.2 total   633.8 | s1  +0.0% vs table
I= 1536 T=  4096 table_null                                                       s1   325.7 s2   229.6 total   636.0 | s1  -1.3% vs table
I= 1536 T=  4096 diag1=bar8+s1tr                                                  s1   325.0 s2   230.9 total   638.7 | s1  -1.1% vs table
I= 1536 T=  4096 diag1=bar8+s1tr+epg2                                             s1   320.6 s2   231.2 total   634.7 | s1  +0.3% vs table
I= 1536 T=  4096 diag1=bar8+s1tr+epg4                                             s1   321.7 s2   230.0 total   634.5 | s1  -0.1% vs table
I= 1536 T=  4096 diag1=bar8+s1tr+epg8                                             s1   319.0 s2   231.6 total   633.2 | s1  +0.8% vs table
== pass 1 I=1536 T=32768: 4 arms
OK     table: h_q mismatched bytes 0, h_s 0, out rel diff 0.00e+00
OK     table_null: h_q mismatched bytes 0, h_s 0, out rel diff 0.00e+00
OK     diag1=bar8+s1tr: h_q mismatched bytes 0, h_s 0, out rel diff 0.00e+00
OK     diag1=bar8+s1tr+epg2: h_q mismatched bytes 0, h_s 0, out rel diff 0.00e+00
OK     diag1=bar8+s1tr+epg4: h_q mismatched bytes 0, h_s 0, out rel diff 0.00e+00
OK     diag1=bar8+s1tr+epg8: h_q mismatched bytes 0, h_s 0, out rel diff 0.00e+00
I= 1536 T= 32768 table                                                            s1  1514.2 s2  1403.1 total  3046.7 | s1  +0.0% vs table
I= 1536 T= 32768 table_null                                                       s1  1520.6 s2  1400.2 total  3049.1 | s1  -0.4% vs table
I= 1536 T= 32768 diag1=bar8+s1tr                                                  s1  1498.0 s2  1403.5 total  3031.1 | s1  +1.1% vs table
I= 1536 T= 32768 diag1=bar8+s1tr+epg2                                             s1  1463.3 s2  1404.0 total  2996.0 | s1  +3.4% vs table
I= 1536 T= 32768 diag1=bar8+s1tr+epg4                                             s1  1492.9 s2  1408.7 total  3030.3 | s1  +1.4% vs table
I= 1536 T= 32768 diag1=bar8+s1tr+epg8                                             s1  1494.7 s2  1408.5 total  3031.8 | s1  +1.3% vs table
