== pass 1 I=384 T=4096: 4 arms
OK     table: h_q mismatched bytes 0, h_s 0, out rel diff 0.00e+00
OK     table_null: h_q mismatched bytes 0, h_s 0, out rel diff 0.00e+00
OK     diag1=bar8+s1tr: h_q mismatched bytes 0, h_s 0, out rel diff 0.00e+00
OK     diag1=bar8+s1tr+epg2: h_q mismatched bytes 0, h_s 0, out rel diff 0.00e+00
OK     diag1=bar8+s1tr+epg4: h_q mismatched bytes 0, h_s 0, out rel diff 0.00e+00
OK     diag1=bar8+s1tr+epg8: h_q mismatched bytes 0, h_s 0, out rel diff 0.00e+00
I=  384 T=  4096 table                                                            s1    91.4 s2    80.1 total   255.7 | s1  +0.0% vs table
I=  384 T=  4096 table_null                                                       s1    92.7 s2    79.8 total   255.5 | s1  -1.4% vs table
I=  384 T=  4096 diag1=bar8+s1tr                                                  s1    90.6 s2    80.2 total   253.8 | s1  +0.9% vs table
I=  384 T=  4096 diag1=bar8+s1tr+epg2                                             s1    89.8 s2    80.6 total   252.9 | s1  +1.8% vs table
I=  384 T=  4096 diag1=bar8+s1tr+epg4                                             s1    90.0 s2    80.3 total   253.1 | s1  +1.6% vs table
I=  384 T=  4096 diag1=bar8+s1tr+epg8                                             s1    92.3 s2    79.4 total   255.4 | s1  -0.9% vs table
== pass 1 I=384 T=8192: 4 arms
OK     table: h_q mismatched bytes 0, h_s 0, out rel diff 0.00e+00
OK     table_null: h_q mismatched bytes 0, h_s 0, out rel diff 0.00e+00
OK     diag1=bar8+s1tr: h_q mismatched bytes 0, h_s 0, out rel diff 0.00e+00
OK     diag1=bar8+s1tr+epg2: h_q mismatched bytes 0, h_s 0, out rel diff 0.00e+00
OK     diag1=bar8+s1tr+epg4: h_q mismatched bytes 0, h_s 0, out rel diff 0.00e+00
OK     diag1=bar8+s1tr+epg8: h_q mismatched bytes 0, h_s 0, out rel diff 0.00e+00
I=  384 T=  8192 table                                                            s1   135.3 s2   133.6 total   431.2 | s1  +0.0% vs table
I=  384 T=  8192 table_null                                                       s1   134.5 s2   135.9 total   431.6 | s1  +0.6% vs table
I=  384 T=  8192 diag1=bar8+s1tr                                                  s1   132.6 s2   138.7 total   433.3 | s1  +2.0% vs table
I=  384 T=  8192 diag1=bar8+s1tr+epg2                                             s1   133.6 s2   135.4 total   430.1 | s1  +1.3% vs table
I=  384 T=  8192 diag1=bar8+s1tr+epg4                                             s1   130.7 s2   135.7 total   428.4 | s1  +3.4% vs table
I=  384 T=  8192 diag1=bar8+s1tr+epg8                                             s1   133.0 s2   135.8 total   429.8 | s1  +1.7% vs table
== pass 1 I=384 T=16384: 4 arms
OK     table: h_q mismatched bytes 0, h_s 0, out rel diff 0.00e+00
OK     table_null: h_q mismatched bytes 0, h_s 0, out rel diff 0.00e+00
OK     diag1=bar8+s1tr: h_q mismatched bytes 0, h_s 0, out rel diff 0.00e+00
OK     diag1=bar8+s1tr+epg2: h_q mismatched bytes 0, h_s 0, out rel diff 0.00e+00
OK     diag1=bar8+s1tr+epg4: h_q mismatched bytes 0, h_s 0, out rel diff 0.00e+00
OK     diag1=bar8+s1tr+epg8: h_q mismatched bytes 0, h_s 0, out rel diff 0.00e+00
I=  384 T= 16384 table                                                            s1   226.4 s2   248.8 total   782.5 | s1  +0.0% vs table
I=  384 T= 16384 table_null                                                       s1   227.3 s2   247.2 total   780.2 | s1  -0.4% vs table
I=  384 T= 16384 diag1=bar8+s1tr                                                  s1   223.1 s2   249.0 total   779.0 | s1  +1.5% vs table
I=  384 T= 16384 diag1=bar8+s1tr+epg2                                             s1   224.7 s2   245.9 total   774.0 | s1  +0.7% vs table
I=  384 T= 16384 diag1=bar8+s1tr+epg4                                             s1   223.3 s2   247.9 total   777.3 | s1  +1.4% vs table
I=  384 T= 16384 diag1=bar8+s1tr+epg8                                             s1   223.4 s2   249.8 total   778.8 | s1  +1.3% vs table
== pass 1 I=384 T=32768: 4 arms
OK     table: h_q mismatched bytes 0, h_s 0, out rel diff 0.00e+00
OK     table_null: h_q mismatched bytes 0, h_s 0, out rel diff 0.00e+00
OK     diag1=bar8+s1tr: h_q mismatched bytes 0, h_s 0, out rel diff 0.00e+00
OK     diag1=bar8+s1tr+epg2: h_q mismatched bytes 0, h_s 0, out rel diff 0.00e+00
OK     diag1=bar8+s1tr+epg4: h_q mismatched bytes 0, h_s 0, out rel diff 0.00e+00
OK     diag1=bar8+s1tr+epg8: h_q mismatched bytes 0, h_s 0, out rel diff 0.00e+00
I=  384 T= 32768 table                                                            s1   411.5 s2   482.5 total  1503.2 | s1  +0.0% vs table
I=  384 T= 32768 table_null                                                       s1   411.6 s2   481.7 total  1499.9 | s1  -0.0% vs table
I=  384 T= 32768 diag1=bar8+s1tr                                                  s1   402.7 s2   478.8 total  1489.6 | s1  +2.1% vs table
I=  384 T= 32768 diag1=bar8+s1tr+epg2                                             s1   404.9 s2   476.5 total  1489.1 | s1  +1.6% vs table
I=  384 T= 32768 diag1=bar8+s1tr+epg4                                             s1   400.6 s2   478.7 total  1488.6 | s1  +2.6% vs table
I=  384 T= 32768 diag1=bar8+s1tr+epg8                                             s1   403.5 s2   477.1 total  1487.4 | s1  +1.9% vs table
== pass 1 I=768 T=4096: 4 arms
OK     table: h_q mismatched bytes 0, h_s 0, out rel diff 0.00e+00
OK     table_null: h_q mismatched bytes 0, h_s 0, out rel diff 0.00e+00
OK     diag1=bar8+s1tr: h_q mismatched bytes 0, h_s 0, out rel diff 0.00e+00
OK     diag1=bar8+s1tr+epg2: h_q mismatched bytes 0, h_s 0, out rel diff 0.00e+00
OK     diag1=bar8+s1tr+epg4: h_q mismatched bytes 0, h_s 0, out rel diff 0.00e+00
OK     diag1=bar8+s1tr+epg8: h_q mismatched bytes 0, h_s 0, out rel diff 0.00e+00
I=  768 T=  4096 table                                                            s1   174.0 s2   151.9 total   404.4 | s1  +0.0% vs table
I=  768 T=  4096 table_null                                                       s1   174.4 s2   151.4 total   402.9 | s1  -0.2% vs table
I=  768 T=  4096 diag1=bar8+s1tr                                                  s1   172.1 s2   153.6 total   404.1 | s1  +1.1% vs table
I=  768 T=  4096 diag1=bar8+s1tr+epg2                                             s1   172.0 s2   154.0 total   404.5 | s1  +1.2% vs table
I=  768 T=  4096 diag1=bar8+s1tr+epg4                                             s1   171.2 s2   155.0 total   403.7 | s1  +1.6% vs table
I=  768 T=  4096 diag1=bar8+s1tr+epg8                                             s1   173.1 s2   153.9 total   405.3 | s1  +0.5% vs table
== pass 1 I=768 T=8192: 4 arms
OK     table: h_q mismatched bytes 0, h_s 0, out rel diff 0.00e+00
OK     table_null: h_q mismatched bytes 0, h_s 0, out rel diff 0.00e+00
OK     diag1=bar8+s1tr: h_q mismatched bytes 0, h_s 0, out rel diff 0.00e+00
OK     diag1=bar8+s1tr+epg2: h_q mismatched bytes 0, h_s 0, out rel diff 0.00e+00
OK     diag1=bar8+s1tr+epg4: h_q mismatched bytes 0, h_s 0, out rel diff 0.00e+00
OK     diag1=bar8+s1tr+epg8: h_q mismatched bytes 0, h_s 0, out rel diff 0.00e+00
I=  768 T=  8192 table                                                            s1   265.9 s2   348.7 total   656.9 | s1  +0.0% vs table
I=  768 T=  8192 table_null                                                       s1   264.4 s2   350.4 total   656.9 | s1  +0.6% vs table
I=  768 T=  8192 diag1=bar8+s1tr                                                  s1   263.5 s2   349.4 total   655.5 | s1  +0.9% vs table
I=  768 T=  8192 diag1=bar8+s1tr+epg2                                             s1   262.5 s2   349.4 total   654.3 | s1  +1.3% vs table
I=  768 T=  8192 diag1=bar8+s1tr+epg4                                             s1   261.0 s2   351.0 total   654.0 | s1  +1.8% vs table
I=  768 T=  8192 diag1=bar8+s1tr+epg8                                             s1   264.2 s2   350.5 total   657.2 | s1  +0.6% vs table
== pass 1 I=768 T=16384: 4 arms
OK     table: h_q mismatched bytes 0, h_s 0, out rel diff 0.00e+00
OK     table_null: h_q mismatched bytes 0, h_s 0, out rel diff 0.00e+00
OK     diag1=bar8+s1tr: h_q mismatched bytes 0, h_s 0, out rel diff 0.00e+00
OK     diag1=bar8+s1tr+epg2: h_q mismatched bytes 0, h_s 0, out rel diff 0.00e+00
OK     diag1=bar8+s1tr+epg4: h_q mismatched bytes 0, h_s 0, out rel diff 0.00e+00
OK     diag1=bar8+s1tr+epg8: h_q mismatched bytes 0, h_s 0, out rel diff 0.00e+00
I=  768 T= 16384 table                                                            s1   412.3 s2   601.4 total  1082.1 | s1  +0.0% vs table
I=  768 T= 16384 table_null                                                       s1   411.6 s2   604.5 total  1084.1 | s1  +0.2% vs table
I=  768 T= 16384 diag1=bar8+s1tr                                                  s1   404.3 s2   609.5 total  1080.9 | s1  +2.0% vs table
I=  768 T= 16384 diag1=bar8+s1tr+epg2                                             s1   398.5 s2   601.7 total  1068.2 | s1  +3.4% vs table
I=  768 T= 16384 diag1=bar8+s1tr+epg4                                             s1   401.9 s2   602.7 total  1069.6 | s1  +2.5% vs table
I=  768 T= 16384 diag1=bar8+s1tr+epg8                                             s1   401.9 s2   600.2 total  1069.8 | s1  +2.5% vs table
== pass 1 I=768 T=32768: 4 arms
OK     table: h_q mismatched bytes 0, h_s 0, out rel diff 0.00e+00
OK     table_null: h_q mismatched bytes 0, h_s 0, out rel diff 0.00e+00
OK     diag1=bar8+s1tr: h_q mismatched bytes 0, h_s 0, out rel diff 0.00e+00
OK     diag1=bar8+s1tr+epg2: h_q mismatched bytes 0, h_s 0, out rel diff 0.00e+00
OK     diag1=bar8+s1tr+epg4: h_q mismatched bytes 0, h_s 0, out rel diff 0.00e+00
OK     diag1=bar8+s1tr+epg8: h_q mismatched bytes 0, h_s 0, out rel diff 0.00e+00
I=  768 T= 32768 table                                                            s1   778.1 s2  1196.6 total  2103.9 | s1  +0.0% vs table
I=  768 T= 32768 table_null                                                       s1   772.1 s2  1196.4 total  2097.8 | s1  +0.8% vs table
I=  768 T= 32768 diag1=bar8+s1tr                                                  s1   756.8 s2  1196.0 total  2081.6 | s1  +2.7% vs table
I=  768 T= 32768 diag1=bar8+s1tr+epg2                                             s1   754.1 s2  1195.0 total  2078.9 | s1  +3.1% vs table
I=  768 T= 32768 diag1=bar8+s1tr+epg4                                             s1   763.4 s2  1197.4 total  2090.5 | s1  +1.9% vs table
I=  768 T= 32768 diag1=bar8+s1tr+epg8                                             s1   747.0 s2  1196.2 total  2073.1 | s1  +4.0% vs table
== pass 1 I=1536 T=4096: 4 arms
OK     table: h_q mismatched bytes 0, h_s 0, out rel diff 0.00e+00
OK     table_null: h_q mismatched bytes 0, h_s 0, out rel diff 0.00e+00
OK     diag1=bar8+s1tr: h_q mismatched bytes 0, h_s 0, out rel diff 0.00e+00
OK     diag1=bar8+s1tr+epg2: h_q mismatched bytes 0, h_s 0, out rel diff 0.00e+00
OK     diag1=bar8+s1tr+epg4: h_q mismatched bytes 0, h_s 0, out rel diff 0.00e+00
OK     diag1=bar8+s1tr+epg8: h_q mismatched bytes 0, h_s 0, out rel diff 0.00e+00
I= 1536 T=  4096 table                                                            s1   327.2 s2   227.4 total   637.2 | s1  +0.0% vs table
I= 1536 T=  4096 table_null                                                       s1   324.0 s2   227.5 total   633.7 | s1  +1.0% vs table
I= 1536 T=  4096 diag1=bar8+s1tr                                                  s1   324.7 s2   230.7 total   638.5 | s1  +0.8% vs table
I= 1536 T=  4096 diag1=bar8+s1tr+epg2                                             s1   322.2 s2   230.4 total   636.1 | s1  +1.5% vs table
I= 1536 T=  4096 diag1=bar8+s1tr+epg4                                             s1   323.9 s2   230.2 total   638.3 | s1  +1.0% vs table
I= 1536 T=  4096 diag1=bar8+s1tr+epg8                                             s1   320.5 s2   231.7 total   634.2 | s1  +2.0% vs table
== pass 1 I=1536 T=8192: 4 arms
OK     table: h_q mismatched bytes 0, h_s 0, out rel diff 0.00e+00
OK     table_null: h_q mismatched bytes 0, h_s 0, out rel diff 0.00e+00
OK     diag1=bar8+s1tr: h_q mismatched bytes 0, h_s 0, out rel diff 0.00e+00
OK     diag1=bar8+s1tr+epg2: h_q mismatched bytes 0, h_s 0, out rel diff 0.00e+00
OK     diag1=bar8+s1tr+epg4: h_q mismatched bytes 0, h_s 0, out rel diff 0.00e+00
OK     diag1=bar8+s1tr+epg8: h_q mismatched bytes 0, h_s 0, out rel diff 0.00e+00
I= 1536 T=  8192 table                                                            s1   510.3 s2   442.0 total   994.5 | s1  +0.0% vs table
I= 1536 T=  8192 table_null                                                       s1   507.7 s2   447.2 total   996.8 | s1  +0.5% vs table
I= 1536 T=  8192 diag1=bar8+s1tr                                                  s1   509.9 s2   443.1 total   994.9 | s1  +0.1% vs table
I= 1536 T=  8192 diag1=bar8+s1tr+epg2                                             s1   498.7 s2   444.6 total   985.1 | s1  +2.3% vs table
I= 1536 T=  8192 diag1=bar8+s1tr+epg4                                             s1   502.4 s2   440.4 total   984.6 | s1  +1.6% vs table
I= 1536 T=  8192 diag1=bar8+s1tr+epg8                                             s1   500.9 s2   442.3 total   985.1 | s1  +1.8% vs table
== pass 1 I=1536 T=16384: 4 arms
OK     table: h_q mismatched bytes 0, h_s 0, out rel diff 0.00e+00
OK     table_null: h_q mismatched bytes 0, h_s 0, out rel diff 0.00e+00
OK     diag1=bar8+s1tr: h_q mismatched bytes 0, h_s 0, out rel diff 0.00e+00
OK     diag1=bar8+s1tr+epg2: h_q mismatched bytes 0, h_s 0, out rel diff 0.00e+00
OK     diag1=bar8+s1tr+epg4: h_q mismatched bytes 0, h_s 0, out rel diff 0.00e+00
OK     diag1=bar8+s1tr+epg8: h_q mismatched bytes 0, h_s 0, out rel diff 0.00e+00
I= 1536 T= 16384 table                                                            s1   861.4 s2   760.9 total  1690.3 | s1  +0.0% vs table
I= 1536 T= 16384 table_null                                                       s1   857.8 s2   762.1 total  1686.8 | s1  +0.4% vs table
I= 1536 T= 16384 diag1=bar8+s1tr                                                  s1   854.7 s2   761.6 total  1683.8 | s1  +0.8% vs table
I= 1536 T= 16384 diag1=bar8+s1tr+epg2                                             s1   842.5 s2   756.9 total  1666.3 | s1  +2.2% vs table
I= 1536 T= 16384 diag1=bar8+s1tr+epg4                                             s1   856.7 s2   764.9 total  1688.6 | s1  +0.5% vs table
I= 1536 T= 16384 diag1=bar8+s1tr+epg8                                             s1   838.3 s2   760.3 total  1665.9 | s1  +2.7% vs table
== pass 1 I=1536 T=32768: 4 arms
OK     table: h_q mismatched bytes 0, h_s 0, out rel diff 0.00e+00
OK     table_null: h_q mismatched bytes 0, h_s 0, out rel diff 0.00e+00
OK     diag1=bar8+s1tr: h_q mismatched bytes 0, h_s 0, out rel diff 0.00e+00
OK     diag1=bar8+s1tr+epg2: h_q mismatched bytes 0, h_s 0, out rel diff 0.00e+00
OK     diag1=bar8+s1tr+epg4: h_q mismatched bytes 0, h_s 0, out rel diff 0.00e+00
OK     diag1=bar8+s1tr+epg8: h_q mismatched bytes 0, h_s 0, out rel diff 0.00e+00
I= 1536 T= 32768 table                                                            s1  1508.0 s2  1401.0 total  3038.6 | s1  +0.0% vs table
I= 1536 T= 32768 table_null                                                       s1  1520.1 s2  1400.8 total  3050.3 | s1  -0.8% vs table
I= 1536 T= 32768 diag1=bar8+s1tr                                                  s1  1482.6 s2  1406.8 total  3018.4 | s1  +1.7% vs table
I= 1536 T= 32768 diag1=bar8+s1tr+epg2                                             s1  1486.1 s2  1412.4 total  3026.5 | s1  +1.5% vs table
I= 1536 T= 32768 diag1=bar8+s1tr+epg4                                             s1  1483.3 s2  1409.0 total  3022.2 | s1  +1.6% vs table
I= 1536 T= 32768 diag1=bar8+s1tr+epg8                                             s1  1486.4 s2  1406.0 total  3021.3 | s1  +1.4% vs table
